#
# There is insufficient memory for the Java Runtime Environment to continue.
# Native memory allocation (malloc) failed to allocate 298256 bytes. Error detail: Chunk::new
# Possible reasons:
#   The system is out of physical RAM or swap space
#   This process is running with CompressedOops enabled, and the Java Heap may be blocking the growth of the native heap
# Possible solutions:
#   Reduce memory load on the system
#   Increase physical memory or swap space
#   Check if swap backing store is full
#   Decrease Java heap size (-Xmx/-Xms)
#   Decrease number of Java threads
#   Decrease Java thread stack sizes (-Xss)
#   Set larger code cache with -XX:ReservedCodeCacheSize=
#   JVM is running with Zero Based Compressed Oops mode in which the Java heap is
#     placed in the first 32GB address space. The Java Heap base address is the
#     maximum limit for the native heap growth. Please use -XX:HeapBaseMinAddress
#     to set the Java Heap base and to place the Java Heap above 32GB virtual address.
# This output file may be truncated or incomplete.
#
#  Out of Memory Error (arena.cpp:191), pid=29532, tid=22344
#
# JRE version: OpenJDK Runtime Environment Microsoft-11926163 (17.0.16+8) (build 17.0.16+8-LTS)
# Java VM: OpenJDK 64-Bit Server VM Microsoft-11926163 (17.0.16+8-LTS, mixed mode, sharing, tiered, compressed oops, compressed class ptrs, g1 gc, windows-amd64)
# No core dump will be written. Minidumps are not enabled by default on client versions of Windows
#

---------------  S U M M A R Y ------------

Command Line: -javaagent:C:\Users\Aniket.Patil\AppData\Local\Programs\IntelliJ IDEA Community Edition 2025.2.1\lib\idea_rt.jar=61211 -Dfile.encoding=UTF-8 com.eureka_registry_service.EurekaRegistryServiceApplication

Host: 11th Gen Intel(R) Core(TM) i5-1135G7 @ 2.40GHz, 8 cores, 15G,  Windows 11 , 64 bit Build 26100 (10.0.26100.7019)
Time: Thu Nov 27 17:34:57 2025 India Standard Time elapsed time: 560.849585 seconds (0d 0h 9m 20s)

---------------  T H R E A D  ---------------

Current thread (0x000001ab732eeb60):  JavaThread "C2 CompilerThread0" daemon [_thread_in_native, id=22344, stack(0x0000009daaa00000,0x0000009daab00000)]


Current CompileTask:
C2: 560849 8874       4       com.fasterxml.jackson.core.json.UTF8StreamJsonParser::nextToken (530 bytes)

Stack: [0x0000009daaa00000,0x0000009daab00000]
Native frames: (J=compiled Java code, j=interpreted, Vv=VM code, C=native code)
V  [jvm.dll+0x68ee19]
V  [jvm.dll+0x846249]
V  [jvm.dll+0x847fb8]
V  [jvm.dll+0x848643]
V  [jvm.dll+0x24cf6f]
V  [jvm.dll+0xaecb6]
V  [jvm.dll+0xaf35c]
V  [jvm.dll+0x2b4baf]
V  [jvm.dll+0x594a14]
V  [jvm.dll+0x226d84]
V  [jvm.dll+0x22718d]
V  [jvm.dll+0x220193]
V  [jvm.dll+0x21d260]
V  [jvm.dll+0x1a8ce6]
V  [jvm.dll+0x22db1b]
V  [jvm.dll+0x22bca6]
V  [jvm.dll+0x7fba9b]
V  [jvm.dll+0x7f5e9c]
V  [jvm.dll+0x68dd27]
C  [ucrtbase.dll+0x37b0]
C  [KERNEL32.DLL+0x2e8d7]
C  [ntdll.dll+0x8c53c]


---------------  P R O C E S S  ---------------

Threads class SMR info:
_java_thread_list=0x000001ab795cce20, length=60, elements={
0x000001ab732ce950, 0x000001ab732d0820, 0x000001ab732e1aa0, 0x000001ab732e2660,
0x000001ab732e78e0, 0x000001ab732e8a40, 0x000001ab732eeb60, 0x000001ab732f81a0,
0x000001ab7330c2f0, 0x000001ab73a10130, 0x000001ab781740e0, 0x000001ab73cea720,
0x000001ab7a5c9aa0, 0x000001ab7a5c9fb0, 0x000001ab7a5ca9d0, 0x000001ab7a5cb3f0,
0x000001ab7a5cbe10, 0x000001ab7a5cb900, 0x000001ab7a5ca4c0, 0x000001ab7a5caee0,
0x000001ab791ff910, 0x000001ab791ff400, 0x000001ab79200d50, 0x000001ab792026a0,
0x000001ab792035d0, 0x000001ab79201770, 0x000001ab792030c0, 0x000001ab791ffe20,
0x000001ab79200840, 0x000001ab79201260, 0x000001ab79201c80, 0x000001ab79202190,
0x000001ab79203ae0, 0x000001ab79200330, 0x000001ab79206870, 0x000001ab79205e50,
0x000001ab79204f20, 0x000001ab79205430, 0x000001ab79203ff0, 0x000001ab79204500,
0x000001ab79204a10, 0x000001ab79205940, 0x000001ab79206360, 0x000001ab79206d80,
0x000001ab796c2ca0, 0x000001ab796c1860, 0x000001ab796c31b0, 0x000001ab796c36c0,
0x000001ab796c2790, 0x000001ab796c3bd0, 0x000001ab796c1d70, 0x000001ab796c1350,
0x000001ab796c2280, 0x000001ab796c0420, 0x000001ab796c40e0, 0x000001ab796c45f0,
0x000001ab796c0e40, 0x000001ab796c0930, 0x000001ab796c5a30, 0x000001ab796c4b00
}

Java Threads: ( => current thread )
  0x000001ab732ce950 JavaThread "Reference Handler" daemon [_thread_blocked, id=10896, stack(0x0000009daa400000,0x0000009daa500000)]
  0x000001ab732d0820 JavaThread "Finalizer" daemon [_thread_blocked, id=16104, stack(0x0000009daa500000,0x0000009daa600000)]
  0x000001ab732e1aa0 JavaThread "Signal Dispatcher" daemon [_thread_blocked, id=10596, stack(0x0000009daa600000,0x0000009daa700000)]
  0x000001ab732e2660 JavaThread "Attach Listener" daemon [_thread_blocked, id=25556, stack(0x0000009daa700000,0x0000009daa800000)]
  0x000001ab732e78e0 JavaThread "Service Thread" daemon [_thread_blocked, id=27516, stack(0x0000009daa800000,0x0000009daa900000)]
  0x000001ab732e8a40 JavaThread "Monitor Deflation Thread" daemon [_thread_blocked, id=9176, stack(0x0000009daa900000,0x0000009daaa00000)]
=>0x000001ab732eeb60 JavaThread "C2 CompilerThread0" daemon [_thread_in_native, id=22344, stack(0x0000009daaa00000,0x0000009daab00000)]
  0x000001ab732f81a0 JavaThread "C1 CompilerThread0" daemon [_thread_blocked, id=13916, stack(0x0000009daab00000,0x0000009daac00000)]
  0x000001ab7330c2f0 JavaThread "Sweeper thread" daemon [_thread_blocked, id=17200, stack(0x0000009daac00000,0x0000009daad00000)]
  0x000001ab73a10130 JavaThread "Common-Cleaner" daemon [_thread_blocked, id=25760, stack(0x0000009daad00000,0x0000009daae00000)]
  0x000001ab781740e0 JavaThread "Monitor Ctrl-Break" daemon [_thread_in_native, id=22036, stack(0x0000009daaf00000,0x0000009dab000000)]
  0x000001ab73cea720 JavaThread "Notification Thread" daemon [_thread_blocked, id=5100, stack(0x0000009dab000000,0x0000009dab100000)]
  0x000001ab7a5c9aa0 JavaThread "Catalina-utility-1" [_thread_blocked, id=3700, stack(0x0000009dab700000,0x0000009dab800000)]
  0x000001ab7a5c9fb0 JavaThread "Catalina-utility-2" [_thread_blocked, id=23472, stack(0x0000009daba00000,0x0000009dabb00000)]
  0x000001ab7a5ca9d0 JavaThread "container-0" [_thread_blocked, id=19924, stack(0x0000009dabc00000,0x0000009dabd00000)]
  0x000001ab7a5cb3f0 JavaThread "spectator-gauge-polling-0" daemon [_thread_blocked, id=25496, stack(0x0000009dabe00000,0x0000009dabf00000)]
  0x000001ab7a5cbe10 JavaThread "Eureka-DeltaRetentionTimer" daemon [_thread_blocked, id=20920, stack(0x0000009dabf00000,0x0000009dac000000)]
  0x000001ab7a5cb900 JavaThread "Eureka-EvictionTimer" daemon [_thread_blocked, id=5076, stack(0x0000009dac000000,0x0000009dac100000)]
  0x000001ab7a5ca4c0 JavaThread "Eureka-MeasureRateTimer" daemon [_thread_blocked, id=24592, stack(0x0000009dac100000,0x0000009dac200000)]
  0x000001ab7a5caee0 JavaThread "ReplicaAwareInstanceRegistry - RenewalThresholdUpdater" daemon [_thread_blocked, id=27704, stack(0x0000009dac200000,0x0000009dac300000)]
  0x000001ab791ff910 JavaThread "Eureka-MeasureRateTimer" daemon [_thread_blocked, id=22048, stack(0x0000009dac300000,0x0000009dac400000)]
  0x000001ab791ff400 JavaThread "Eureka-Jersey3Client-Conn-Cleaner2" daemon [_thread_blocked, id=2944, stack(0x0000009dac500000,0x0000009dac600000)]
  0x000001ab79200d50 JavaThread "TaskAcceptor-target_localhost" daemon [_thread_blocked, id=19528, stack(0x0000009dac600000,0x0000009dac700000)]
  0x000001ab792026a0 JavaThread "TaskBatchingWorker-target_localhost-0" daemon [_thread_blocked, id=21108, stack(0x0000009dac700000,0x0000009dac800000)]
  0x000001ab792035d0 JavaThread "TaskBatchingWorker-target_localhost-1" daemon [_thread_blocked, id=27232, stack(0x0000009dac800000,0x0000009dac900000)]
  0x000001ab79201770 JavaThread "TaskBatchingWorker-target_localhost-2" daemon [_thread_blocked, id=23188, stack(0x0000009dac900000,0x0000009daca00000)]
  0x000001ab792030c0 JavaThread "TaskBatchingWorker-target_localhost-3" daemon [_thread_blocked, id=26656, stack(0x0000009daca00000,0x0000009dacb00000)]
  0x000001ab791ffe20 JavaThread "TaskBatchingWorker-target_localhost-4" daemon [_thread_blocked, id=29572, stack(0x0000009dacb00000,0x0000009dacc00000)]
  0x000001ab79200840 JavaThread "TaskBatchingWorker-target_localhost-5" daemon [_thread_blocked, id=28640, stack(0x0000009dacc00000,0x0000009dacd00000)]
  0x000001ab79201260 JavaThread "TaskBatchingWorker-target_localhost-6" daemon [_thread_blocked, id=14940, stack(0x0000009dacd00000,0x0000009dace00000)]
  0x000001ab79201c80 JavaThread "TaskBatchingWorker-target_localhost-7" daemon [_thread_blocked, id=3068, stack(0x0000009dace00000,0x0000009dacf00000)]
  0x000001ab79202190 JavaThread "TaskBatchingWorker-target_localhost-8" daemon [_thread_blocked, id=17996, stack(0x0000009dacf00000,0x0000009dad000000)]
  0x000001ab79203ae0 JavaThread "TaskBatchingWorker-target_localhost-9" daemon [_thread_blocked, id=29136, stack(0x0000009dad000000,0x0000009dad100000)]
  0x000001ab79200330 JavaThread "TaskBatchingWorker-target_localhost-10" daemon [_thread_blocked, id=29440, stack(0x0000009dad100000,0x0000009dad200000)]
  0x000001ab79206870 JavaThread "TaskBatchingWorker-target_localhost-11" daemon [_thread_blocked, id=19748, stack(0x0000009dad200000,0x0000009dad300000)]
  0x000001ab79205e50 JavaThread "TaskBatchingWorker-target_localhost-12" daemon [_thread_blocked, id=28796, stack(0x0000009dad300000,0x0000009dad400000)]
  0x000001ab79204f20 JavaThread "TaskBatchingWorker-target_localhost-13" daemon [_thread_blocked, id=29400, stack(0x0000009dad400000,0x0000009dad500000)]
  0x000001ab79205430 JavaThread "TaskBatchingWorker-target_localhost-14" daemon [_thread_blocked, id=29460, stack(0x0000009dad500000,0x0000009dad600000)]
  0x000001ab79203ff0 JavaThread "TaskBatchingWorker-target_localhost-15" daemon [_thread_blocked, id=20232, stack(0x0000009dad600000,0x0000009dad700000)]
  0x000001ab79204500 JavaThread "TaskBatchingWorker-target_localhost-16" daemon [_thread_blocked, id=24916, stack(0x0000009dad700000,0x0000009dad800000)]
  0x000001ab79204a10 JavaThread "TaskBatchingWorker-target_localhost-17" daemon [_thread_blocked, id=21268, stack(0x0000009dad800000,0x0000009dad900000)]
  0x000001ab79205940 JavaThread "TaskBatchingWorker-target_localhost-18" daemon [_thread_blocked, id=4536, stack(0x0000009dad900000,0x0000009dada00000)]
  0x000001ab79206360 JavaThread "TaskBatchingWorker-target_localhost-19" daemon [_thread_blocked, id=2632, stack(0x0000009dada00000,0x0000009dadb00000)]
  0x000001ab79206d80 JavaThread "TaskAcceptor-localhost" daemon [_thread_blocked, id=1824, stack(0x0000009dadb00000,0x0000009dadc00000)]
  0x000001ab796c2ca0 JavaThread "TaskNonBatchingWorker-localhost-0" daemon [_thread_blocked, id=12016, stack(0x0000009dadc00000,0x0000009dadd00000)]
  0x000001ab796c1860 JavaThread "Eureka-PeerNodesUpdater" daemon [_thread_blocked, id=15572, stack(0x0000009dadd00000,0x0000009dade00000)]
  0x000001ab796c31b0 JavaThread "Eureka-CacheFillTimer" daemon [_thread_blocked, id=12148, stack(0x0000009dade00000,0x0000009dadf00000)]
  0x000001ab796c36c0 JavaThread "http-nio-8761-exec-1" daemon [_thread_blocked, id=2524, stack(0x0000009dae000000,0x0000009dae100000)]
  0x000001ab796c2790 JavaThread "http-nio-8761-exec-2" daemon [_thread_blocked, id=22104, stack(0x0000009dae100000,0x0000009dae200000)]
  0x000001ab796c3bd0 JavaThread "http-nio-8761-exec-3" daemon [_thread_blocked, id=11100, stack(0x0000009dae200000,0x0000009dae300000)]
  0x000001ab796c1d70 JavaThread "http-nio-8761-exec-4" daemon [_thread_blocked, id=20648, stack(0x0000009dae300000,0x0000009dae400000)]
  0x000001ab796c1350 JavaThread "http-nio-8761-exec-5" daemon [_thread_blocked, id=22332, stack(0x0000009dae400000,0x0000009dae500000)]
  0x000001ab796c2280 JavaThread "http-nio-8761-exec-6" daemon [_thread_blocked, id=18060, stack(0x0000009dae500000,0x0000009dae600000)]
  0x000001ab796c0420 JavaThread "http-nio-8761-exec-7" daemon [_thread_blocked, id=12132, stack(0x0000009dae600000,0x0000009dae700000)]
  0x000001ab796c40e0 JavaThread "http-nio-8761-exec-8" daemon [_thread_blocked, id=28332, stack(0x0000009dae700000,0x0000009dae800000)]
  0x000001ab796c45f0 JavaThread "http-nio-8761-exec-9" daemon [_thread_blocked, id=22984, stack(0x0000009dae800000,0x0000009dae900000)]
  0x000001ab796c0e40 JavaThread "http-nio-8761-exec-10" daemon [_thread_blocked, id=12120, stack(0x0000009dae900000,0x0000009daea00000)]
  0x000001ab796c0930 JavaThread "http-nio-8761-Poller" daemon [_thread_in_native, id=16492, stack(0x0000009dadf00000,0x0000009dae000000)]
  0x000001ab796c5a30 JavaThread "http-nio-8761-Acceptor" daemon [_thread_in_native, id=25736, stack(0x0000009daea00000,0x0000009daeb00000)]
  0x000001ab796c4b00 JavaThread "DestroyJavaVM" [_thread_blocked, id=23440, stack(0x0000009da9d00000,0x0000009da9e00000)]

Other Threads:
  0x000001ab732c7d00 VMThread "VM Thread" [stack: 0x0000009daa300000,0x0000009daa400000] [id=25628]
  0x000001ab78177910 WatcherThread [stack: 0x0000009dab100000,0x0000009dab200000] [id=12892]
  0x000001ab50b55130 GCTaskThread "GC Thread#0" [stack: 0x0000009da9e00000,0x0000009da9f00000] [id=21516]
  0x000001ab785dd880 GCTaskThread "GC Thread#1" [stack: 0x0000009dab200000,0x0000009dab300000] [id=27260]
  0x000001ab785ddb40 GCTaskThread "GC Thread#2" [stack: 0x0000009dab300000,0x0000009dab400000] [id=19304]
  0x000001ab790706a0 GCTaskThread "GC Thread#3" [stack: 0x0000009dab400000,0x0000009dab500000] [id=23800]
  0x000001ab7908b550 GCTaskThread "GC Thread#4" [stack: 0x0000009dab500000,0x0000009dab600000] [id=17072]
  0x000001ab7908b810 GCTaskThread "GC Thread#5" [stack: 0x0000009dab600000,0x0000009dab700000] [id=20220]
  0x000001ab78ac9980 GCTaskThread "GC Thread#6" [stack: 0x0000009dab800000,0x0000009dab900000] [id=17436]
  0x000001ab78ed7850 GCTaskThread "GC Thread#7" [stack: 0x0000009dab900000,0x0000009daba00000] [id=4172]
  0x000001ab4e77de70 ConcurrentGCThread "G1 Main Marker" [stack: 0x0000009da9f00000,0x0000009daa000000] [id=25264]
  0x000001ab4e77e890 ConcurrentGCThread "G1 Conc#0" [stack: 0x0000009daa000000,0x0000009daa100000] [id=8244]
  0x000001ab7a857650 ConcurrentGCThread "G1 Conc#1" [stack: 0x0000009dabb00000,0x0000009dabc00000] [id=28892]
  0x000001ab50b7e8a0 ConcurrentGCThread "G1 Refine#0" [stack: 0x0000009daa100000,0x0000009daa200000] [id=19840]
  0x000001ab732023c0 ConcurrentGCThread "G1 Service" [stack: 0x0000009daa200000,0x0000009daa300000] [id=11016]

Threads with active compile tasks:
C2 CompilerThread0   560891 8874       4       com.fasterxml.jackson.core.json.UTF8StreamJsonParser::nextToken (530 bytes)

VM state: not at safepoint (normal execution)

VM Mutex/Monitor currently owned by a thread: None

Heap address: 0x0000000704000000, size: 4032 MB, Compressed Oops mode: Zero based, Oop shift amount: 3

CDS archive(s) mapped at: [0x000001ab00000000-0x000001ab00bb0000-0x000001ab00bb0000), size 12255232, SharedBaseAddress: 0x000001ab00000000, ArchiveRelocationMode: 1.
Compressed class space mapped at: 0x000001ab01000000-0x000001ab41000000, reserved size: 1073741824
Narrow klass base: 0x000001ab00000000, Narrow klass shift: 0, Narrow klass range: 0x100000000

GC Precious Log:
 CPUs: 8 total, 8 available
 Memory: 16126M
 Large Page Support: Disabled
 NUMA Support: Disabled
 Compressed Oops: Enabled (Zero based)
 Heap Region Size: 2M
 Heap Min Capacity: 8M
 Heap Initial Capacity: 252M
 Heap Max Capacity: 4032M
 Pre-touch: Disabled
 Parallel Workers: 8
 Concurrent Workers: 2
 Concurrent Refinement Workers: 8
 Periodic GC: Disabled

Heap:
 garbage-first heap   total 98304K, used 55480K [0x0000000704000000, 0x0000000800000000)
  region size 2048K, 8 young (16384K), 1 survivors (2048K)
 Metaspace       used 65640K, committed 66304K, reserved 1114112K
  class space    used 8504K, committed 8832K, reserved 1048576K

Heap Regions: E=young(eden), S=young(survivor), O=old, HS=humongous(starts), HC=humongous(continues), CS=collection set, F=free, OA=open archive, CA=closed archive, TAMS=top-at-mark-start (previous, next)
|   0|0x0000000704000000, 0x0000000704200000, 0x0000000704200000|100%| O|  |TAMS 0x0000000704200000, 0x0000000704000000| Untracked 
|   1|0x0000000704200000, 0x0000000704400000, 0x0000000704400000|100%| O|  |TAMS 0x0000000704400000, 0x0000000704200000| Untracked 
|   2|0x0000000704400000, 0x0000000704600000, 0x0000000704600000|100%| O|  |TAMS 0x0000000704600000, 0x0000000704400000| Untracked 
|   3|0x0000000704600000, 0x0000000704800000, 0x0000000704800000|100%| O|  |TAMS 0x0000000704800000, 0x0000000704600000| Untracked 
|   4|0x0000000704800000, 0x0000000704a00000, 0x0000000704a00000|100%| O|  |TAMS 0x0000000704a00000, 0x0000000704800000| Untracked 
|   5|0x0000000704a00000, 0x0000000704a00000, 0x0000000704c00000|  0%| F|  |TAMS 0x0000000704a00000, 0x0000000704a00000| Untracked 
|   6|0x0000000704c00000, 0x0000000704d90c00, 0x0000000704e00000| 78%| O|  |TAMS 0x0000000704d90c00, 0x0000000704c00000| Untracked 
|   7|0x0000000704e00000, 0x0000000705000000, 0x0000000705000000|100%| O|  |TAMS 0x0000000705000000, 0x0000000704e00000| Untracked 
|   8|0x0000000705000000, 0x0000000705200000, 0x0000000705200000|100%| O|  |TAMS 0x0000000705200000, 0x0000000705000000| Untracked 
|   9|0x0000000705200000, 0x0000000705400000, 0x0000000705400000|100%| O|  |TAMS 0x0000000705400000, 0x0000000705200000| Untracked 
|  10|0x0000000705400000, 0x0000000705600000, 0x0000000705600000|100%| O|  |TAMS 0x0000000705600000, 0x0000000705400000| Untracked 
|  11|0x0000000705600000, 0x0000000705800000, 0x0000000705800000|100%| O|  |TAMS 0x0000000705800000, 0x0000000705600000| Untracked 
|  12|0x0000000705800000, 0x0000000705a00000, 0x0000000705a00000|100%| O|  |TAMS 0x0000000705a00000, 0x0000000705800000| Untracked 
|  13|0x0000000705a00000, 0x0000000705c00000, 0x0000000705c00000|100%| O|  |TAMS 0x0000000705c00000, 0x0000000705a00000| Untracked 
|  14|0x0000000705c00000, 0x0000000705e00000, 0x0000000705e00000|100%| O|  |TAMS 0x0000000705e00000, 0x0000000705c00000| Untracked 
|  15|0x0000000705e00000, 0x0000000706000000, 0x0000000706000000|100%| O|  |TAMS 0x0000000706000000, 0x0000000705e00000| Untracked 
|  16|0x0000000706000000, 0x0000000706200000, 0x0000000706200000|100%| O|  |TAMS 0x0000000706200000, 0x0000000706000000| Untracked 
|  17|0x0000000706200000, 0x0000000706400000, 0x0000000706400000|100%| O|  |TAMS 0x0000000706400000, 0x0000000706200000| Untracked 
|  18|0x0000000706400000, 0x0000000706600000, 0x0000000706600000|100%| O|  |TAMS 0x00000007064bb200, 0x0000000706400000| Untracked 
|  19|0x0000000706600000, 0x0000000706800000, 0x0000000706800000|100%| O|  |TAMS 0x0000000706600000, 0x0000000706600000| Untracked 
|  20|0x0000000706800000, 0x0000000706a00000, 0x0000000706a00000|100%| O|  |TAMS 0x0000000706800000, 0x0000000706800000| Untracked 
|  21|0x0000000706a00000, 0x0000000706c00000, 0x0000000706c00000|100%| O|  |TAMS 0x0000000706a00000, 0x0000000706a00000| Untracked 
|  22|0x0000000706c00000, 0x0000000706c38400, 0x0000000706e00000| 10%| O|  |TAMS 0x0000000706c00000, 0x0000000706c00000| Untracked 
|  23|0x0000000706e00000, 0x0000000706e00000, 0x0000000707000000|  0%| F|  |TAMS 0x0000000706e00000, 0x0000000706e00000| Untracked 
|  24|0x0000000707000000, 0x0000000707000000, 0x0000000707200000|  0%| F|  |TAMS 0x0000000707000000, 0x0000000707000000| Untracked 
|  25|0x0000000707200000, 0x0000000707200000, 0x0000000707400000|  0%| F|  |TAMS 0x0000000707200000, 0x0000000707200000| Untracked 
|  26|0x0000000707400000, 0x0000000707400000, 0x0000000707600000|  0%| F|  |TAMS 0x0000000707400000, 0x0000000707400000| Untracked 
|  27|0x0000000707600000, 0x0000000707600000, 0x0000000707800000|  0%| F|  |TAMS 0x0000000707600000, 0x0000000707600000| Untracked 
|  28|0x0000000707800000, 0x0000000707800000, 0x0000000707a00000|  0%| F|  |TAMS 0x0000000707800000, 0x0000000707800000| Untracked 
|  29|0x0000000707a00000, 0x0000000707a00000, 0x0000000707c00000|  0%| F|  |TAMS 0x0000000707a00000, 0x0000000707a00000| Untracked 
|  30|0x0000000707c00000, 0x0000000707c00000, 0x0000000707e00000|  0%| F|  |TAMS 0x0000000707c00000, 0x0000000707c00000| Untracked 
|  31|0x0000000707e00000, 0x0000000707e00000, 0x0000000708000000|  0%| F|  |TAMS 0x0000000707e00000, 0x0000000707e00000| Untracked 
|  32|0x0000000708000000, 0x0000000708000000, 0x0000000708200000|  0%| F|  |TAMS 0x0000000708000000, 0x0000000708000000| Untracked 
|  33|0x0000000708200000, 0x0000000708200000, 0x0000000708400000|  0%| F|  |TAMS 0x0000000708200000, 0x0000000708200000| Untracked 
|  34|0x0000000708400000, 0x0000000708400000, 0x0000000708600000|  0%| F|  |TAMS 0x0000000708400000, 0x0000000708400000| Untracked 
|  35|0x0000000708600000, 0x0000000708600000, 0x0000000708800000|  0%| F|  |TAMS 0x0000000708600000, 0x0000000708600000| Untracked 
|  36|0x0000000708800000, 0x0000000708800000, 0x0000000708a00000|  0%| F|  |TAMS 0x0000000708800000, 0x0000000708800000| Untracked 
|  37|0x0000000708a00000, 0x0000000708a00000, 0x0000000708c00000|  0%| F|  |TAMS 0x0000000708a00000, 0x0000000708a00000| Untracked 
|  38|0x0000000708c00000, 0x0000000708c00000, 0x0000000708e00000|  0%| F|  |TAMS 0x0000000708c00000, 0x0000000708c00000| Untracked 
|  39|0x0000000708e00000, 0x0000000708e00000, 0x0000000709000000|  0%| F|  |TAMS 0x0000000708e00000, 0x0000000708e00000| Untracked 
|  40|0x0000000709000000, 0x00000007090e5d78, 0x0000000709200000| 44%| E|  |TAMS 0x0000000709000000, 0x0000000709000000| Complete 
|  41|0x0000000709200000, 0x0000000709400000, 0x0000000709400000|100%| E|CS|TAMS 0x0000000709200000, 0x0000000709200000| Complete 
|  42|0x0000000709400000, 0x0000000709600000, 0x0000000709600000|100%| E|CS|TAMS 0x0000000709400000, 0x0000000709400000| Complete 
| 114|0x0000000712400000, 0x0000000712600000, 0x0000000712600000|100%| E|CS|TAMS 0x0000000712400000, 0x0000000712400000| Complete 
| 115|0x0000000712600000, 0x0000000712800000, 0x0000000712800000|100%| E|CS|TAMS 0x0000000712600000, 0x0000000712600000| Complete 
| 116|0x0000000712800000, 0x0000000712a00000, 0x0000000712a00000|100%| E|CS|TAMS 0x0000000712800000, 0x0000000712800000| Complete 
| 124|0x0000000713800000, 0x0000000713865380, 0x0000000713a00000| 19%| S|CS|TAMS 0x0000000713800000, 0x0000000713800000| Complete 
| 125|0x0000000713a00000, 0x0000000713c00000, 0x0000000713c00000|100%| E|CS|TAMS 0x0000000713a00000, 0x0000000713a00000| Complete 

Card table byte_map: [0x000001ab68140000,0x000001ab68920000] _byte_map_base: 0x000001ab64920000

Marking Bits (Prev, Next): (CMBitMap*) 0x000001ab50b55790, (CMBitMap*) 0x000001ab50b55750
 Prev Bits: [0x000001ab6d000000, 0x000001ab70f00000)
 Next Bits: [0x000001ab69100000, 0x000001ab6d000000)

Polling page: 0x000001ab50120000

Metaspace:

Usage:
  Non-class:     55.80 MB used.
      Class:      8.31 MB used.
       Both:     64.10 MB used.

Virtual space:
  Non-class space:       64.00 MB reserved,      56.12 MB ( 88%) committed,  1 nodes.
      Class space:        1.00 GB reserved,       8.62 MB ( <1%) committed,  1 nodes.
             Both:        1.06 GB reserved,      64.75 MB (  6%) committed. 

Chunk freelists:
   Non-Class:  7.33 MB
       Class:  7.22 MB
        Both:  14.55 MB

MaxMetaspaceSize: unlimited
CompressedClassSpaceSize: 1.00 GB
Initial GC threshold: 21.00 MB
Current GC threshold: 99.00 MB
CDS: on
MetaspaceReclaimPolicy: balanced
 - commit_granule_bytes: 65536.
 - commit_granule_words: 8192.
 - virtual_space_node_default_size: 8388608.
 - enlarge_chunks_in_place: 1.
 - new_chunks_are_fully_committed: 0.
 - uncommit_free_chunks: 1.
 - use_allocation_guard: 0.
 - handle_deallocations: 1.


Internal statistics:

num_allocs_failed_limit: 9.
num_arena_births: 946.
num_arena_deaths: 0.
num_vsnodes_births: 2.
num_vsnodes_deaths: 0.
num_space_committed: 1036.
num_space_uncommitted: 0.
num_chunks_returned_to_freelist: 9.
num_chunks_taken_from_freelist: 3374.
num_chunk_merges: 9.
num_chunk_splits: 2339.
num_chunks_enlarged: 1742.
num_inconsistent_stats: 0.

CodeHeap 'non-profiled nmethods': size=120000Kb used=5258Kb max_used=5258Kb free=114741Kb
 bounds [0x000001ab600f0000, 0x000001ab60620000, 0x000001ab67620000]
CodeHeap 'profiled nmethods': size=120000Kb used=17099Kb max_used=17099Kb free=102901Kb
 bounds [0x000001ab58620000, 0x000001ab596e0000, 0x000001ab5fb50000]
CodeHeap 'non-nmethods': size=5760Kb used=1330Kb max_used=1362Kb free=4429Kb
 bounds [0x000001ab5fb50000, 0x000001ab5fdc0000, 0x000001ab600f0000]
 total_blobs=8785 nmethods=8132 adapters=565
 compilation: enabled
              stopped_count=0, restarted_count=0
 full_count=0

Compilation events (20 events):
Event: 558.815 Thread 0x000001ab732f81a0 8875       3       org.glassfish.jersey.message.internal.OutboundJaxrsResponse::getEntity (26 bytes)
Event: 558.815 Thread 0x000001ab732f81a0 nmethod 8875 0x000001ab596cbc10 code [0x000001ab596cbe00, 0x000001ab596cc2a8]
Event: 558.816 Thread 0x000001ab732f81a0 8876       3       com.fasterxml.jackson.databind.SerializationFeature::enabledIn (15 bytes)
Event: 558.816 Thread 0x000001ab732f81a0 nmethod 8876 0x000001ab596cc490 code [0x000001ab596cc620, 0x000001ab596cc798]
Event: 558.816 Thread 0x000001ab732f81a0 8877   !   3       org.apache.catalina.connector.OutputBuffer::doFlush (117 bytes)
Event: 558.818 Thread 0x000001ab732f81a0 nmethod 8877 0x000001ab596cc810 code [0x000001ab596ccb80, 0x000001ab596ce318]
Event: 558.818 Thread 0x000001ab732f81a0 8879       3       org.apache.http.message.HeaderGroup::getHeaders (102 bytes)
Event: 558.819 Thread 0x000001ab732f81a0 nmethod 8879 0x000001ab596ced10 code [0x000001ab596cef80, 0x000001ab596cfca8]
Event: 558.819 Thread 0x000001ab732f81a0 8881       3       org.glassfish.jersey.internal.util.collection.GuardianStringKeyMultivaluedMap::put (13 bytes)
Event: 558.820 Thread 0x000001ab732f81a0 nmethod 8881 0x000001ab596d0010 code [0x000001ab596d0200, 0x000001ab596d07b8]
Event: 558.820 Thread 0x000001ab732f81a0 8882       3       org.glassfish.jersey.internal.util.collection.GuardianStringKeyMultivaluedMap::put (20 bytes)
Event: 558.820 Thread 0x000001ab732f81a0 nmethod 8882 0x000001ab596d0910 code [0x000001ab596d0ae0, 0x000001ab596d0e18]
Event: 558.820 Thread 0x000001ab732f81a0 8883       3       jakarta.ws.rs.core.AbstractMultivaluedMap::put (10 bytes)
Event: 558.821 Thread 0x000001ab732f81a0 nmethod 8883 0x000001ab596d0f10 code [0x000001ab596d10e0, 0x000001ab596d15c8]
Event: 558.821 Thread 0x000001ab732f81a0 8884       3       org.apache.http.impl.execchain.HttpResponseProxy::getEntity (10 bytes)
Event: 558.821 Thread 0x000001ab732f81a0 nmethod 8884 0x000001ab596d1710 code [0x000001ab596d18c0, 0x000001ab596d1aa8]
Event: 558.821 Thread 0x000001ab732f81a0 8880       3       org.apache.http.message.BasicListHeaderIterator::<init> (37 bytes)
Event: 558.822 Thread 0x000001ab732f81a0 nmethod 8880 0x000001ab596d1b90 code [0x000001ab596d1dc0, 0x000001ab596d2538]
Event: 558.822 Thread 0x000001ab732f81a0 8878       3       org.apache.http.message.AbstractHttpMessage::getHeaders (9 bytes)
Event: 558.822 Thread 0x000001ab732f81a0 nmethod 8878 0x000001ab596d2810 code [0x000001ab596d29c0, 0x000001ab596d2b28]

GC Heap History (20 events):
Event: 3.008 GC heap before
{Heap before GC invocations=5 (full 0):
 garbage-first heap   total 81920K, used 61530K [0x0000000704000000, 0x0000000800000000)
  region size 2048K, 24 young (49152K), 3 survivors (6144K)
 Metaspace       used 26867K, committed 27264K, reserved 1114112K
  class space    used 3280K, committed 3520K, reserved 1048576K
}
Event: 3.015 GC heap after
{Heap after GC invocations=6 (full 0):
 garbage-first heap   total 81920K, used 20747K [0x0000000704000000, 0x0000000800000000)
  region size 2048K, 2 young (4096K), 2 survivors (4096K)
 Metaspace       used 26867K, committed 27264K, reserved 1114112K
  class space    used 3280K, committed 3520K, reserved 1048576K
}
Event: 3.814 GC heap before
{Heap before GC invocations=6 (full 0):
 garbage-first heap   total 81920K, used 55563K [0x0000000704000000, 0x0000000800000000)
  region size 2048K, 19 young (38912K), 2 survivors (4096K)
 Metaspace       used 31696K, committed 32064K, reserved 1114112K
  class space    used 3985K, committed 4160K, reserved 1048576K
}
Event: 3.820 GC heap after
{Heap after GC invocations=7 (full 0):
 garbage-first heap   total 81920K, used 23602K [0x0000000704000000, 0x0000000800000000)
  region size 2048K, 3 young (6144K), 3 survivors (6144K)
 Metaspace       used 31696K, committed 32064K, reserved 1114112K
  class space    used 3985K, committed 4160K, reserved 1048576K
}
Event: 4.328 GC heap before
{Heap before GC invocations=7 (full 0):
 garbage-first heap   total 81920K, used 44082K [0x0000000704000000, 0x0000000800000000)
  region size 2048K, 14 young (28672K), 3 survivors (6144K)
 Metaspace       used 35890K, committed 36288K, reserved 1114112K
  class space    used 4495K, committed 4672K, reserved 1048576K
}
Event: 4.336 GC heap after
{Heap after GC invocations=8 (full 0):
 garbage-first heap   total 81920K, used 25353K [0x0000000704000000, 0x0000000800000000)
  region size 2048K, 3 young (6144K), 3 survivors (6144K)
 Metaspace       used 35890K, committed 36288K, reserved 1114112K
  class space    used 4495K, committed 4672K, reserved 1048576K
}
Event: 4.818 GC heap before
{Heap before GC invocations=9 (full 0):
 garbage-first heap   total 81920K, used 58121K [0x0000000704000000, 0x0000000800000000)
  region size 2048K, 19 young (38912K), 3 survivors (6144K)
 Metaspace       used 39079K, committed 39552K, reserved 1114112K
  class space    used 4936K, committed 5184K, reserved 1048576K
}
Event: 4.827 GC heap after
{Heap after GC invocations=10 (full 0):
 garbage-first heap   total 98304K, used 27044K [0x0000000704000000, 0x0000000800000000)
  region size 2048K, 2 young (4096K), 2 survivors (4096K)
 Metaspace       used 39079K, committed 39552K, reserved 1114112K
  class space    used 4936K, committed 5184K, reserved 1048576K
}
Event: 5.606 GC heap before
{Heap before GC invocations=10 (full 0):
 garbage-first heap   total 98304K, used 70052K [0x0000000704000000, 0x0000000800000000)
  region size 2048K, 24 young (49152K), 2 survivors (4096K)
 Metaspace       used 45374K, committed 45888K, reserved 1114112K
  class space    used 5857K, committed 6080K, reserved 1048576K
}
Event: 5.618 GC heap after
{Heap after GC invocations=11 (full 0):
 garbage-first heap   total 98304K, used 33123K [0x0000000704000000, 0x0000000800000000)
  region size 2048K, 3 young (6144K), 3 survivors (6144K)
 Metaspace       used 45374K, committed 45888K, reserved 1114112K
  class space    used 5857K, committed 6080K, reserved 1048576K
}
Event: 6.851 GC heap before
{Heap before GC invocations=11 (full 0):
 garbage-first heap   total 98304K, used 72035K [0x0000000704000000, 0x0000000800000000)
  region size 2048K, 22 young (45056K), 3 survivors (6144K)
 Metaspace       used 51913K, committed 52480K, reserved 1114112K
  class space    used 6877K, committed 7168K, reserved 1048576K
}
Event: 6.857 GC heap after
{Heap after GC invocations=12 (full 0):
 garbage-first heap   total 98304K, used 37517K [0x0000000704000000, 0x0000000800000000)
  region size 2048K, 2 young (4096K), 2 survivors (4096K)
 Metaspace       used 51913K, committed 52480K, reserved 1114112K
  class space    used 6877K, committed 7168K, reserved 1048576K
}
Event: 8.187 GC heap before
{Heap before GC invocations=12 (full 0):
 garbage-first heap   total 98304K, used 74381K [0x0000000704000000, 0x0000000800000000)
  region size 2048K, 20 young (40960K), 2 survivors (4096K)
 Metaspace       used 58378K, committed 58944K, reserved 1114112K
  class space    used 7711K, committed 8000K, reserved 1048576K
}
Event: 8.194 GC heap after
{Heap after GC invocations=13 (full 0):
 garbage-first heap   total 98304K, used 41964K [0x0000000704000000, 0x0000000800000000)
  region size 2048K, 3 young (6144K), 3 survivors (6144K)
 Metaspace       used 58378K, committed 58944K, reserved 1114112K
  class space    used 7711K, committed 8000K, reserved 1048576K
}
Event: 8.359 GC heap before
{Heap before GC invocations=13 (full 0):
 garbage-first heap   total 98304K, used 48108K [0x0000000704000000, 0x0000000800000000)
  region size 2048K, 7 young (14336K), 3 survivors (6144K)
 Metaspace       used 60013K, committed 60608K, reserved 1114112K
  class space    used 7941K, committed 8256K, reserved 1048576K
}
Event: 8.363 GC heap after
{Heap after GC invocations=14 (full 0):
 garbage-first heap   total 98304K, used 42648K [0x0000000704000000, 0x0000000800000000)
  region size 2048K, 1 young (2048K), 1 survivors (2048K)
 Metaspace       used 60013K, committed 60608K, reserved 1114112K
  class space    used 7941K, committed 8256K, reserved 1048576K
}
Event: 243.512 GC heap before
{Heap before GC invocations=15 (full 0):
 garbage-first heap   total 98304K, used 75416K [0x0000000704000000, 0x0000000800000000)
  region size 2048K, 17 young (34816K), 1 survivors (2048K)
 Metaspace       used 64942K, committed 65600K, reserved 1114112K
  class space    used 8504K, committed 8832K, reserved 1048576K
}
Event: 243.516 GC heap after
{Heap after GC invocations=16 (full 0):
 garbage-first heap   total 98304K, used 44488K [0x0000000704000000, 0x0000000800000000)
  region size 2048K, 2 young (4096K), 2 survivors (4096K)
 Metaspace       used 64942K, committed 65600K, reserved 1114112K
  class space    used 8504K, committed 8832K, reserved 1048576K
}
Event: 288.067 GC heap before
{Heap before GC invocations=16 (full 0):
 garbage-first heap   total 98304K, used 46536K [0x0000000704000000, 0x0000000800000000)
  region size 2048K, 3 young (6144K), 2 survivors (4096K)
 Metaspace       used 65030K, committed 65664K, reserved 1114112K
  class space    used 8504K, committed 8832K, reserved 1048576K
}
Event: 288.075 GC heap after
{Heap after GC invocations=17 (full 0):
 garbage-first heap   total 98304K, used 43192K [0x0000000704000000, 0x0000000800000000)
  region size 2048K, 1 young (2048K), 1 survivors (2048K)
 Metaspace       used 65030K, committed 65664K, reserved 1114112K
  class space    used 8504K, committed 8832K, reserved 1048576K
}

Dll operation events (13 events):
Event: 0.016 Loaded shared library C:\Users\Aniket.Patil\.jdks\ms-17.0.16\bin\java.dll
Event: 0.040 Loaded shared library C:\Users\Aniket.Patil\.jdks\ms-17.0.16\bin\jsvml.dll
Event: 0.277 Loaded shared library C:\Users\Aniket.Patil\.jdks\ms-17.0.16\bin\zip.dll
Event: 0.281 Loaded shared library C:\Users\Aniket.Patil\.jdks\ms-17.0.16\bin\instrument.dll
Event: 0.286 Loaded shared library C:\Users\Aniket.Patil\.jdks\ms-17.0.16\bin\net.dll
Event: 0.289 Loaded shared library C:\Users\Aniket.Patil\.jdks\ms-17.0.16\bin\nio.dll
Event: 0.292 Loaded shared library C:\Users\Aniket.Patil\.jdks\ms-17.0.16\bin\zip.dll
Event: 0.603 Loaded shared library C:\Users\Aniket.Patil\.jdks\ms-17.0.16\bin\extnet.dll
Event: 0.634 Loaded shared library C:\Users\Aniket.Patil\.jdks\ms-17.0.16\bin\jimage.dll
Event: 2.468 Loaded shared library C:\Users\Aniket.Patil\.jdks\ms-17.0.16\bin\sunmscapi.dll
Event: 4.011 Loaded shared library C:\Users\Aniket.Patil\.jdks\ms-17.0.16\bin\management.dll
Event: 4.013 Loaded shared library C:\Users\Aniket.Patil\.jdks\ms-17.0.16\bin\management_ext.dll
Event: 4.214 Loaded shared library C:\Users\Aniket.Patil\.jdks\ms-17.0.16\bin\verify.dll

Deoptimization events (20 events):
Event: 240.360 Thread 0x000001ab796c2280 Uncommon trap: trap_request=0xffffffbe fr.pc=0x000001ab6059e178 relative=0x00000000000000d8
Event: 240.360 Thread 0x000001ab796c2280 Uncommon trap: reason=profile_predicate action=maybe_recompile pc=0x000001ab6059e178 method=org.springframework.boot.context.properties.source.ConfigurationPropertyName$Elements.canShortcutWithSource(Lorg/springframework/boot/context/properties/source/Con
Event: 240.360 Thread 0x000001ab796c2280 DEOPT PACKING pc=0x000001ab6059e178 sp=0x0000009dae5fc8b0
Event: 240.360 Thread 0x000001ab796c2280 DEOPT UNPACKING pc=0x000001ab5fbaa1a3 sp=0x0000009dae5fc760 mode 2
Event: 243.508 Thread 0x000001ab796c0420 Uncommon trap: trap_request=0xffffffbe fr.pc=0x000001ab6059e178 relative=0x00000000000000d8
Event: 243.508 Thread 0x000001ab796c0420 Uncommon trap: reason=profile_predicate action=maybe_recompile pc=0x000001ab6059e178 method=org.springframework.boot.context.properties.source.ConfigurationPropertyName$Elements.canShortcutWithSource(Lorg/springframework/boot/context/properties/source/Con
Event: 243.508 Thread 0x000001ab796c0420 DEOPT PACKING pc=0x000001ab6059e178 sp=0x0000009dae6fc870
Event: 243.508 Thread 0x000001ab796c0420 DEOPT UNPACKING pc=0x000001ab5fbaa1a3 sp=0x0000009dae6fc720 mode 2
Event: 299.891 Thread 0x000001ab796c36c0 Uncommon trap: trap_request=0xffffff45 fr.pc=0x000001ab604daf18 relative=0x0000000000001558
Event: 299.891 Thread 0x000001ab796c36c0 Uncommon trap: reason=unstable_if action=reinterpret pc=0x000001ab604daf18 method=java.util.concurrent.ConcurrentHashMap.addCount(JI)V @ 97 c2
Event: 299.891 Thread 0x000001ab796c36c0 DEOPT PACKING pc=0x000001ab604daf18 sp=0x0000009dae0fce10
Event: 299.891 Thread 0x000001ab796c36c0 DEOPT UNPACKING pc=0x000001ab5fbaa1a3 sp=0x0000009dae0fccf0 mode 2
Event: 518.218 Thread 0x000001ab796c1d70 Uncommon trap: trap_request=0xffffff45 fr.pc=0x000001ab60564c2c relative=0x00000000000004ec
Event: 518.218 Thread 0x000001ab796c1d70 Uncommon trap: reason=unstable_if action=reinterpret pc=0x000001ab60564c2c method=java.util.concurrent.ConcurrentHashMap.addCount(JI)V @ 97 c2
Event: 518.218 Thread 0x000001ab796c1d70 DEOPT PACKING pc=0x000001ab60564c2c sp=0x0000009dae3fca10
Event: 518.218 Thread 0x000001ab796c1d70 DEOPT UNPACKING pc=0x000001ab5fbaa1a3 sp=0x0000009dae3fc8e8 mode 2
Event: 548.242 Thread 0x000001ab796c2790 Uncommon trap: trap_request=0xffffff45 fr.pc=0x000001ab60608b48 relative=0x0000000000000748
Event: 548.242 Thread 0x000001ab796c2790 Uncommon trap: reason=unstable_if action=reinterpret pc=0x000001ab60608b48 method=java.util.concurrent.locks.ReentrantReadWriteLock$Sync.tryReleaseShared(I)Z @ 59 c2
Event: 548.242 Thread 0x000001ab796c2790 DEOPT PACKING pc=0x000001ab60608b48 sp=0x0000009dae1fca70
Event: 548.242 Thread 0x000001ab796c2790 DEOPT UNPACKING pc=0x000001ab5fbaa1a3 sp=0x0000009dae1fca58 mode 2

Classes loaded (20 events):
Event: 8.480 Loading class java/util/PrimitiveIterator$OfInt
Event: 8.480 Loading class java/util/PrimitiveIterator
Event: 8.480 Loading class java/util/PrimitiveIterator done
Event: 8.480 Loading class java/util/PrimitiveIterator$OfInt done
Event: 8.482 Loading class org/w3c/dom/Document
Event: 8.482 Loading class org/w3c/dom/Document done
Event: 9.106 Loading class javax/naming/Name
Event: 9.107 Loading class javax/naming/Name done
Event: 9.107 Loading class javax/naming/NameParser
Event: 9.108 Loading class javax/naming/NameParser done
Event: 9.164 Loading class java/util/zip/GZIPInputStream
Event: 9.164 Loading class java/util/zip/GZIPInputStream done
Event: 9.187 Loading class java/util/concurrent/LinkedBlockingDeque$Node
Event: 9.187 Loading class java/util/concurrent/LinkedBlockingDeque$Node done
Event: 9.230 Loading class java/net/Socket$SocketOutputStream
Event: 9.230 Loading class java/net/Socket$SocketOutputStream done
Event: 9.230 Loading class sun/nio/ch/NioSocketImpl$2
Event: 9.230 Loading class sun/nio/ch/NioSocketImpl$2 done
Event: 25.128 Loading class sun/net/ConnectionResetException
Event: 25.128 Loading class sun/net/ConnectionResetException done

Classes unloaded (0 events):
No events

Classes redefined (0 events):
No events

Internal exceptions (20 events):
Event: 7.998 Thread 0x000001ab50ae3510 Exception <a 'java/lang/IncompatibleClassChangeError'{0x00000007080eddf0}: Found class java.lang.Object, but interface was expected> (0x00000007080eddf0) 
thrown [s\src\hotspot\share\interpreter\linkResolver.cpp, line 826]
Event: 8.110 Thread 0x000001ab796c5a30 Exception <a 'java/lang/NoSuchMethodError'{0x0000000708166d88}: 'java.lang.Object java.lang.invoke.DirectMethodHandle$Holder.invokeStaticInit(java.lang.Object, java.lang.Object, java.lang.Object, int, int)'> (0x0000000708166d88) 
thrown [s\src\hotspot\share\interpreter\linkResolver.cpp, line 759]
Event: 8.147 Thread 0x000001ab796c36c0 Exception <a 'java/lang/NoSuchMethodError'{0x0000000707cb15a8}: 'java.lang.Object java.lang.invoke.DirectMethodHandle$Holder.invokeSpecial(java.lang.Object, java.lang.Object, java.lang.Object, java.lang.Object, java.lang.Object, long)'> (0x0000000707cb15a8) 
thrown [s\src\hotspot\share\interpreter\linkResolver.cpp, line 759]
Event: 8.147 Thread 0x000001ab796c36c0 Exception <a 'java/lang/NoSuchMethodError'{0x0000000707cb4fe8}: 'java.lang.Object java.lang.invoke.Invokers$Holder.linkToTargetMethod(java.lang.Object, java.lang.Object, java.lang.Object, long, java.lang.Object)'> (0x0000000707cb4fe8) 
thrown [s\src\hotspot\share\interpreter\linkResolver.cpp, line 759]
Event: 8.295 Thread 0x000001ab796c36c0 Implicit null exception at 0x000001ab6035286c to 0x000001ab60352914
Event: 9.110 Thread 0x000001ab79204a10 Exception <a 'java/lang/reflect/InvocationTargetException'{0x000000070903a918}> (0x000000070903a918) 
thrown [s\src\hotspot\share\runtime\reflection.cpp, line 1128]
Event: 9.113 Thread 0x000001ab79204a10 Exception <a 'java/lang/reflect/InvocationTargetException'{0x000000070905a148}> (0x000000070905a148) 
thrown [s\src\hotspot\share\runtime\reflection.cpp, line 1128]
Event: 25.129 Thread 0x000001ab796c45f0 Exception <a 'sun/net/ConnectionResetException'{0x0000000708bc93b8}: Connection reset> (0x0000000708bc93b8) 
thrown [s\src\hotspot\share\prims\jni.cpp, line 535]
Event: 50.634 Thread 0x000001ab796c45f0 Exception <a 'sun/net/ConnectionResetException'{0x00000007088fa6a0}: Connection reset> (0x00000007088fa6a0) 
thrown [s\src\hotspot\share\prims\jni.cpp, line 535]
Event: 50.634 Thread 0x000001ab796c0e40 Exception <a 'sun/net/ConnectionResetException'{0x0000000708907870}: Connection reset> (0x0000000708907870) 
thrown [s\src\hotspot\share\prims\jni.cpp, line 535]
Event: 58.511 Thread 0x000001ab796c1350 Exception <a 'sun/net/ConnectionResetException'{0x00000007089e01d8}: Connection reset> (0x00000007089e01d8) 
thrown [s\src\hotspot\share\prims\jni.cpp, line 535]
Event: 58.511 Thread 0x000001ab796c1350 Exception <a 'sun/net/ConnectionResetException'{0x00000007089e0818}: Connection reset> (0x00000007089e0818) 
thrown [s\src\hotspot\share\prims\jni.cpp, line 535]
Event: 74.025 Thread 0x000001ab796c0e40 Exception <a 'sun/net/ConnectionResetException'{0x000000070874ba30}: Connection reset> (0x000000070874ba30) 
thrown [s\src\hotspot\share\prims\jni.cpp, line 535]
Event: 74.025 Thread 0x000001ab796c3bd0 Exception <a 'sun/net/ConnectionResetException'{0x000000070875f928}: Connection reset> (0x000000070875f928) 
thrown [s\src\hotspot\share\prims\jni.cpp, line 535]
Event: 232.328 Thread 0x000001ab796c0e40 Exception <a 'sun/net/ConnectionResetException'{0x0000000707e73620}: Connection reset> (0x0000000707e73620) 
thrown [s\src\hotspot\share\prims\jni.cpp, line 535]
Event: 232.328 Thread 0x000001ab796c36c0 Exception <a 'sun/net/ConnectionResetException'{0x0000000707e84008}: Connection reset> (0x0000000707e84008) 
thrown [s\src\hotspot\share\prims\jni.cpp, line 535]
Event: 367.552 Thread 0x000001ab796c45f0 Exception <a 'sun/net/ConnectionResetException'{0x00000007129e7330}: Connection reset> (0x00000007129e7330) 
thrown [s\src\hotspot\share\prims\jni.cpp, line 535]
Event: 367.552 Thread 0x000001ab796c40e0 Exception <a 'sun/net/ConnectionResetException'{0x0000000712600c18}: Connection reset> (0x0000000712600c18) 
thrown [s\src\hotspot\share\prims\jni.cpp, line 535]
Event: 520.389 Thread 0x000001ab796c40e0 Exception <a 'sun/net/ConnectionResetException'{0x0000000709248c80}: Connection reset> (0x0000000709248c80) 
thrown [s\src\hotspot\share\prims\jni.cpp, line 535]
Event: 520.389 Thread 0x000001ab796c0420 Exception <a 'sun/net/ConnectionResetException'{0x000000070923cd78}: Connection reset> (0x000000070923cd78) 
thrown [s\src\hotspot\share\prims\jni.cpp, line 535]

VM Operations (20 events):
Event: 514.015 Executing VM operation: Cleanup
Event: 514.015 Executing VM operation: Cleanup done
Event: 515.026 Executing VM operation: Cleanup
Event: 515.027 Executing VM operation: Cleanup done
Event: 516.030 Executing VM operation: Cleanup
Event: 516.030 Executing VM operation: Cleanup done
Event: 519.031 Executing VM operation: Cleanup
Event: 519.031 Executing VM operation: Cleanup done
Event: 529.082 Executing VM operation: Cleanup
Event: 529.082 Executing VM operation: Cleanup done
Event: 534.099 Executing VM operation: Cleanup
Event: 534.099 Executing VM operation: Cleanup done
Event: 537.115 Executing VM operation: Cleanup
Event: 537.115 Executing VM operation: Cleanup done
Event: 540.801 Executing VM operation: HandshakeAllThreads
Event: 540.801 Executing VM operation: HandshakeAllThreads done
Event: 543.809 Executing VM operation: Cleanup
Event: 543.809 Executing VM operation: Cleanup done
Event: 558.893 Executing VM operation: Cleanup
Event: 558.893 Executing VM operation: Cleanup done

Memory protections (0 events):
No events

Nmethod flushes (20 events):
Event: 5.446 Thread 0x000001ab7330c2f0 flushing  nmethod 0x000001ab58dfe810
Event: 5.446 Thread 0x000001ab7330c2f0 flushing  nmethod 0x000001ab58dfeb90
Event: 5.446 Thread 0x000001ab7330c2f0 flushing  nmethod 0x000001ab58dfff90
Event: 5.446 Thread 0x000001ab7330c2f0 flushing  nmethod 0x000001ab58e11f10
Event: 5.446 Thread 0x000001ab7330c2f0 flushing  nmethod 0x000001ab58e12910
Event: 5.446 Thread 0x000001ab7330c2f0 flushing  nmethod 0x000001ab58e14590
Event: 5.446 Thread 0x000001ab7330c2f0 flushing  nmethod 0x000001ab58e17a10
Event: 5.446 Thread 0x000001ab7330c2f0 flushing  nmethod 0x000001ab58e26490
Event: 5.446 Thread 0x000001ab7330c2f0 flushing  nmethod 0x000001ab58e2d710
Event: 5.446 Thread 0x000001ab7330c2f0 flushing  nmethod 0x000001ab58e37c10
Event: 5.446 Thread 0x000001ab7330c2f0 flushing  nmethod 0x000001ab58e43c90
Event: 5.446 Thread 0x000001ab7330c2f0 flushing  nmethod 0x000001ab58eefa90
Event: 5.446 Thread 0x000001ab7330c2f0 flushing  nmethod 0x000001ab58f13c90
Event: 5.446 Thread 0x000001ab7330c2f0 flushing  nmethod 0x000001ab58f14090
Event: 5.447 Thread 0x000001ab7330c2f0 flushing  nmethod 0x000001ab58f47010
Event: 5.447 Thread 0x000001ab7330c2f0 flushing  nmethod 0x000001ab58f5d410
Event: 5.447 Thread 0x000001ab7330c2f0 flushing  nmethod 0x000001ab58f63f90
Event: 5.447 Thread 0x000001ab7330c2f0 flushing  nmethod 0x000001ab58fe3a90
Event: 5.447 Thread 0x000001ab7330c2f0 flushing  nmethod 0x000001ab59017890
Event: 8.266 Thread 0x000001ab7330c2f0 flushing  nmethod 0x000001ab60248510

Events (20 events):
Event: 7.694 Thread 0x000001ab50ae3510 Thread added: 0x000001ab796c0420
Event: 7.694 Thread 0x000001ab50ae3510 Thread added: 0x000001ab796c40e0
Event: 7.694 Thread 0x000001ab50ae3510 Thread added: 0x000001ab796c45f0
Event: 7.694 Thread 0x000001ab50ae3510 Thread added: 0x000001ab796c0e40
Event: 7.701 Thread 0x000001ab796c0930 Thread exited: 0x000001ab796c0930
Event: 7.709 Thread 0x000001ab50ae3510 Thread added: 0x000001ab796c0930
Event: 7.711 Thread 0x000001ab50ae3510 Thread added: 0x000001ab796c5a30
Event: 7.894 Thread 0x000001ab7b2c21f0 Thread exited: 0x000001ab7b2c21f0
Event: 7.912 Thread 0x000001ab78a98380 Thread exited: 0x000001ab78a98380
Event: 7.989 Thread 0x000001ab732eeb60 Thread added: 0x000001ab7b2c41d0
Event: 8.050 Thread 0x000001ab50ae3510 Thread exited: 0x000001ab50ae3510
Event: 8.050 Thread 0x000001ab796c4b00 Thread added: 0x000001ab796c4b00
Event: 8.183 Thread 0x000001ab732f81a0 Thread added: 0x000001ab7b2c21f0
Event: 8.696 Thread 0x000001ab7b2c21f0 Thread exited: 0x000001ab7b2c21f0
Event: 8.696 Thread 0x000001ab7b2c41d0 Thread exited: 0x000001ab7b2c41d0
Event: 9.088 Thread 0x000001ab732f81a0 Thread added: 0x000001ab7b2c31e0
Event: 9.117 Thread 0x000001ab732f81a0 Thread added: 0x000001ab7b2c4720
Event: 9.599 Thread 0x000001ab7b2c4720 Thread exited: 0x000001ab7b2c4720
Event: 9.599 Thread 0x000001ab7b2c31e0 Thread exited: 0x000001ab7b2c31e0
Event: 67.978 Thread 0x000001ab7a5cc320 Thread exited: 0x000001ab7a5cc320


Dynamic libraries:
0x00007ff79c560000 - 0x00007ff79c56e000 	C:\Users\Aniket.Patil\.jdks\ms-17.0.16\bin\java.exe
0x00007ffc4ca80000 - 0x00007ffc4cce8000 	C:\windows\SYSTEM32\ntdll.dll
0x00007ffc4b4d0000 - 0x00007ffc4b599000 	C:\windows\System32\KERNEL32.DLL
0x00007ffc49c00000 - 0x00007ffc49ff8000 	C:\windows\System32\KERNELBASE.dll
0x00007ffc4a2f0000 - 0x00007ffc4a43b000 	C:\windows\System32\ucrtbase.dll
0x00007ffc223c0000 - 0x00007ffc223d8000 	C:\Users\Aniket.Patil\.jdks\ms-17.0.16\bin\jli.dll
0x00007ffc1cd10000 - 0x00007ffc1cd2e000 	C:\Users\Aniket.Patil\.jdks\ms-17.0.16\bin\VCRUNTIME140.dll
0x00007ffc4afb0000 - 0x00007ffc4b177000 	C:\windows\System32\USER32.dll
0x00007ffc2f5f0000 - 0x00007ffc2f884000 	C:\windows\WinSxS\amd64_microsoft.windows.common-controls_6595b64144ccf1df_6.0.26100.7019_none_3e06ffa0e335b8a8\COMCTL32.dll
0x00007ffc49bd0000 - 0x00007ffc49bf7000 	C:\windows\System32\win32u.dll
0x00007ffc4b280000 - 0x00007ffc4b329000 	C:\windows\System32\msvcrt.dll
0x00007ffc4b6c0000 - 0x00007ffc4b6eb000 	C:\windows\System32\GDI32.dll
0x00007ffc4a5b0000 - 0x00007ffc4a6dc000 	C:\windows\System32\gdi32full.dll
0x00007ffc4a180000 - 0x00007ffc4a223000 	C:\windows\System32\msvcp_win.dll
0x00007ffc4ad50000 - 0x00007ffc4ad81000 	C:\windows\System32\IMM32.DLL
0x00007ffc2b1d0000 - 0x00007ffc2b1dc000 	C:\Users\Aniket.Patil\.jdks\ms-17.0.16\bin\vcruntime140_1.dll
0x00007ffc00bb0000 - 0x00007ffc00c39000 	C:\Users\Aniket.Patil\.jdks\ms-17.0.16\bin\msvcp140.dll
0x00007ffb7cb50000 - 0x00007ffb7d7ca000 	C:\Users\Aniket.Patil\.jdks\ms-17.0.16\bin\server\jvm.dll
0x00007ffc4b330000 - 0x00007ffc4b3e4000 	C:\windows\System32\ADVAPI32.dll
0x00007ffc4a8b0000 - 0x00007ffc4a956000 	C:\windows\System32\sechost.dll
0x00007ffc4b8a0000 - 0x00007ffc4b9b8000 	C:\windows\System32\RPCRT4.dll
0x00007ffc4b700000 - 0x00007ffc4b774000 	C:\windows\System32\WS2_32.dll
0x00007ffc49a30000 - 0x00007ffc49a8e000 	C:\windows\SYSTEM32\POWRPROF.dll
0x00007ffc3f980000 - 0x00007ffc3f9b5000 	C:\windows\SYSTEM32\WINMM.dll
0x00007ffc38890000 - 0x00007ffc3889b000 	C:\windows\SYSTEM32\VERSION.dll
0x00007ffc49a10000 - 0x00007ffc49a24000 	C:\windows\SYSTEM32\UMPDC.dll
0x00007ffc48820000 - 0x00007ffc4883b000 	C:\windows\SYSTEM32\kernel.appcore.dll
0x00007ffc2b190000 - 0x00007ffc2b19a000 	C:\Users\Aniket.Patil\.jdks\ms-17.0.16\bin\jimage.dll
0x00007ffc46ec0000 - 0x00007ffc47102000 	C:\windows\SYSTEM32\DBGHELP.DLL
0x00007ffc4bac0000 - 0x00007ffc4be4b000 	C:\windows\System32\combase.dll
0x00007ffc4b3f0000 - 0x00007ffc4b4c7000 	C:\windows\System32\OLEAUT32.dll
0x00007ffc2cf70000 - 0x00007ffc2cfac000 	C:\windows\SYSTEM32\dbgcore.DLL
0x00007ffc4a6e0000 - 0x00007ffc4a785000 	C:\windows\System32\bcryptPrimitives.dll
0x00007ffc2b130000 - 0x00007ffc2b13f000 	C:\Users\Aniket.Patil\.jdks\ms-17.0.16\bin\instrument.dll
0x00007ffc125b0000 - 0x00007ffc125d6000 	C:\Users\Aniket.Patil\.jdks\ms-17.0.16\bin\java.dll
0x00007ffbfc170000 - 0x00007ffbfc246000 	C:\Users\Aniket.Patil\.jdks\ms-17.0.16\bin\jsvml.dll
0x00007ffc4be50000 - 0x00007ffc4c59f000 	C:\windows\System32\SHELL32.dll
0x00007ffc4a440000 - 0x00007ffc4a5ab000 	C:\windows\System32\wintypes.dll
0x00007ffc47480000 - 0x00007ffc47cdd000 	C:\windows\SYSTEM32\windows.storage.dll
0x00007ffc4b9c0000 - 0x00007ffc4bab2000 	C:\windows\System32\SHCORE.dll
0x00007ffc4b180000 - 0x00007ffc4b1e7000 	C:\windows\System32\shlwapi.dll
0x00007ffc49af0000 - 0x00007ffc49b19000 	C:\windows\SYSTEM32\profapi.dll
0x00007ffc13040000 - 0x00007ffc13058000 	C:\Users\Aniket.Patil\.jdks\ms-17.0.16\bin\zip.dll
0x00007ffc1cc50000 - 0x00007ffc1cc6b000 	C:\Users\Aniket.Patil\.jdks\ms-17.0.16\bin\net.dll
0x00007ffc48840000 - 0x00007ffc48968000 	C:\windows\SYSTEM32\WINHTTP.dll
0x00007ffc48ea0000 - 0x00007ffc48f0b000 	C:\windows\system32\mswsock.dll
0x00007ffc1c560000 - 0x00007ffc1c576000 	C:\Users\Aniket.Patil\.jdks\ms-17.0.16\bin\nio.dll
0x00007ffc281f0000 - 0x00007ffc281f9000 	C:\Users\Aniket.Patil\.jdks\ms-17.0.16\bin\extnet.dll
0x00007ffc47fb0000 - 0x00007ffc47fe4000 	C:\windows\SYSTEM32\IPHLPAPI.DLL
0x00007ffc4b5f0000 - 0x00007ffc4b5fa000 	C:\windows\System32\NSI.dll
0x00007ffc43d90000 - 0x00007ffc43dae000 	C:\windows\SYSTEM32\dhcpcsvc6.DLL
0x00007ffc43d60000 - 0x00007ffc43d83000 	C:\windows\SYSTEM32\dhcpcsvc.DLL
0x00007ffc47ff0000 - 0x00007ffc4811c000 	C:\windows\SYSTEM32\DNSAPI.dll
0x00007ffc394c0000 - 0x00007ffc394cb000 	C:\Windows\System32\rasadhlp.dll
0x00007ffc2af80000 - 0x00007ffc2af8e000 	C:\Users\Aniket.Patil\.jdks\ms-17.0.16\bin\sunmscapi.dll
0x00007ffc4a000000 - 0x00007ffc4a177000 	C:\windows\System32\CRYPT32.dll
0x00007ffc493e0000 - 0x00007ffc49410000 	C:\windows\SYSTEM32\ncrypt.dll
0x00007ffc49390000 - 0x00007ffc493cf000 	C:\windows\SYSTEM32\NTASN1.dll
0x00007ffc49290000 - 0x00007ffc492ab000 	C:\windows\SYSTEM32\CRYPTSP.dll
0x00007ffc48780000 - 0x00007ffc487ba000 	C:\windows\system32\rsaenh.dll
0x00007ffc48f50000 - 0x00007ffc48f7b000 	C:\windows\SYSTEM32\USERENV.dll
0x00007ffc49ac0000 - 0x00007ffc49aea000 	C:\windows\SYSTEM32\bcrypt.dll
0x00007ffc490f0000 - 0x00007ffc490fc000 	C:\windows\SYSTEM32\CRYPTBASE.dll
0x00007ffc24c90000 - 0x00007ffc24c9a000 	C:\Users\Aniket.Patil\.jdks\ms-17.0.16\bin\management.dll
0x00007ffc1dfe0000 - 0x00007ffc1dfec000 	C:\Users\Aniket.Patil\.jdks\ms-17.0.16\bin\management_ext.dll
0x00007ffc4b6f0000 - 0x00007ffc4b6f8000 	C:\windows\System32\PSAPI.DLL
0x00007ffc1df90000 - 0x00007ffc1dfa0000 	C:\Users\Aniket.Patil\.jdks\ms-17.0.16\bin\verify.dll
0x00007ffc1b9c0000 - 0x00007ffc1b9d8000 	C:\windows\system32\napinsp.dll
0x00007ffc1b970000 - 0x00007ffc1b982000 	C:\windows\System32\winrnr.dll
0x00007ffc1b920000 - 0x00007ffc1b942000 	C:\windows\system32\nlansp_c.dll
0x00007ffc1b8e0000 - 0x00007ffc1b8f6000 	C:\windows\system32\wshbth.dll
0x00007ffc43fd0000 - 0x00007ffc44056000 	C:\windows\System32\fwpuclnt.dll
0x00007ffc30f20000 - 0x00007ffc30f28000 	C:\windows\system32\wshunix.dll

dbghelp: loaded successfully - version: 4.0.5 - missing functions: none
symbol engine: initialized successfully - sym options: 0x614 - pdb path: .;C:\Users\Aniket.Patil\.jdks\ms-17.0.16\bin;C:\windows\SYSTEM32;C:\windows\WinSxS\amd64_microsoft.windows.common-controls_6595b64144ccf1df_6.0.26100.7019_none_3e06ffa0e335b8a8;C:\Users\Aniket.Patil\.jdks\ms-17.0.16\bin\server

VM Arguments:
jvm_args: -javaagent:C:\Users\Aniket.Patil\AppData\Local\Programs\IntelliJ IDEA Community Edition 2025.2.1\lib\idea_rt.jar=61211 -Dfile.encoding=UTF-8 
java_command: com.eureka_registry_service.EurekaRegistryServiceApplication
java_class_path (initial): C:\Users\Aniket.Patil\Desktop\FullStack\Tele-Medicine-Backend\Eureka-Registery-Service\target\classes;C:\Users\Aniket.Patil\.m2\repository\org\springframework\boot\spring-boot-starter-webmvc\4.0.0\spring-boot-starter-webmvc-4.0.0.jar;C:\Users\Aniket.Patil\.m2\repository\org\springframework\boot\spring-boot-starter\4.0.0\spring-boot-starter-4.0.0.jar;C:\Users\Aniket.Patil\.m2\repository\org\springframework\boot\spring-boot-starter-logging\4.0.0\spring-boot-starter-logging-4.0.0.jar;C:\Users\Aniket.Patil\.m2\repository\ch\qos\logback\logback-classic\1.5.21\logback-classic-1.5.21.jar;C:\Users\Aniket.Patil\.m2\repository\ch\qos\logback\logback-core\1.5.21\logback-core-1.5.21.jar;C:\Users\Aniket.Patil\.m2\repository\org\apache\logging\log4j\log4j-to-slf4j\2.25.2\log4j-to-slf4j-2.25.2.jar;C:\Users\Aniket.Patil\.m2\repository\org\apache\logging\log4j\log4j-api\2.25.2\log4j-api-2.25.2.jar;C:\Users\Aniket.Patil\.m2\repository\org\slf4j\jul-to-slf4j\2.0.17\jul-to-slf4j-2.0.17.jar;C:\Users\Aniket.Patil\.m2\repository\org\springframework\boot\spring-boot-autoconfigure\4.0.0\spring-boot-autoconfigure-4.0.0.jar;C:\Users\Aniket.Patil\.m2\repository\jakarta\annotation\jakarta.annotation-api\3.0.0\jakarta.annotation-api-3.0.0.jar;C:\Users\Aniket.Patil\.m2\repository\org\yaml\snakeyaml\2.5\snakeyaml-2.5.jar;C:\Users\Aniket.Patil\.m2\repository\org\springframework\boot\spring-boot-starter-jackson\4.0.0\spring-boot-starter-jackson-4.0.0.jar;C:\Users\Aniket.Patil\.m2\repository\org\springframework\boot\spring-boot-jackson\4.0.0\spring-boot-jackson-4.0.0.jar;C:\Users\Aniket.Patil\.m2\repository\tools\jackson\core\jackson-databind\3.0.2\jackson-databind-3.0.2.jar;C:\Users\Aniket.Patil\.m2\repository\tools\jackson\core\jackson-core\3.0.2\jackson-core-3.0.2.jar;C:\Users\Aniket.Patil\.m2\repository\org\springframework\boot\spring-boot-starter-tomcat\4.0.0\spring-boot-starter-tomcat-4.0.0.jar;C:\Users\Aniket.Patil\.m2\repository\org\springframework\boot\spring-boo
Launcher Type: SUN_STANDARD

[Global flags]
     intx CICompilerCount                          = 4                                         {product} {ergonomic}
     uint ConcGCThreads                            = 2                                         {product} {ergonomic}
     uint G1ConcRefinementThreads                  = 8                                         {product} {ergonomic}
   size_t G1HeapRegionSize                         = 2097152                                   {product} {ergonomic}
    uintx GCDrainStackTargetSize                   = 64                                        {product} {ergonomic}
   size_t InitialHeapSize                          = 264241152                                 {product} {ergonomic}
   size_t MarkStackSize                            = 4194304                                   {product} {ergonomic}
   size_t MaxHeapSize                              = 4227858432                                {product} {ergonomic}
   size_t MaxNewSize                               = 2535456768                                {product} {ergonomic}
   size_t MinHeapDeltaBytes                        = 2097152                                   {product} {ergonomic}
   size_t MinHeapSize                              = 8388608                                   {product} {ergonomic}
    uintx NonNMethodCodeHeapSize                   = 5839372                                {pd product} {ergonomic}
    uintx NonProfiledCodeHeapSize                  = 122909434                              {pd product} {ergonomic}
    uintx ProfiledCodeHeapSize                     = 122909434                              {pd product} {ergonomic}
    uintx ReservedCodeCacheSize                    = 251658240                              {pd product} {ergonomic}
     bool SegmentedCodeCache                       = true                                      {product} {ergonomic}
   size_t SoftMaxHeapSize                          = 4227858432                             {manageable} {ergonomic}
     bool UseCompressedClassPointers               = true                           {product lp64_product} {ergonomic}
     bool UseCompressedOops                        = true                           {product lp64_product} {ergonomic}
     bool UseG1GC                                  = true                                      {product} {ergonomic}
     bool UseLargePagesIndividualAllocation        = false                                  {pd product} {ergonomic}

Logging:
Log output configuration:
 #0: stdout all=warning uptime,level,tags
 #1: stderr all=off uptime,level,tags

Environment Variables:
JAVA_HOME=C:\Program Files\Java\jdk-21
PATH=C:\Windows\System32;C:\Program Files\Java\jdk-21\bin;C:\Windows\System32\Wbem;C:\Windows;C:\Program Files\dotnet\;C:\Program Files\Amazon\AWSCLI\bin\;C:\Users\Aniket.Patil\Downloads\apache-maven-3.9.11\apache-maven-3.9.11\bin;C:\Program Files\nodejs\;C:\Program Files\MySQL\MySQL Shell 8.0\bin\;C:\Users\Aniket.Patil\AppData\Local\Microsoft\WindowsApps;C:\Users\Aniket.Patil\AppData\Local\Programs\Microsoft VS Code\bin;C:\Users\Aniket.Patil\AppData\Local\Programs\Git\cmd;C:\Users\Aniket.Patil\Downloads\apache-maven-3.9.11\apache-maven-3.9.11\bin;C:\Users\Aniket.Patil\AppData\Roaming\npm
USERNAME=Aniket.Patil
OS=Windows_NT
PROCESSOR_IDENTIFIER=Intel64 Family 6 Model 140 Stepping 1, GenuineIntel
TMP=C:\Users\ANIKET~1.PAT\AppData\Local\Temp
TEMP=C:\Users\ANIKET~1.PAT\AppData\Local\Temp



Periodic native trim disabled


---------------  S Y S T E M  ---------------

OS:
 Windows 11 , 64 bit Build 26100 (10.0.26100.7019)
OS uptime: 9 days 8:02 hours
Hyper-V role detected

CPU: total 8 (initial active 8) (4 cores per cpu, 2 threads per core) family 6 model 140 stepping 1 microcode 0xbc, cx8, cmov, fxsr, ht, mmx, 3dnowpref, sse, sse2, sse3, ssse3, sse4.1, sse4.2, popcnt, lzcnt, tsc, tscinvbit, avx, avx2, aes, erms, clmul, bmi1, bmi2, adx, avx512f, avx512dq, avx512cd, avx512bw, avx512vl, sha, fma, vzeroupper, avx512_vpopcntdq, avx512_vpclmulqdq, avx512_vaes, avx512_vnni, clflush, clflushopt, clwb, avx512_vbmi2, avx512_vbmi, hv
Processor Information for the first 8 processors :
  Max Mhz: 1382, Current Mhz: 1382, Mhz Limit: 1382

Memory: 4k page, system-wide physical 16126M (912M free)
TotalPageFile size 28414M (AvailPageFile size 5M)
current process WorkingSet (physical memory assigned to process): 253M, peak: 297M
current process commit charge ("private bytes"): 305M, peak: 401M

vm_info: OpenJDK 64-Bit Server VM (17.0.16+8-LTS) for windows-amd64 JRE (17.0.16+8-LTS), built on Jul 10 2025 00:24:24 by "MicrosoftCorporation" with unknown MS VC++:1944

END.
