#
# There is insufficient memory for the Java Runtime Environment to continue.
# Native memory allocation (malloc) failed to allocate 1054080 bytes. Error detail: Chunk::new
# Possible reasons:
#   The system is out of physical RAM or swap space
#   This process is running with CompressedOops enabled, and the Java Heap may be blocking the growth of the native heap
# Possible solutions:
#   Reduce memory load on the system
#   Increase physical memory or swap space
#   Check if swap backing store is full
#   Decrease Java heap size (-Xmx/-Xms)
#   Decrease number of Java threads
#   Decrease Java thread stack sizes (-Xss)
#   Set larger code cache with -XX:ReservedCodeCacheSize=
#   JVM is running with Unscaled Compressed Oops mode in which the Java heap is
#     placed in the first 4GB address space. The Java Heap base address is the
#     maximum limit for the native heap growth. Please use -XX:HeapBaseMinAddress
#     to set the Java Heap base and to place the Java Heap above 4GB virtual address.
# This output file may be truncated or incomplete.
#
#  Out of Memory Error (arena.cpp:168), pid=7648, tid=25104
#
# JRE version: OpenJDK Runtime Environment Temurin-21.0.9+10 (21.0.9+10) (build 21.0.9+10-LTS)
# Java VM: OpenJDK 64-Bit Server VM Temurin-21.0.9+10 (21.0.9+10-LTS, mixed mode, sharing, tiered, compressed oops, compressed class ptrs, parallel gc, windows-amd64)
# No core dump will be written. Minidumps are not enabled by default on client versions of Windows
#

---------------  S U M M A R Y ------------

Command Line: --add-modules=ALL-SYSTEM --add-opens=java.base/java.util=ALL-UNNAMED --add-opens=java.base/java.lang=ALL-UNNAMED --add-opens=java.base/sun.nio.fs=ALL-UNNAMED -Declipse.application=org.eclipse.jdt.ls.core.id1 -Dosgi.bundles.defaultStartLevel=4 -Declipse.product=org.eclipse.jdt.ls.core.product -Djava.import.generatesMetadataFilesAtProjectRoot=false -DDetectVMInstallationsJob.disabled=true -Dfile.encoding=utf8 -XX:+UseParallelGC -XX:GCTimeRatio=4 -XX:AdaptiveSizePolicyWeight=90 -Dsun.zip.disableMemoryMapping=true -Xmx2G -Xms100m -Xlog:disable -javaagent:c:\Users\Aniket.Patil\.vscode\extensions\redhat.java-1.50.0-win32-x64\lombok\lombok-1.18.39-4050.jar -XX:+HeapDumpOnOutOfMemoryError -XX:HeapDumpPath=c:\Users\Aniket.Patil\AppData\Roaming\Code\User\workspaceStorage\e8b652bc64e2858438f55a4a76d67bd4\redhat.java -Daether.dependencyCollector.impl=bf c:\Users\Aniket.Patil\.vscode\extensions\redhat.java-1.50.0-win32-x64\server\plugins\org.eclipse.equinox.launcher_1.7.100.v20251111-0406.jar -configuration c:\Users\Aniket.Patil\AppData\Roaming\Code\User\globalStorage\redhat.java\1.50.0\config_win -data c:\Users\Aniket.Patil\AppData\Roaming\Code\User\workspaceStorage\e8b652bc64e2858438f55a4a76d67bd4\redhat.java\jdt_ws --pipe=\\.\pipe\lsp-83a0e300de5ca2cfac8b9f8796263583-sock

Host: 11th Gen Intel(R) Core(TM) i5-1135G7 @ 2.40GHz, 8 cores, 15G,  Windows 11 , 64 bit Build 26100 (10.0.26100.7019)
Time: Thu Nov 27 17:23:00 2025 India Standard Time elapsed time: 19.925733 seconds (0d 0h 0m 19s)

---------------  T H R E A D  ---------------

Current thread (0x0000026908c59cc0):  JavaThread "C2 CompilerThread0" daemon [_thread_in_native, id=25104, stack(0x0000008e3a600000,0x0000008e3a700000) (1024K)]


Current CompileTask:
C2:19925 13489 %     4       org.eclipse.jdt.internal.core.search.indexing.BinaryIndexer::extractReferenceFromConstantPool @ 15 (358 bytes)

Stack: [0x0000008e3a600000,0x0000008e3a700000]
Native frames: (J=compiled Java code, j=interpreted, Vv=VM code, C=native code)
V  [jvm.dll+0x6d6e29]
V  [jvm.dll+0x8b4b76]
V  [jvm.dll+0x8b712e]
V  [jvm.dll+0x8b7813]
V  [jvm.dll+0x283d86]
V  [jvm.dll+0xc66ed]
V  [jvm.dll+0xc6c31]
V  [jvm.dll+0x3be53b]
V  [jvm.dll+0x1e3b52]
V  [jvm.dll+0x24c0f3]
V  [jvm.dll+0x24b580]
V  [jvm.dll+0x1cb13e]
V  [jvm.dll+0x25b29d]
V  [jvm.dll+0x25982a]
V  [jvm.dll+0x3f7ea6]
V  [jvm.dll+0x85e9ad]
V  [jvm.dll+0x6d565d]
C  [ucrtbase.dll+0x37b0]
C  [KERNEL32.DLL+0x2e8d7]
C  [ntdll.dll+0x8c53c]


---------------  P R O C E S S  ---------------

Threads class SMR info:
_java_thread_list=0x000002696af2bd50, length=63, elements={
0x00000269068d8b60, 0x0000026908d89bf0, 0x0000026908d8cb10, 0x0000026908c46580,
0x0000026908c4a220, 0x0000026908c4c450, 0x0000026908c52420, 0x0000026908c59cc0,
0x0000026908c5bd60, 0x00000269661bb540, 0x0000026966324290, 0x0000026966b372e0,
0x0000026966ddc290, 0x0000026966a5b440, 0x0000026966a61fe0, 0x0000026966bfd7e0,
0x0000026967176f60, 0x0000026967211cb0, 0x0000026967458fa0, 0x0000026966ff7590,
0x0000026966ff61e0, 0x0000026966ff6870, 0x0000026966ff6f00, 0x0000026968cfb5d0,
0x0000026968cf9500, 0x0000026968cfbc60, 0x0000026968cfc2f0, 0x0000026968cfaf40,
0x0000026968cf8e70, 0x0000026968cfc980, 0x0000026968cfd010, 0x0000026968cf9b90,
0x0000026968cfa220, 0x0000026968cfa8b0, 0x0000026968d00490, 0x0000026968cff0e0,
0x0000026968cfe3c0, 0x0000026968cfd6a0, 0x0000026969289df0, 0x000002696928b1a0,
0x000002696928e620, 0x000002696928c550, 0x000002696928d900, 0x000002696928d270,
0x000002696928ecb0, 0x000002696928df90, 0x000002696928bec0, 0x000002696928b830,
0x000002696ad46050, 0x000002696ad466e0, 0x000002696ad459c0, 0x000002696ad46d70,
0x000002696ad44ca0, 0x000002696ad44610, 0x000002696ad45330, 0x000002696b11bc50,
0x000002696b11c2e0, 0x000002696b11a210, 0x000002696b11af30, 0x000002696b11dd20,
0x000002696b11b5c0, 0x00000269704502c0, 0x0000026970451060
}

Java Threads: ( => current thread )
  0x00000269068d8b60 JavaThread "main"                              [_thread_blocked, id=320, stack(0x0000008e39c00000,0x0000008e39d00000) (1024K)]
  0x0000026908d89bf0 JavaThread "Reference Handler"          daemon [_thread_blocked, id=25452, stack(0x0000008e3a000000,0x0000008e3a100000) (1024K)]
  0x0000026908d8cb10 JavaThread "Finalizer"                  daemon [_thread_blocked, id=27148, stack(0x0000008e3a100000,0x0000008e3a200000) (1024K)]
  0x0000026908c46580 JavaThread "Signal Dispatcher"          daemon [_thread_blocked, id=12328, stack(0x0000008e3a200000,0x0000008e3a300000) (1024K)]
  0x0000026908c4a220 JavaThread "Attach Listener"            daemon [_thread_blocked, id=25200, stack(0x0000008e3a300000,0x0000008e3a400000) (1024K)]
  0x0000026908c4c450 JavaThread "Service Thread"             daemon [_thread_blocked, id=16508, stack(0x0000008e3a400000,0x0000008e3a500000) (1024K)]
  0x0000026908c52420 JavaThread "Monitor Deflation Thread"   daemon [_thread_blocked, id=13604, stack(0x0000008e3a500000,0x0000008e3a600000) (1024K)]
=>0x0000026908c59cc0 JavaThread "C2 CompilerThread0"         daemon [_thread_in_native, id=25104, stack(0x0000008e3a600000,0x0000008e3a700000) (1024K)]
  0x0000026908c5bd60 JavaThread "C1 CompilerThread0"         daemon [_thread_blocked, id=23972, stack(0x0000008e3a700000,0x0000008e3a800000) (1024K)]
  0x00000269661bb540 JavaThread "Common-Cleaner"             daemon [_thread_blocked, id=22988, stack(0x0000008e3a800000,0x0000008e3a900000) (1024K)]
  0x0000026966324290 JavaThread "Notification Thread"        daemon [_thread_blocked, id=27892, stack(0x0000008e3a900000,0x0000008e3aa00000) (1024K)]
  0x0000026966b372e0 JavaThread "Active Thread: Equinox Container: ba41c490-6f24-46c1-a4ac-05f9219eb91e"        [_thread_blocked, id=29320, stack(0x0000008e3b200000,0x0000008e3b300000) (1024K)]
  0x0000026966ddc290 JavaThread "Refresh Thread: Equinox Container: ba41c490-6f24-46c1-a4ac-05f9219eb91e" daemon [_thread_blocked, id=14272, stack(0x0000008e3b300000,0x0000008e3b400000) (1024K)]
  0x0000026966a5b440 JavaThread "Framework Event Dispatcher: Equinox Container: ba41c490-6f24-46c1-a4ac-05f9219eb91e" daemon [_thread_blocked, id=19452, stack(0x0000008e3b500000,0x0000008e3b600000) (1024K)]
  0x0000026966a61fe0 JavaThread "Start Level: Equinox Container: ba41c490-6f24-46c1-a4ac-05f9219eb91e" daemon [_thread_blocked, id=27144, stack(0x0000008e3b600000,0x0000008e3b700000) (1024K)]
  0x0000026966bfd7e0 JavaThread "Bundle File Closer"         daemon [_thread_blocked, id=1232, stack(0x0000008e3b700000,0x0000008e3b800000) (1024K)]
  0x0000026967176f60 JavaThread "SCR Component Actor"        daemon [_thread_blocked, id=11244, stack(0x0000008e3ab00000,0x0000008e3ac00000) (1024K)]
  0x0000026967211cb0 JavaThread "Worker-JM"                         [_thread_blocked, id=7268, stack(0x0000008e3b800000,0x0000008e3b900000) (1024K)]
  0x0000026967458fa0 JavaThread "JNA Cleaner"                daemon [_thread_blocked, id=5040, stack(0x0000008e3aa00000,0x0000008e3ab00000) (1024K)]
  0x0000026966ff7590 JavaThread "Worker-0"                          [_thread_blocked, id=21140, stack(0x0000008e3b900000,0x0000008e3ba00000) (1024K)]
  0x0000026966ff61e0 JavaThread "Worker-1: Initialize Workspace"        [_thread_blocked, id=22012, stack(0x0000008e3ba00000,0x0000008e3bb00000) (1024K)]
  0x0000026966ff6870 JavaThread "Worker-2: Publish Diagnostics"        [_thread_in_Java, id=27992, stack(0x0000008e3bc00000,0x0000008e3bd00000) (1024K)]
  0x0000026966ff6f00 JavaThread "Java indexing"              daemon [_thread_in_native, id=28440, stack(0x0000008e3be00000,0x0000008e3bf00000) (1024K)]
  0x0000026968cfb5d0 JavaThread "Worker-3: Initialize workspace"        [_thread_blocked, id=5032, stack(0x0000008e3bf00000,0x0000008e3c000000) (1024K)]
  0x0000026968cf9500 JavaThread "Worker-4: Java indexing... "        [_thread_blocked, id=28152, stack(0x0000008e3c200000,0x0000008e3c300000) (1024K)]
  0x0000026968cfbc60 JavaThread "Thread-1"                   daemon [_thread_in_native, id=29092, stack(0x0000008e3c300000,0x0000008e3c400000) (1024K)]
  0x0000026968cfc2f0 JavaThread "Thread-2"                   daemon [_thread_in_native, id=23216, stack(0x0000008e3c400000,0x0000008e3c500000) (1024K)]
  0x0000026968cfaf40 JavaThread "Thread-3"                   daemon [_thread_in_native, id=12548, stack(0x0000008e3c500000,0x0000008e3c600000) (1024K)]
  0x0000026968cf8e70 JavaThread "Thread-4"                   daemon [_thread_in_native, id=5340, stack(0x0000008e3c600000,0x0000008e3c700000) (1024K)]
  0x0000026968cfc980 JavaThread "Thread-5"                   daemon [_thread_in_native, id=7588, stack(0x0000008e3c700000,0x0000008e3c800000) (1024K)]
  0x0000026968cfd010 JavaThread "Thread-6"                   daemon [_thread_in_native, id=19648, stack(0x0000008e3c800000,0x0000008e3c900000) (1024K)]
  0x0000026968cf9b90 JavaThread "Thread-7"                   daemon [_thread_in_native, id=26416, stack(0x0000008e3c900000,0x0000008e3ca00000) (1024K)]
  0x0000026968cfa220 JavaThread "Thread-8"                   daemon [_thread_in_native, id=9368, stack(0x0000008e3ca00000,0x0000008e3cb00000) (1024K)]
  0x0000026968cfa8b0 JavaThread "Thread-9"                   daemon [_thread_in_native, id=24836, stack(0x0000008e3cb00000,0x0000008e3cc00000) (1024K)]
  0x0000026968d00490 JavaThread "pool-2-thread-1"                   [_thread_blocked, id=17852, stack(0x0000008e3cc00000,0x0000008e3cd00000) (1024K)]
  0x0000026968cff0e0 JavaThread "Worker-5"                          [_thread_blocked, id=4192, stack(0x0000008e3cd00000,0x0000008e3ce00000) (1024K)]
  0x0000026968cfe3c0 JavaThread "WorkspaceEventsHandler"            [_thread_blocked, id=14248, stack(0x0000008e3ce00000,0x0000008e3cf00000) (1024K)]
  0x0000026968cfd6a0 JavaThread "pool-1-thread-1"                   [_thread_blocked, id=11184, stack(0x0000008e3cf00000,0x0000008e3d000000) (1024K)]
  0x0000026969289df0 JavaThread "Worker-6"                          [_thread_blocked, id=29276, stack(0x0000008e3d000000,0x0000008e3d100000) (1024K)]
  0x000002696928b1a0 JavaThread "LocalFile Deleter"          daemon [_thread_blocked, id=10732, stack(0x0000008e3d900000,0x0000008e3da00000) (1024K)]
  0x000002696928e620 JavaThread "LocalFile Deleter"          daemon [_thread_blocked, id=17236, stack(0x0000008e3da00000,0x0000008e3db00000) (1024K)]
  0x000002696928c550 JavaThread "LocalFile Deleter"          daemon [_thread_blocked, id=27360, stack(0x0000008e3db00000,0x0000008e3dc00000) (1024K)]
  0x000002696928d900 JavaThread "LocalFile Deleter"          daemon [_thread_blocked, id=21516, stack(0x0000008e3dc00000,0x0000008e3dd00000) (1024K)]
  0x000002696928d270 JavaThread "LocalFile Deleter"          daemon [_thread_blocked, id=29152, stack(0x0000008e3dd00000,0x0000008e3de00000) (1024K)]
  0x000002696928ecb0 JavaThread "LocalFile Deleter"          daemon [_thread_blocked, id=26968, stack(0x0000008e3de00000,0x0000008e3df00000) (1024K)]
  0x000002696928df90 JavaThread "LocalFile Deleter"          daemon [_thread_blocked, id=23444, stack(0x0000008e3df00000,0x0000008e3e000000) (1024K)]
  0x000002696928bec0 JavaThread "LocalFile Deleter"          daemon [_thread_blocked, id=29284, stack(0x0000008e3e000000,0x0000008e3e100000) (1024K)]
  0x000002696928b830 JavaThread "Compiler Source File Reader" daemon [_thread_blocked, id=12980, stack(0x0000008e3e100000,0x0000008e3e200000) (1024K)]
  0x000002696ad46050 JavaThread "Compiler Source File Reader" daemon [_thread_blocked, id=26520, stack(0x0000008e3e200000,0x0000008e3e300000) (1024K)]
  0x000002696ad466e0 JavaThread "Compiler Source File Reader" daemon [_thread_blocked, id=17692, stack(0x0000008e3e300000,0x0000008e3e400000) (1024K)]
  0x000002696ad459c0 JavaThread "Compiler Source File Reader" daemon [_thread_blocked, id=1928, stack(0x0000008e3e400000,0x0000008e3e500000) (1024K)]
  0x000002696ad46d70 JavaThread "Compiler Source File Reader" daemon [_thread_blocked, id=23816, stack(0x0000008e3e500000,0x0000008e3e600000) (1024K)]
  0x000002696ad44ca0 JavaThread "Compiler Source File Reader" daemon [_thread_blocked, id=16260, stack(0x0000008e3e600000,0x0000008e3e700000) (1024K)]
  0x000002696ad44610 JavaThread "Compiler Processing Task"   daemon [_thread_blocked, id=24696, stack(0x0000008e3e700000,0x0000008e3e800000) (1024K)]
  0x000002696ad45330 JavaThread "Compiler Class File Writer" daemon [_thread_blocked, id=9236, stack(0x0000008e3e800000,0x0000008e3e900000) (1024K)]
  0x000002696b11bc50 JavaThread "Compiler Class File Writer" daemon [_thread_blocked, id=5328, stack(0x0000008e3e900000,0x0000008e3ea00000) (1024K)]
  0x000002696b11c2e0 JavaThread "Compiler Class File Writer" daemon [_thread_blocked, id=21780, stack(0x0000008e3ea00000,0x0000008e3eb00000) (1024K)]
  0x000002696b11a210 JavaThread "Compiler Class File Writer" daemon [_thread_blocked, id=22992, stack(0x0000008e3eb00000,0x0000008e3ec00000) (1024K)]
  0x000002696b11af30 JavaThread "Compiler Class File Writer" daemon [_thread_blocked, id=18728, stack(0x0000008e3ec00000,0x0000008e3ed00000) (1024K)]
  0x000002696b11dd20 JavaThread "Compiler Class File Writer" daemon [_thread_blocked, id=23964, stack(0x0000008e3ed00000,0x0000008e3ee00000) (1024K)]
  0x000002696b11b5c0 JavaThread "ForkJoinPool.commonPool-worker-1" daemon [_thread_in_Java, id=20504, stack(0x0000008e3d100000,0x0000008e3d200000) (1024K)]
  0x00000269704502c0 JavaThread "C2 CompilerThread1"         daemon [_thread_in_native, id=21068, stack(0x0000008e3bb00000,0x0000008e3bc00000) (1024K)]
  0x0000026970451060 JavaThread "C2 CompilerThread2"         daemon [_thread_in_native, id=27108, stack(0x0000008e3bd00000,0x0000008e3be00000) (1024K)]
Total: 63

Other Threads:
  0x0000026908c41d30 VMThread "VM Thread"                           [id=2924, stack(0x0000008e39f00000,0x0000008e3a000000) (1024K)]
  0x0000026908d3a0a0 WatcherThread "VM Periodic Task Thread"        [id=3372, stack(0x0000008e39e00000,0x0000008e39f00000) (1024K)]
  0x0000026908ce9710 WorkerThread "GC Thread#0"                     [id=23948, stack(0x0000008e39d00000,0x0000008e39e00000) (1024K)]
  0x00000269665e7e30 WorkerThread "GC Thread#1"                     [id=460, stack(0x0000008e3ac00000,0x0000008e3ad00000) (1024K)]
  0x00000269665e81d0 WorkerThread "GC Thread#2"                     [id=22872, stack(0x0000008e3ad00000,0x0000008e3ae00000) (1024K)]
  0x00000269665e8570 WorkerThread "GC Thread#3"                     [id=6388, stack(0x0000008e3ae00000,0x0000008e3af00000) (1024K)]
  0x00000269665e8910 WorkerThread "GC Thread#4"                     [id=28008, stack(0x0000008e3af00000,0x0000008e3b000000) (1024K)]
  0x00000269665e8cb0 WorkerThread "GC Thread#5"                     [id=26508, stack(0x0000008e3b000000,0x0000008e3b100000) (1024K)]
  0x00000269664be1a0 WorkerThread "GC Thread#6"                     [id=21600, stack(0x0000008e3b100000,0x0000008e3b200000) (1024K)]
  0x0000026966b8e0c0 WorkerThread "GC Thread#7"                     [id=14232, stack(0x0000008e3b400000,0x0000008e3b500000) (1024K)]
Total: 10

Threads with active compile tasks:
C2 CompilerThread0  20992 13489 %     4       org.eclipse.jdt.internal.core.search.indexing.BinaryIndexer::extractReferenceFromConstantPool @ 15 (358 bytes)
C2 CompilerThread1  20992 13354   !   4       org.eclipse.jdt.internal.core.search.indexing.BinaryIndexer::indexDocument (1172 bytes)
C2 CompilerThread2  20992 13457       4       org.eclipse.jdt.internal.compiler.parser.Scanner::internalScanIdentifierOrKeyword (5041 bytes)
Total: 3

VM state: not at safepoint (normal execution)

VM Mutex/Monitor currently owned by a thread: None

Heap address: 0x0000000080000000, size: 2048 MB, Compressed Oops mode: 32-bit

CDS archive(s) mapped at: [0x0000026920000000-0x0000026920ba0000-0x0000026920ba0000), size 12189696, SharedBaseAddress: 0x0000026920000000, ArchiveRelocationMode: 1.
Compressed class space mapped at: 0x0000026921000000-0x0000026961000000, reserved size: 1073741824
Narrow klass base: 0x0000026920000000, Narrow klass shift: 0, Narrow klass range: 0x100000000

GC Precious Log:
 CardTable entry size: 512
 CPUs: 8 total, 8 available
 Memory: 16126M
 Large Page Support: Disabled
 NUMA Support: Disabled
 Compressed Oops: Enabled (32-bit)
 Alignments: Space 512K, Generation 512K, Heap 2M
 Heap Min Capacity: 100M
 Heap Initial Capacity: 100M
 Heap Max Capacity: 2G
 Pre-touch: Disabled
 Parallel Workers: 8

Heap:
 PSYoungGen      total 11264K, used 9626K [0x00000000d5580000, 0x00000000d6280000, 0x0000000100000000)
  eden space 10240K, 89% used [0x00000000d5580000,0x00000000d5e7ea28,0x00000000d5f80000)
  from space 1024K, 40% used [0x00000000d6080000,0x00000000d60e8000,0x00000000d6180000)
  to   space 512K, 0% used [0x00000000d6200000,0x00000000d6200000,0x00000000d6280000)
 ParOldGen       total 429568K, used 429401K [0x0000000080000000, 0x000000009a380000, 0x00000000d5580000)
  object space 429568K, 99% used [0x0000000080000000,0x000000009a356538,0x000000009a380000)
 Metaspace       used 65270K, committed 66880K, reserved 1114112K
  class space    used 6817K, committed 7552K, reserved 1048576K

Card table byte_map: [0x0000026908670000,0x0000026908a80000] _byte_map_base: 0x0000026908270000

Marking Bits: (ParMarkBitMap*) 0x00007ffba1cf2460
 Begin Bits: [0x000002691b180000, 0x000002691d180000)
 End Bits:   [0x000002691d180000, 0x000002691f180000)

Polling page: 0x0000026906aa0000

Metaspace:

Usage:
  Non-class:     57.08 MB used.
      Class:      6.66 MB used.
       Both:     63.74 MB used.

Virtual space:
  Non-class space:       64.00 MB reserved,      57.94 MB ( 91%) committed,  1 nodes.
      Class space:        1.00 GB reserved,       7.38 MB ( <1%) committed,  1 nodes.
             Both:        1.06 GB reserved,      65.31 MB (  6%) committed. 

Chunk freelists:
   Non-Class:  5.66 MB
       Class:  8.67 MB
        Both:  14.33 MB

MaxMetaspaceSize: unlimited
CompressedClassSpaceSize: 1.00 GB
Initial GC threshold: 21.00 MB
Current GC threshold: 98.69 MB
CDS: on
 - commit_granule_bytes: 65536.
 - commit_granule_words: 8192.
 - virtual_space_node_default_size: 8388608.
 - enlarge_chunks_in_place: 1.
 - use_allocation_guard: 0.


Internal statistics:

num_allocs_failed_limit: 17.
num_arena_births: 1290.
num_arena_deaths: 14.
num_vsnodes_births: 2.
num_vsnodes_deaths: 0.
num_space_committed: 1045.
num_space_uncommitted: 0.
num_chunks_returned_to_freelist: 31.
num_chunks_taken_from_freelist: 4505.
num_chunk_merges: 21.
num_chunk_splits: 2704.
num_chunks_enlarged: 1439.
num_inconsistent_stats: 0.

CodeHeap 'non-profiled nmethods': size=120000Kb used=10014Kb max_used=10014Kb free=109985Kb
 bounds [0x00000269139a0000, 0x0000026914370000, 0x000002691aed0000]
CodeHeap 'profiled nmethods': size=120000Kb used=29325Kb max_used=29325Kb free=90674Kb
 bounds [0x000002690bed0000, 0x000002690db80000, 0x0000026913400000]
CodeHeap 'non-nmethods': size=5760Kb used=1461Kb max_used=1530Kb free=4298Kb
 bounds [0x0000026913400000, 0x0000026913670000, 0x00000269139a0000]
CodeCache: size=245760Kb, used=40800Kb, max_used=40869Kb, free=204957Kb
 total_blobs=13435, nmethods=12668, adapters=671, full_count=0
Compilation: enabled, stopped_count=0, restarted_count=0

Compilation events (20 events):
Event: 18.742 Thread 0x0000026908c5bd60 13494       1       org.eclipse.jdt.internal.core.PackageFragment::isValidPackageName (5 bytes)
Event: 18.742 Thread 0x0000026908c5bd60 nmethod 13494 0x0000026914358690 code [0x0000026914358820, 0x00000269143588f0]
Event: 18.742 Thread 0x0000026908c5bd60 13495   !   2       org.eclipse.jdt.internal.core.JarPackageFragmentRoot::getClassFilePath (48 bytes)
Event: 18.743 Thread 0x0000026908c5bd60 nmethod 13495 0x000002690db6be10 code [0x000002690db6c080, 0x000002690db6c670]
Event: 18.744 Thread 0x0000026908c5bd60 13496       1       org.eclipse.jdt.internal.core.JavaProject::getElementType (2 bytes)
Event: 18.744 Thread 0x0000026908c5bd60 nmethod 13496 0x0000026914358990 code [0x0000026914358b20, 0x0000026914358be8]
Event: 18.744 Thread 0x0000026908c5bd60 13497       2       java.util.ImmutableCollections$MapN$MapNIterator::<init> (40 bytes)
Event: 18.744 Thread 0x0000026908c5bd60 nmethod 13497 0x000002690db6cd90 code [0x000002690db6cf20, 0x000002690db6d078]
Event: 18.744 Thread 0x0000026908c5bd60 13498       2       org.eclipse.core.internal.resources.OS::isNameValid (126 bytes)
Event: 18.746 Thread 0x0000026908c5bd60 nmethod 13498 0x000002690db6d190 code [0x000002690db6d420, 0x000002690db6da70]
Event: 18.746 Thread 0x0000026908c5bd60 13499       2       org.eclipse.jdt.internal.core.JarPackageFragment::computeNonJavaResources (474 bytes)
Event: 18.748 Thread 0x0000026908c59cc0 nmethod 13481 0x0000026914358c90 code [0x0000026914358e60, 0x00000269143594b0]
Event: 18.748 Thread 0x0000026908c59cc0 13489 %     4       org.eclipse.jdt.internal.core.search.indexing.BinaryIndexer::extractReferenceFromConstantPool @ 15 (358 bytes)
Event: 18.749 Thread 0x0000026908c5bd60 nmethod 13499 0x000002690db6de90 code [0x000002690db6e2c0, 0x000002690db6fb78]
Event: 18.779 Thread 0x0000026908c5bd60 13500       2       java.util.ImmutableCollections$Map1::entrySet (19 bytes)
Event: 18.780 Thread 0x0000026908c5bd60 nmethod 13500 0x000002690db70e90 code [0x000002690db71060, 0x000002690db71418]
Event: 18.805 Thread 0x0000026970451060 nmethod 13445 0x0000026914359810 code [0x0000026914359e60, 0x000002691435e178]
Event: 18.806 Thread 0x0000026970451060 13501       4       org.eclipse.jdt.internal.core.search.indexing.AbstractIndexer::addClassDeclaration (129 bytes)
Event: 18.806 Thread 0x0000026908c5bd60 13502       3       org.eclipse.jdt.internal.compiler.classfmt.AnnotationInfo::scanAnnotation (330 bytes)
Event: 18.807 Thread 0x0000026908c5bd60 nmethod 13502 0x000002690db71610 code [0x000002690db71920, 0x000002690db729a8]

GC Heap History (20 events):
Event: 18.777 GC heap after
{Heap after GC invocations=511 (full 3):
 PSYoungGen      total 10240K, used 480K [0x00000000d5580000, 0x00000000d6080000, 0x0000000100000000)
  eden space 9728K, 0% used [0x00000000d5580000,0x00000000d5580000,0x00000000d5f00000)
  from space 512K, 93% used [0x00000000d6000000,0x00000000d6078000,0x00000000d6080000)
  to   space 512K, 0% used [0x00000000d5f80000,0x00000000d5f80000,0x00000000d6000000)
 ParOldGen       total 423424K, used 422938K [0x0000000080000000, 0x0000000099d80000, 0x00000000d5580000)
  object space 423424K, 99% used [0x0000000080000000,0x0000000099d069e0,0x0000000099d80000)
 Metaspace       used 65270K, committed 66880K, reserved 1114112K
  class space    used 6817K, committed 7552K, reserved 1048576K
}
Event: 18.785 GC heap before
{Heap before GC invocations=512 (full 3):
 PSYoungGen      total 10240K, used 10208K [0x00000000d5580000, 0x00000000d6080000, 0x0000000100000000)
  eden space 9728K, 100% used [0x00000000d5580000,0x00000000d5f00000,0x00000000d5f00000)
  from space 512K, 93% used [0x00000000d6000000,0x00000000d6078000,0x00000000d6080000)
  to   space 512K, 0% used [0x00000000d5f80000,0x00000000d5f80000,0x00000000d6000000)
 ParOldGen       total 423424K, used 422938K [0x0000000080000000, 0x0000000099d80000, 0x00000000d5580000)
  object space 423424K, 99% used [0x0000000080000000,0x0000000099d069e0,0x0000000099d80000)
 Metaspace       used 65270K, committed 66880K, reserved 1114112K
  class space    used 6817K, committed 7552K, reserved 1048576K
}
Event: 18.788 GC heap after
{Heap after GC invocations=512 (full 3):
 PSYoungGen      total 10752K, used 480K [0x00000000d5580000, 0x00000000d6200000, 0x0000000100000000)
  eden space 10240K, 0% used [0x00000000d5580000,0x00000000d5580000,0x00000000d5f80000)
  from space 512K, 93% used [0x00000000d5f80000,0x00000000d5ff8000,0x00000000d6000000)
  to   space 512K, 0% used [0x00000000d6180000,0x00000000d6180000,0x00000000d6200000)
 ParOldGen       total 423424K, used 423250K [0x0000000080000000, 0x0000000099d80000, 0x00000000d5580000)
  object space 423424K, 99% used [0x0000000080000000,0x0000000099d549e0,0x0000000099d80000)
 Metaspace       used 65270K, committed 66880K, reserved 1114112K
  class space    used 6817K, committed 7552K, reserved 1048576K
}
Event: 18.797 GC heap before
{Heap before GC invocations=513 (full 3):
 PSYoungGen      total 10752K, used 10720K [0x00000000d5580000, 0x00000000d6200000, 0x0000000100000000)
  eden space 10240K, 100% used [0x00000000d5580000,0x00000000d5f80000,0x00000000d5f80000)
  from space 512K, 93% used [0x00000000d5f80000,0x00000000d5ff8000,0x00000000d6000000)
  to   space 512K, 0% used [0x00000000d6180000,0x00000000d6180000,0x00000000d6200000)
 ParOldGen       total 423424K, used 423250K [0x0000000080000000, 0x0000000099d80000, 0x00000000d5580000)
  object space 423424K, 99% used [0x0000000080000000,0x0000000099d549e0,0x0000000099d80000)
 Metaspace       used 65270K, committed 66880K, reserved 1114112K
  class space    used 6817K, committed 7552K, reserved 1048576K
}
Event: 18.799 GC heap after
{Heap after GC invocations=513 (full 3):
 PSYoungGen      total 11776K, used 512K [0x00000000d5580000, 0x00000000d6380000, 0x0000000100000000)
  eden space 11264K, 0% used [0x00000000d5580000,0x00000000d5580000,0x00000000d6080000)
  from space 512K, 100% used [0x00000000d6180000,0x00000000d6200000,0x00000000d6200000)
  to   space 1024K, 0% used [0x00000000d6080000,0x00000000d6080000,0x00000000d6180000)
 ParOldGen       total 423936K, used 423554K [0x0000000080000000, 0x0000000099e00000, 0x00000000d5580000)
  object space 423936K, 99% used [0x0000000080000000,0x0000000099da09e0,0x0000000099e00000)
 Metaspace       used 65270K, committed 66880K, reserved 1114112K
  class space    used 6817K, committed 7552K, reserved 1048576K
}
Event: 18.807 GC heap before
{Heap before GC invocations=514 (full 3):
 PSYoungGen      total 11776K, used 11776K [0x00000000d5580000, 0x00000000d6380000, 0x0000000100000000)
  eden space 11264K, 100% used [0x00000000d5580000,0x00000000d6080000,0x00000000d6080000)
  from space 512K, 100% used [0x00000000d6180000,0x00000000d6200000,0x00000000d6200000)
  to   space 1024K, 0% used [0x00000000d6080000,0x00000000d6080000,0x00000000d6180000)
 ParOldGen       total 423936K, used 423554K [0x0000000080000000, 0x0000000099e00000, 0x00000000d5580000)
  object space 423936K, 99% used [0x0000000080000000,0x0000000099da09e0,0x0000000099e00000)
 Metaspace       used 65270K, committed 66880K, reserved 1114112K
  class space    used 6817K, committed 7552K, reserved 1048576K
}
Event: 18.809 GC heap after
{Heap after GC invocations=514 (full 3):
 PSYoungGen      total 12288K, used 512K [0x00000000d5580000, 0x00000000d6280000, 0x0000000100000000)
  eden space 11264K, 0% used [0x00000000d5580000,0x00000000d5580000,0x00000000d6080000)
  from space 1024K, 50% used [0x00000000d6080000,0x00000000d6100000,0x00000000d6180000)
  to   space 1024K, 0% used [0x00000000d6180000,0x00000000d6180000,0x00000000d6280000)
 ParOldGen       total 424448K, used 423986K [0x0000000080000000, 0x0000000099e80000, 0x00000000d5580000)
  object space 424448K, 99% used [0x0000000080000000,0x0000000099e0c9e0,0x0000000099e80000)
 Metaspace       used 65270K, committed 66880K, reserved 1114112K
  class space    used 6817K, committed 7552K, reserved 1048576K
}
Event: 18.816 GC heap before
{Heap before GC invocations=515 (full 3):
 PSYoungGen      total 12288K, used 11776K [0x00000000d5580000, 0x00000000d6280000, 0x0000000100000000)
  eden space 11264K, 100% used [0x00000000d5580000,0x00000000d6080000,0x00000000d6080000)
  from space 1024K, 50% used [0x00000000d6080000,0x00000000d6100000,0x00000000d6180000)
  to   space 1024K, 0% used [0x00000000d6180000,0x00000000d6180000,0x00000000d6280000)
 ParOldGen       total 424448K, used 423986K [0x0000000080000000, 0x0000000099e80000, 0x00000000d5580000)
  object space 424448K, 99% used [0x0000000080000000,0x0000000099e0c9e0,0x0000000099e80000)
 Metaspace       used 65270K, committed 66880K, reserved 1114112K
  class space    used 6817K, committed 7552K, reserved 1048576K
}
Event: 18.818 GC heap after
{Heap after GC invocations=515 (full 3):
 PSYoungGen      total 11776K, used 448K [0x00000000d5580000, 0x00000000d6200000, 0x0000000100000000)
  eden space 11264K, 0% used [0x00000000d5580000,0x00000000d5580000,0x00000000d6080000)
  from space 512K, 87% used [0x00000000d6180000,0x00000000d61f0000,0x00000000d6200000)
  to   space 512K, 0% used [0x00000000d6100000,0x00000000d6100000,0x00000000d6180000)
 ParOldGen       total 424448K, used 424429K [0x0000000080000000, 0x0000000099e80000, 0x00000000d5580000)
  object space 424448K, 99% used [0x0000000080000000,0x0000000099e7b5f0,0x0000000099e80000)
 Metaspace       used 65270K, committed 66880K, reserved 1114112K
  class space    used 6817K, committed 7552K, reserved 1048576K
}
Event: 18.825 GC heap before
{Heap before GC invocations=516 (full 3):
 PSYoungGen      total 11776K, used 11712K [0x00000000d5580000, 0x00000000d6200000, 0x0000000100000000)
  eden space 11264K, 100% used [0x00000000d5580000,0x00000000d6080000,0x00000000d6080000)
  from space 512K, 87% used [0x00000000d6180000,0x00000000d61f0000,0x00000000d6200000)
  to   space 512K, 0% used [0x00000000d6100000,0x00000000d6100000,0x00000000d6180000)
 ParOldGen       total 424448K, used 424429K [0x0000000080000000, 0x0000000099e80000, 0x00000000d5580000)
  object space 424448K, 99% used [0x0000000080000000,0x0000000099e7b5f0,0x0000000099e80000)
 Metaspace       used 65270K, committed 66880K, reserved 1114112K
  class space    used 6817K, committed 7552K, reserved 1048576K
}
Event: 18.827 GC heap after
{Heap after GC invocations=516 (full 3):
 PSYoungGen      total 11776K, used 512K [0x00000000d5580000, 0x00000000d6280000, 0x0000000100000000)
  eden space 11264K, 0% used [0x00000000d5580000,0x00000000d5580000,0x00000000d6080000)
  from space 512K, 100% used [0x00000000d6100000,0x00000000d6180000,0x00000000d6180000)
  to   space 1024K, 0% used [0x00000000d6180000,0x00000000d6180000,0x00000000d6280000)
 ParOldGen       total 424960K, used 424821K [0x0000000080000000, 0x0000000099f00000, 0x00000000d5580000)
  object space 424960K, 99% used [0x0000000080000000,0x0000000099edd5f0,0x0000000099f00000)
 Metaspace       used 65270K, committed 66880K, reserved 1114112K
  class space    used 6817K, committed 7552K, reserved 1048576K
}
Event: 18.837 GC heap before
{Heap before GC invocations=517 (full 3):
 PSYoungGen      total 11776K, used 11776K [0x00000000d5580000, 0x00000000d6280000, 0x0000000100000000)
  eden space 11264K, 100% used [0x00000000d5580000,0x00000000d6080000,0x00000000d6080000)
  from space 512K, 100% used [0x00000000d6100000,0x00000000d6180000,0x00000000d6180000)
  to   space 1024K, 0% used [0x00000000d6180000,0x00000000d6180000,0x00000000d6280000)
 ParOldGen       total 424960K, used 424821K [0x0000000080000000, 0x0000000099f00000, 0x00000000d5580000)
  object space 424960K, 99% used [0x0000000080000000,0x0000000099edd5f0,0x0000000099f00000)
 Metaspace       used 65270K, committed 66880K, reserved 1114112K
  class space    used 6817K, committed 7552K, reserved 1048576K
}
Event: 18.838 GC heap after
{Heap after GC invocations=517 (full 3):
 PSYoungGen      total 12288K, used 544K [0x00000000d5580000, 0x00000000d6280000, 0x0000000100000000)
  eden space 11264K, 0% used [0x00000000d5580000,0x00000000d5580000,0x00000000d6080000)
  from space 1024K, 53% used [0x00000000d6180000,0x00000000d6208000,0x00000000d6280000)
  to   space 1024K, 0% used [0x00000000d6080000,0x00000000d6080000,0x00000000d6180000)
 ParOldGen       total 425472K, used 425221K [0x0000000080000000, 0x0000000099f80000, 0x00000000d5580000)
  object space 425472K, 99% used [0x0000000080000000,0x0000000099f415f0,0x0000000099f80000)
 Metaspace       used 65270K, committed 66880K, reserved 1114112K
  class space    used 6817K, committed 7552K, reserved 1048576K
}
Event: 18.845 GC heap before
{Heap before GC invocations=518 (full 3):
 PSYoungGen      total 12288K, used 11808K [0x00000000d5580000, 0x00000000d6280000, 0x0000000100000000)
  eden space 11264K, 100% used [0x00000000d5580000,0x00000000d6080000,0x00000000d6080000)
  from space 1024K, 53% used [0x00000000d6180000,0x00000000d6208000,0x00000000d6280000)
  to   space 1024K, 0% used [0x00000000d6080000,0x00000000d6080000,0x00000000d6180000)
 ParOldGen       total 425472K, used 425221K [0x0000000080000000, 0x0000000099f80000, 0x00000000d5580000)
  object space 425472K, 99% used [0x0000000080000000,0x0000000099f415f0,0x0000000099f80000)
 Metaspace       used 65270K, committed 66880K, reserved 1114112K
  class space    used 6817K, committed 7552K, reserved 1048576K
}
Event: 18.847 GC heap after
{Heap after GC invocations=518 (full 3):
 PSYoungGen      total 12288K, used 512K [0x00000000d5580000, 0x00000000d6280000, 0x0000000100000000)
  eden space 11264K, 0% used [0x00000000d5580000,0x00000000d5580000,0x00000000d6080000)
  from space 1024K, 50% used [0x00000000d6080000,0x00000000d6100000,0x00000000d6180000)
  to   space 1024K, 0% used [0x00000000d6180000,0x00000000d6180000,0x00000000d6280000)
 ParOldGen       total 425984K, used 425661K [0x0000000080000000, 0x000000009a000000, 0x00000000d5580000)
  object space 425984K, 99% used [0x0000000080000000,0x0000000099faf5f0,0x000000009a000000)
 Metaspace       used 65270K, committed 66880K, reserved 1114112K
  class space    used 6817K, committed 7552K, reserved 1048576K
}
Event: 18.856 GC heap before
{Heap before GC invocations=519 (full 3):
 PSYoungGen      total 12288K, used 11776K [0x00000000d5580000, 0x00000000d6280000, 0x0000000100000000)
  eden space 11264K, 100% used [0x00000000d5580000,0x00000000d6080000,0x00000000d6080000)
  from space 1024K, 50% used [0x00000000d6080000,0x00000000d6100000,0x00000000d6180000)
  to   space 1024K, 0% used [0x00000000d6180000,0x00000000d6180000,0x00000000d6280000)
 ParOldGen       total 425984K, used 425661K [0x0000000080000000, 0x000000009a000000, 0x00000000d5580000)
  object space 425984K, 99% used [0x0000000080000000,0x0000000099faf5f0,0x000000009a000000)
 Metaspace       used 65270K, committed 66880K, reserved 1114112K
  class space    used 6817K, committed 7552K, reserved 1048576K
}
Event: 18.857 GC heap after
{Heap after GC invocations=519 (full 3):
 PSYoungGen      total 12288K, used 512K [0x00000000d5580000, 0x00000000d6280000, 0x0000000100000000)
  eden space 11264K, 0% used [0x00000000d5580000,0x00000000d5580000,0x00000000d6080000)
  from space 1024K, 50% used [0x00000000d6180000,0x00000000d6200000,0x00000000d6280000)
  to   space 1024K, 0% used [0x00000000d6080000,0x00000000d6080000,0x00000000d6180000)
 ParOldGen       total 426496K, used 426077K [0x0000000080000000, 0x000000009a080000, 0x00000000d5580000)
  object space 426496K, 99% used [0x0000000080000000,0x000000009a0175f0,0x000000009a080000)
 Metaspace       used 65270K, committed 66880K, reserved 1114112K
  class space    used 6817K, committed 7552K, reserved 1048576K
}
Event: 18.865 GC heap before
{Heap before GC invocations=520 (full 3):
 PSYoungGen      total 12288K, used 11773K [0x00000000d5580000, 0x00000000d6280000, 0x0000000100000000)
  eden space 11264K, 99% used [0x00000000d5580000,0x00000000d607f6d8,0x00000000d6080000)
  from space 1024K, 50% used [0x00000000d6180000,0x00000000d6200000,0x00000000d6280000)
  to   space 1024K, 0% used [0x00000000d6080000,0x00000000d6080000,0x00000000d6180000)
 ParOldGen       total 426496K, used 426077K [0x0000000080000000, 0x000000009a080000, 0x00000000d5580000)
  object space 426496K, 99% used [0x0000000080000000,0x000000009a0175f0,0x000000009a080000)
 Metaspace       used 65270K, committed 66880K, reserved 1114112K
  class space    used 6817K, committed 7552K, reserved 1048576K
}
Event: 18.867 GC heap after
{Heap after GC invocations=520 (full 3):
 PSYoungGen      total 12288K, used 704K [0x00000000d5580000, 0x00000000d6280000, 0x0000000100000000)
  eden space 11264K, 0% used [0x00000000d5580000,0x00000000d5580000,0x00000000d6080000)
  from space 1024K, 68% used [0x00000000d6080000,0x00000000d6130000,0x00000000d6180000)
  to   space 1024K, 0% used [0x00000000d6180000,0x00000000d6180000,0x00000000d6280000)
 ParOldGen       total 426496K, used 426493K [0x0000000080000000, 0x000000009a080000, 0x00000000d5580000)
  object space 426496K, 99% used [0x0000000080000000,0x000000009a07f5f0,0x000000009a080000)
 Metaspace       used 65270K, committed 66880K, reserved 1114112K
  class space    used 6817K, committed 7552K, reserved 1048576K
}
Event: 18.877 GC heap before
{Heap before GC invocations=521 (full 3):
 PSYoungGen      total 12288K, used 11968K [0x00000000d5580000, 0x00000000d6280000, 0x0000000100000000)
  eden space 11264K, 100% used [0x00000000d5580000,0x00000000d6080000,0x00000000d6080000)
  from space 1024K, 68% used [0x00000000d6080000,0x00000000d6130000,0x00000000d6180000)
  to   space 1024K, 0% used [0x00000000d6180000,0x00000000d6180000,0x00000000d6280000)
 ParOldGen       total 426496K, used 426493K [0x0000000080000000, 0x000000009a080000, 0x00000000d5580000)
  object space 426496K, 99% used [0x0000000080000000,0x000000009a07f5f0,0x000000009a080000)
 Metaspace       used 65270K, committed 66880K, reserved 1114112K
  class space    used 6817K, committed 7552K, reserved 1048576K
}

Dll operation events (10 events):
Event: 0.020 Loaded shared library c:\Users\Aniket.Patil\.vscode\extensions\redhat.java-1.50.0-win32-x64\jre\21.0.9-win32-x86_64\bin\java.dll
Event: 0.093 Loaded shared library c:\Users\Aniket.Patil\.vscode\extensions\redhat.java-1.50.0-win32-x64\jre\21.0.9-win32-x86_64\bin\zip.dll
Event: 0.110 Loaded shared library C:\Users\Aniket.Patil\.vscode\extensions\redhat.java-1.50.0-win32-x64\jre\21.0.9-win32-x86_64\bin\instrument.dll
Event: 0.116 Loaded shared library C:\Users\Aniket.Patil\.vscode\extensions\redhat.java-1.50.0-win32-x64\jre\21.0.9-win32-x86_64\bin\net.dll
Event: 0.121 Loaded shared library C:\Users\Aniket.Patil\.vscode\extensions\redhat.java-1.50.0-win32-x64\jre\21.0.9-win32-x86_64\bin\nio.dll
Event: 0.123 Loaded shared library C:\Users\Aniket.Patil\.vscode\extensions\redhat.java-1.50.0-win32-x64\jre\21.0.9-win32-x86_64\bin\zip.dll
Event: 0.137 Loaded shared library C:\Users\Aniket.Patil\.vscode\extensions\redhat.java-1.50.0-win32-x64\jre\21.0.9-win32-x86_64\bin\jimage.dll
Event: 0.205 Loaded shared library c:\Users\Aniket.Patil\.vscode\extensions\redhat.java-1.50.0-win32-x64\jre\21.0.9-win32-x86_64\bin\verify.dll
Event: 1.232 Loaded shared library C:\Users\Aniket.Patil\AppData\Roaming\Code\User\globalStorage\redhat.java\1.50.0\config_win\org.eclipse.equinox.launcher\org.eclipse.equinox.launcher.win32.win32.x86_64_1.2.1400.v20250801-0854\eclipse_11916.dll
Event: 2.960 Loaded shared library C:\Users\Aniket.Patil\AppData\Local\Temp\jna-1616331286\jna16524885031562749062.dll

Deoptimization events (20 events):
Event: 18.568 Thread 0x000002696b11b5c0 Uncommon trap: trap_request=0xffffffbe fr.pc=0x00000269143414c0 relative=0x0000000000002de0
Event: 18.568 Thread 0x000002696b11b5c0 Uncommon trap: reason=profile_predicate action=maybe_recompile pc=0x00000269143414c0 method=org.eclipse.jdt.internal.core.util.DeduplicationUtil.intern(Ljava/util/List;)Ljava/util/List; @ 127 c2
Event: 18.568 Thread 0x000002696b11b5c0 DEOPT PACKING pc=0x00000269143414c0 sp=0x0000008e3d1fdf50
Event: 18.568 Thread 0x000002696b11b5c0 DEOPT UNPACKING pc=0x0000026913456da2 sp=0x0000008e3d1fdf38 mode 2
Event: 18.573 Thread 0x000002696b11b5c0 DEOPT PACKING pc=0x000002690c8de6a6 sp=0x0000008e3d1fdd50
Event: 18.573 Thread 0x000002696b11b5c0 DEOPT UNPACKING pc=0x00000269134578e2 sp=0x0000008e3d1fd240 mode 0
Event: 18.589 Thread 0x0000026966ff6870 Uncommon trap: trap_request=0xffffff45 fr.pc=0x0000026914316560 relative=0x00000000000002a0
Event: 18.589 Thread 0x0000026966ff6870 Uncommon trap: reason=unstable_if action=reinterpret pc=0x0000026914316560 method=java.util.ImmutableCollections$AbstractImmutableList.equals(Ljava/lang/Object;)Z @ 80 c2
Event: 18.589 Thread 0x0000026966ff6870 DEOPT PACKING pc=0x0000026914316560 sp=0x0000008e3bcfe230
Event: 18.589 Thread 0x0000026966ff6870 DEOPT UNPACKING pc=0x0000026913456da2 sp=0x0000008e3bcfe1c8 mode 2
Event: 18.701 Thread 0x0000026966ff6870 Uncommon trap: trap_request=0xffffff45 fr.pc=0x0000026914312a04 relative=0x0000000000000584
Event: 18.701 Thread 0x0000026966ff6870 Uncommon trap: reason=unstable_if action=reinterpret pc=0x0000026914312a04 method=org.eclipse.jdt.internal.core.util.WeakHashSet.addValue(Lorg/eclipse/jdt/internal/core/util/WeakHashSet$HashableWeakReference;)V @ 39 c2
Event: 18.701 Thread 0x0000026966ff6870 DEOPT PACKING pc=0x0000026914312a04 sp=0x0000008e3bcfe1c0
Event: 18.701 Thread 0x0000026966ff6870 DEOPT UNPACKING pc=0x0000026913456da2 sp=0x0000008e3bcfe0f0 mode 2
Event: 18.800 Thread 0x0000026966ff6f00 Uncommon trap: trap_request=0xffffff45 fr.pc=0x000002691410c5bc relative=0x000000000000133c
Event: 18.800 Thread 0x0000026966ff6f00 Uncommon trap: reason=unstable_if action=reinterpret pc=0x000002691410c5bc method=org.eclipse.jdt.internal.compiler.classfmt.AnnotationInfo.scanElementValue(I)I @ 167 c2
Event: 18.800 Thread 0x0000026966ff6f00 DEOPT PACKING pc=0x000002691410c5bc sp=0x0000008e3befe950
Event: 18.800 Thread 0x0000026966ff6f00 DEOPT UNPACKING pc=0x0000026913456da2 sp=0x0000008e3befe878 mode 2
Event: 18.861 Thread 0x0000026966ff6f00 DEOPT PACKING pc=0x000002690d942ec7 sp=0x0000008e3befebf0
Event: 18.861 Thread 0x0000026966ff6f00 DEOPT UNPACKING pc=0x00000269134578e2 sp=0x0000008e3befe0d0 mode 0

Classes loaded (20 events):
Event: 16.457 Loading class java/nio/file/PathMatcher done
Event: 16.457 Loading class sun/nio/fs/WindowsFileSystem$2 done
Event: 16.527 Loading class java/util/Collections$SynchronizedRandomAccessList
Event: 16.527 Loading class java/util/Collections$SynchronizedList
Event: 16.527 Loading class java/util/Collections$SynchronizedList done
Event: 16.527 Loading class java/util/Collections$SynchronizedRandomAccessList done
Event: 16.541 Loading class java/util/concurrent/CompletableFuture$Signaller
Event: 16.541 Loading class java/util/concurrent/CompletableFuture$Signaller done
Event: 16.859 Loading class java/nio/charset/CharacterCodingException
Event: 16.859 Loading class java/nio/charset/CharacterCodingException done
Event: 16.859 Loading class java/io/SequenceInputStream
Event: 16.859 Loading class java/io/SequenceInputStream done
Event: 16.905 Loading class java/util/concurrent/CompletableFuture$UniApply
Event: 16.905 Loading class java/util/concurrent/CompletableFuture$UniApply done
Event: 16.906 Loading class java/util/concurrent/CompletableFuture$UniExceptionally
Event: 16.906 Loading class java/util/concurrent/CompletableFuture$UniExceptionally done
Event: 17.348 Loading class java/lang/UnsupportedClassVersionError
Event: 17.348 Loading class java/lang/UnsupportedClassVersionError done
Event: 17.940 Loading class sun/nio/fs/WindowsFileCopy
Event: 17.941 Loading class sun/nio/fs/WindowsFileCopy done

Classes unloaded (7 events):
Event: 3.452 Thread 0x0000026908c41d30 Unloading class 0x00000269211a7000 'java/lang/invoke/LambdaForm$MH+0x00000269211a7000'
Event: 3.452 Thread 0x0000026908c41d30 Unloading class 0x00000269211a6c00 'java/lang/invoke/LambdaForm$MH+0x00000269211a6c00'
Event: 3.452 Thread 0x0000026908c41d30 Unloading class 0x00000269211a6800 'java/lang/invoke/LambdaForm$MH+0x00000269211a6800'
Event: 3.452 Thread 0x0000026908c41d30 Unloading class 0x00000269211a6400 'java/lang/invoke/LambdaForm$MH+0x00000269211a6400'
Event: 3.452 Thread 0x0000026908c41d30 Unloading class 0x00000269211a6000 'java/lang/invoke/LambdaForm$BMH+0x00000269211a6000'
Event: 3.452 Thread 0x0000026908c41d30 Unloading class 0x00000269211a5c00 'java/lang/invoke/LambdaForm$DMH+0x00000269211a5c00'
Event: 3.452 Thread 0x0000026908c41d30 Unloading class 0x00000269211a4800 'java/lang/invoke/LambdaForm$DMH+0x00000269211a4800'

Classes redefined (0 events):
No events

Internal exceptions (20 events):
Event: 16.898 Thread 0x0000026968cfd6a0 Exception <a 'sun/nio/fs/WindowsException'{0x00000000d5690178}> (0x00000000d5690178) 
thrown [s\src\hotspot\share\prims\jni.cpp, line 520]
Event: 16.898 Thread 0x0000026968cfd6a0 Exception <a 'sun/nio/fs/WindowsException'{0x00000000d5691168}> (0x00000000d5691168) 
thrown [s\src\hotspot\share\prims\jni.cpp, line 520]
Event: 16.899 Thread 0x0000026968cfd6a0 Exception <a 'sun/nio/fs/WindowsException'{0x00000000d5691798}> (0x00000000d5691798) 
thrown [s\src\hotspot\share\prims\jni.cpp, line 520]
Event: 16.899 Thread 0x0000026968cfd6a0 Exception <a 'sun/nio/fs/WindowsException'{0x00000000d5692320}> (0x00000000d5692320) 
thrown [s\src\hotspot\share\prims\jni.cpp, line 520]
Event: 16.899 Thread 0x0000026968cfd6a0 Exception <a 'sun/nio/fs/WindowsException'{0x00000000d5692950}> (0x00000000d5692950) 
thrown [s\src\hotspot\share\prims\jni.cpp, line 520]
Event: 16.902 Thread 0x0000026968cfd6a0 Exception <a 'java/lang/IncompatibleClassChangeError'{0x00000000d56b62c8}: Found class java.lang.Object, but interface was expected> (0x00000000d56b62c8) 
thrown [s\src\hotspot\share\interpreter\linkResolver.cpp, line 840]
Event: 16.907 Thread 0x0000026968cfd6a0 Exception <a 'java/lang/IncompatibleClassChangeError'{0x00000000d56dff40}: Found class java.lang.Object, but interface was expected> (0x00000000d56dff40) 
thrown [s\src\hotspot\share\interpreter\linkResolver.cpp, line 840]
Event: 17.294 Thread 0x0000026966ff7590 Exception <a 'java/lang/NoSuchMethodError'{0x00000000d561f168}: 'java.lang.Object java.lang.invoke.DirectMethodHandle$Holder.invokeSpecial(java.lang.Object, java.lang.Object, int, long)'> (0x00000000d561f168) 
thrown [s\src\hotspot\share\interpreter\linkResolver.cpp, line 773]
Event: 17.369 Thread 0x000002696b11b5c0 Exception <a 'java/lang/NoSuchMethodError'{0x00000000d56353a0}: 'int java.lang.invoke.Invokers$Holder.invokeExact_MT(java.lang.Object, java.lang.Object)'> (0x00000000d56353a0) 
thrown [s\src\hotspot\share\interpreter\linkResolver.cpp, line 773]
Event: 17.379 Thread 0x0000026966ff6870 Implicit null exception at 0x0000026913e6ceff to 0x0000026913e6d234
Event: 17.820 Thread 0x000002696b11b5c0 Implicit null exception at 0x00000269142e96cb to 0x00000269142ea08c
Event: 17.822 Thread 0x000002696b11b5c0 Implicit null exception at 0x00000269142d9428 to 0x00000269142d9d04
Event: 17.886 Thread 0x000002696b11b5c0 Implicit null exception at 0x00000269142ce0a6 to 0x00000269142ce674
Event: 17.886 Thread 0x000002696b11b5c0 Implicit null exception at 0x00000269142f2d01 to 0x00000269142f32bc
Event: 17.941 Thread 0x0000026966ff6f00 Exception <a 'sun/nio/fs/WindowsException'{0x00000000d59b8ab8}> (0x00000000d59b8ab8) 
thrown [s\src\hotspot\share\prims\jni.cpp, line 520]
Event: 17.995 Thread 0x0000026966ff6f00 Exception <a 'sun/nio/fs/WindowsException'{0x00000000d56c0e40}> (0x00000000d56c0e40) 
thrown [s\src\hotspot\share\prims\jni.cpp, line 520]
Event: 18.042 Thread 0x0000026966ff6f00 Exception <a 'sun/nio/fs/WindowsException'{0x00000000d5cf2f00}> (0x00000000d5cf2f00) 
thrown [s\src\hotspot\share\prims\jni.cpp, line 520]
Event: 18.160 Thread 0x0000026966ff6870 Implicit null exception at 0x0000026914320791 to 0x00000269143266d4
Event: 18.444 Thread 0x0000026966ff6f00 Exception <a 'sun/nio/fs/WindowsException'{0x00000000d55bd5c0}> (0x00000000d55bd5c0) 
thrown [s\src\hotspot\share\prims\jni.cpp, line 520]
Event: 18.497 Thread 0x000002696b11b5c0 Exception <a 'java/lang/IncompatibleClassChangeError'{0x00000000d5d4d868}: Found class java.lang.Object, but interface was expected> (0x00000000d5d4d868) 
thrown [s\src\hotspot\share\interpreter\linkResolver.cpp, line 840]

ZGC Phase Switch (0 events):
No events

VM Operations (20 events):
Event: 18.777 Executing VM operation: ParallelGCFailedAllocation (Allocation Failure) done
Event: 18.785 Executing VM operation: ParallelGCFailedAllocation (Allocation Failure)
Event: 18.788 Executing VM operation: ParallelGCFailedAllocation (Allocation Failure) done
Event: 18.797 Executing VM operation: ParallelGCFailedAllocation (Allocation Failure)
Event: 18.799 Executing VM operation: ParallelGCFailedAllocation (Allocation Failure) done
Event: 18.807 Executing VM operation: ParallelGCFailedAllocation (Allocation Failure)
Event: 18.809 Executing VM operation: ParallelGCFailedAllocation (Allocation Failure) done
Event: 18.816 Executing VM operation: ParallelGCFailedAllocation (Allocation Failure)
Event: 18.818 Executing VM operation: ParallelGCFailedAllocation (Allocation Failure) done
Event: 18.825 Executing VM operation: ParallelGCFailedAllocation (Allocation Failure)
Event: 18.827 Executing VM operation: ParallelGCFailedAllocation (Allocation Failure) done
Event: 18.837 Executing VM operation: ParallelGCFailedAllocation (Allocation Failure)
Event: 18.838 Executing VM operation: ParallelGCFailedAllocation (Allocation Failure) done
Event: 18.845 Executing VM operation: ParallelGCFailedAllocation (Allocation Failure)
Event: 18.847 Executing VM operation: ParallelGCFailedAllocation (Allocation Failure) done
Event: 18.856 Executing VM operation: ParallelGCFailedAllocation (Allocation Failure)
Event: 18.857 Executing VM operation: ParallelGCFailedAllocation (Allocation Failure) done
Event: 18.865 Executing VM operation: ParallelGCFailedAllocation (Allocation Failure)
Event: 18.867 Executing VM operation: ParallelGCFailedAllocation (Allocation Failure) done
Event: 18.877 Executing VM operation: ParallelGCFailedAllocation (Allocation Failure)

Memory protections (0 events):
No events

Nmethod flushes (20 events):
Event: 12.722 Thread 0x0000026908c41d30 flushing  nmethod 0x000002690c781f10
Event: 12.722 Thread 0x0000026908c41d30 flushing osr nmethod 0x000002690c791e10
Event: 12.722 Thread 0x0000026908c41d30 flushing  nmethod 0x000002690c799790
Event: 12.722 Thread 0x0000026908c41d30 flushing  nmethod 0x000002690c7b4010
Event: 12.722 Thread 0x0000026908c41d30 flushing  nmethod 0x000002690c7b5a90
Event: 12.722 Thread 0x0000026908c41d30 flushing  nmethod 0x000002690c7bf890
Event: 12.722 Thread 0x0000026908c41d30 flushing  nmethod 0x000002690c7c0710
Event: 12.722 Thread 0x0000026908c41d30 flushing  nmethod 0x000002690c7ca010
Event: 12.722 Thread 0x0000026908c41d30 flushing  nmethod 0x000002690c7ca390
Event: 12.722 Thread 0x0000026908c41d30 flushing osr nmethod 0x000002690c7da810
Event: 12.722 Thread 0x0000026908c41d30 flushing  nmethod 0x000002690c7f1310
Event: 12.722 Thread 0x0000026908c41d30 flushing  nmethod 0x000002690c7fb390
Event: 12.722 Thread 0x0000026908c41d30 flushing  nmethod 0x000002690c7ff910
Event: 12.722 Thread 0x0000026908c41d30 flushing  nmethod 0x000002690c800090
Event: 12.722 Thread 0x0000026908c41d30 flushing  nmethod 0x000002690c800610
Event: 12.722 Thread 0x0000026908c41d30 flushing  nmethod 0x000002690c802090
Event: 12.722 Thread 0x0000026908c41d30 flushing  nmethod 0x000002690c806e10
Event: 12.722 Thread 0x0000026908c41d30 flushing  nmethod 0x000002690c837910
Event: 12.722 Thread 0x0000026908c41d30 flushing  nmethod 0x000002690c83f390
Event: 12.722 Thread 0x0000026908c41d30 flushing  nmethod 0x000002690c88aa10

Events (20 events):
Event: 15.976 Thread 0x0000026966ff7590 Thread added: 0x000002696b11f760
Event: 15.976 Thread 0x0000026966ff7590 Thread added: 0x000002696b11fdf0
Event: 16.028 Thread 0x000002696b11fdf0 Thread exited: 0x000002696b11fdf0
Event: 16.028 Thread 0x000002696b11b5c0 Thread exited: 0x000002696b11b5c0
Event: 16.028 Thread 0x000002696b11ea40 Thread exited: 0x000002696b11ea40
Event: 16.028 Thread 0x000002696b11f0d0 Thread exited: 0x000002696b11f0d0
Event: 16.028 Thread 0x000002696b11f760 Thread exited: 0x000002696b11f760
Event: 16.788 Thread 0x000002696928a480 Thread exited: 0x000002696928a480
Event: 16.790 Thread 0x000002696928cbe0 Thread exited: 0x000002696928cbe0
Event: 16.790 Thread 0x0000026969289760 Thread exited: 0x0000026969289760
Event: 16.790 Thread 0x0000026969287690 Thread exited: 0x0000026969287690
Event: 16.790 Thread 0x000002696928ab10 Thread exited: 0x000002696928ab10
Event: 16.790 Thread 0x0000026969287d20 Thread exited: 0x0000026969287d20
Event: 16.790 Thread 0x0000026969288a40 Thread exited: 0x0000026969288a40
Event: 16.791 Thread 0x00000269692890d0 Thread exited: 0x00000269692890d0
Event: 16.906 Thread 0x0000026968cfd6a0 Thread added: 0x000002696b11b5c0
Event: 17.288 Thread 0x00000269677114f0 Thread exited: 0x00000269677114f0
Event: 17.288 Thread 0x00000269679f64e0 Thread exited: 0x00000269679f64e0
Event: 17.298 Thread 0x0000026908c59cc0 Thread added: 0x00000269704502c0
Event: 17.400 Thread 0x0000026908c5bd60 Thread added: 0x0000026970451060


Dynamic libraries:
0x00007ff6c27a0000 - 0x00007ff6c27ae000 	c:\Users\Aniket.Patil\.vscode\extensions\redhat.java-1.50.0-win32-x64\jre\21.0.9-win32-x86_64\bin\java.exe
0x00007ffc4ca80000 - 0x00007ffc4cce8000 	C:\windows\SYSTEM32\ntdll.dll
0x00007ffc4b4d0000 - 0x00007ffc4b599000 	C:\windows\System32\KERNEL32.DLL
0x00007ffc49c00000 - 0x00007ffc49ff8000 	C:\windows\System32\KERNELBASE.dll
0x00007ffc4a2f0000 - 0x00007ffc4a43b000 	C:\windows\System32\ucrtbase.dll
0x00007ffc2b3e0000 - 0x00007ffc2b3fe000 	c:\Users\Aniket.Patil\.vscode\extensions\redhat.java-1.50.0-win32-x64\jre\21.0.9-win32-x86_64\bin\VCRUNTIME140.dll
0x00007ffc1dfc0000 - 0x00007ffc1dfd8000 	c:\Users\Aniket.Patil\.vscode\extensions\redhat.java-1.50.0-win32-x64\jre\21.0.9-win32-x86_64\bin\jli.dll
0x00007ffc4afb0000 - 0x00007ffc4b177000 	C:\windows\System32\USER32.dll
0x00007ffc2f5f0000 - 0x00007ffc2f884000 	C:\windows\WinSxS\amd64_microsoft.windows.common-controls_6595b64144ccf1df_6.0.26100.7019_none_3e06ffa0e335b8a8\COMCTL32.dll
0x00007ffc49bd0000 - 0x00007ffc49bf7000 	C:\windows\System32\win32u.dll
0x00007ffc4b280000 - 0x00007ffc4b329000 	C:\windows\System32\msvcrt.dll
0x00007ffc4b6c0000 - 0x00007ffc4b6eb000 	C:\windows\System32\GDI32.dll
0x00007ffc4a5b0000 - 0x00007ffc4a6dc000 	C:\windows\System32\gdi32full.dll
0x00007ffc4a180000 - 0x00007ffc4a223000 	C:\windows\System32\msvcp_win.dll
0x00007ffc4ad50000 - 0x00007ffc4ad81000 	C:\windows\System32\IMM32.DLL
0x00007ffc368e0000 - 0x00007ffc368ec000 	c:\Users\Aniket.Patil\.vscode\extensions\redhat.java-1.50.0-win32-x64\jre\21.0.9-win32-x86_64\bin\vcruntime140_1.dll
0x00007ffbf86b0000 - 0x00007ffbf873d000 	c:\Users\Aniket.Patil\.vscode\extensions\redhat.java-1.50.0-win32-x64\jre\21.0.9-win32-x86_64\bin\msvcp140.dll
0x00007ffba1030000 - 0x00007ffba1dd0000 	c:\Users\Aniket.Patil\.vscode\extensions\redhat.java-1.50.0-win32-x64\jre\21.0.9-win32-x86_64\bin\server\jvm.dll
0x00007ffc4b330000 - 0x00007ffc4b3e4000 	C:\windows\System32\ADVAPI32.dll
0x00007ffc4a8b0000 - 0x00007ffc4a956000 	C:\windows\System32\sechost.dll
0x00007ffc4b8a0000 - 0x00007ffc4b9b8000 	C:\windows\System32\RPCRT4.dll
0x00007ffc4b700000 - 0x00007ffc4b774000 	C:\windows\System32\WS2_32.dll
0x00007ffc49a30000 - 0x00007ffc49a8e000 	C:\windows\SYSTEM32\POWRPROF.dll
0x00007ffc3f980000 - 0x00007ffc3f9b5000 	C:\windows\SYSTEM32\WINMM.dll
0x00007ffc38890000 - 0x00007ffc3889b000 	C:\windows\SYSTEM32\VERSION.dll
0x00007ffc49a10000 - 0x00007ffc49a24000 	C:\windows\SYSTEM32\UMPDC.dll
0x00007ffc48820000 - 0x00007ffc4883b000 	C:\windows\SYSTEM32\kernel.appcore.dll
0x00007ffc2b020000 - 0x00007ffc2b02a000 	c:\Users\Aniket.Patil\.vscode\extensions\redhat.java-1.50.0-win32-x64\jre\21.0.9-win32-x86_64\bin\jimage.dll
0x00007ffc46ec0000 - 0x00007ffc47102000 	C:\windows\SYSTEM32\DBGHELP.DLL
0x00007ffc4bac0000 - 0x00007ffc4be4b000 	C:\windows\System32\combase.dll
0x00007ffc4b3f0000 - 0x00007ffc4b4c7000 	C:\windows\System32\OLEAUT32.dll
0x00007ffc2cf70000 - 0x00007ffc2cfac000 	C:\windows\SYSTEM32\dbgcore.DLL
0x00007ffc4a6e0000 - 0x00007ffc4a785000 	C:\windows\System32\bcryptPrimitives.dll
0x00007ffc2b010000 - 0x00007ffc2b01f000 	c:\Users\Aniket.Patil\.vscode\extensions\redhat.java-1.50.0-win32-x64\jre\21.0.9-win32-x86_64\bin\instrument.dll
0x00007ffc1e050000 - 0x00007ffc1e070000 	c:\Users\Aniket.Patil\.vscode\extensions\redhat.java-1.50.0-win32-x64\jre\21.0.9-win32-x86_64\bin\java.dll
0x00007ffc4be50000 - 0x00007ffc4c59f000 	C:\windows\System32\SHELL32.dll
0x00007ffc4a440000 - 0x00007ffc4a5ab000 	C:\windows\System32\wintypes.dll
0x00007ffc47480000 - 0x00007ffc47cdd000 	C:\windows\SYSTEM32\windows.storage.dll
0x00007ffc4b9c0000 - 0x00007ffc4bab2000 	C:\windows\System32\SHCORE.dll
0x00007ffc4b180000 - 0x00007ffc4b1e7000 	C:\windows\System32\shlwapi.dll
0x00007ffc49af0000 - 0x00007ffc49b19000 	C:\windows\SYSTEM32\profapi.dll
0x00007ffc1e030000 - 0x00007ffc1e048000 	c:\Users\Aniket.Patil\.vscode\extensions\redhat.java-1.50.0-win32-x64\jre\21.0.9-win32-x86_64\bin\zip.dll
0x00007ffc1d560000 - 0x00007ffc1d570000 	C:\Users\Aniket.Patil\.vscode\extensions\redhat.java-1.50.0-win32-x64\jre\21.0.9-win32-x86_64\bin\net.dll
0x00007ffc48840000 - 0x00007ffc48968000 	C:\windows\SYSTEM32\WINHTTP.dll
0x00007ffc48ea0000 - 0x00007ffc48f0b000 	C:\windows\system32\mswsock.dll
0x00007ffc1ccb0000 - 0x00007ffc1ccc6000 	C:\Users\Aniket.Patil\.vscode\extensions\redhat.java-1.50.0-win32-x64\jre\21.0.9-win32-x86_64\bin\nio.dll
0x00007ffc1d4c0000 - 0x00007ffc1d4d0000 	c:\Users\Aniket.Patil\.vscode\extensions\redhat.java-1.50.0-win32-x64\jre\21.0.9-win32-x86_64\bin\verify.dll
0x00007ffc01590000 - 0x00007ffc015d4000 	C:\Users\Aniket.Patil\AppData\Roaming\Code\User\globalStorage\redhat.java\1.50.0\config_win\org.eclipse.equinox.launcher\org.eclipse.equinox.launcher.win32.win32.x86_64_1.2.1400.v20250801-0854\eclipse_11916.dll
0x00007ffc4ae10000 - 0x00007ffc4afa7000 	C:\windows\System32\ole32.dll
0x00007ffc49290000 - 0x00007ffc492ab000 	C:\windows\SYSTEM32\CRYPTSP.dll
0x00007ffc48780000 - 0x00007ffc487ba000 	C:\windows\system32\rsaenh.dll
0x00007ffc48f50000 - 0x00007ffc48f7b000 	C:\windows\SYSTEM32\USERENV.dll
0x00007ffc49ac0000 - 0x00007ffc49aea000 	C:\windows\SYSTEM32\bcrypt.dll
0x00007ffc490f0000 - 0x00007ffc490fc000 	C:\windows\SYSTEM32\CRYPTBASE.dll
0x00007ffc47fb0000 - 0x00007ffc47fe4000 	C:\windows\SYSTEM32\IPHLPAPI.DLL
0x00007ffc4b5f0000 - 0x00007ffc4b5fa000 	C:\windows\System32\NSI.dll
0x00007ffbf5360000 - 0x00007ffbf53a9000 	C:\Users\Aniket.Patil\AppData\Local\Temp\jna-1616331286\jna16524885031562749062.dll
0x00007ffc4b6f0000 - 0x00007ffc4b6f8000 	C:\windows\System32\PSAPI.DLL
0x00007ffc43d90000 - 0x00007ffc43dae000 	C:\windows\SYSTEM32\dhcpcsvc6.DLL
0x00007ffc43d60000 - 0x00007ffc43d83000 	C:\windows\SYSTEM32\dhcpcsvc.DLL

JVMTI agents:
c:\Users\Aniket.Patil\.vscode\extensions\redhat.java-1.50.0-win32-x64\lombok\lombok-1.18.39-4050.jar path:c:\Users\Aniket.Patil\.vscode\extensions\redhat.java-1.50.0-win32-x64\jre\21.0.9-win32-x86_64\bin\instrument.dll, loaded, initialized, instrumentlib options:none

dbghelp: loaded successfully - version: 4.0.5 - missing functions: none
symbol engine: initialized successfully - sym options: 0x614 - pdb path: .;c:\Users\Aniket.Patil\.vscode\extensions\redhat.java-1.50.0-win32-x64\jre\21.0.9-win32-x86_64\bin;C:\windows\SYSTEM32;C:\windows\WinSxS\amd64_microsoft.windows.common-controls_6595b64144ccf1df_6.0.26100.7019_none_3e06ffa0e335b8a8;c:\Users\Aniket.Patil\.vscode\extensions\redhat.java-1.50.0-win32-x64\jre\21.0.9-win32-x86_64\bin\server;C:\Users\Aniket.Patil\AppData\Roaming\Code\User\globalStorage\redhat.java\1.50.0\config_win\org.eclipse.equinox.launcher\org.eclipse.equinox.launcher.win32.win32.x86_64_1.2.1400.v20250801-0854;C:\Users\Aniket.Patil\AppData\Local\Temp\jna-1616331286

VM Arguments:
jvm_args: --add-modules=ALL-SYSTEM --add-opens=java.base/java.util=ALL-UNNAMED --add-opens=java.base/java.lang=ALL-UNNAMED --add-opens=java.base/sun.nio.fs=ALL-UNNAMED -Declipse.application=org.eclipse.jdt.ls.core.id1 -Dosgi.bundles.defaultStartLevel=4 -Declipse.product=org.eclipse.jdt.ls.core.product -Djava.import.generatesMetadataFilesAtProjectRoot=false -DDetectVMInstallationsJob.disabled=true -Dfile.encoding=utf8 -XX:+UseParallelGC -XX:GCTimeRatio=4 -XX:AdaptiveSizePolicyWeight=90 -Dsun.zip.disableMemoryMapping=true -Xmx2G -Xms100m -Xlog:disable -javaagent:c:\Users\Aniket.Patil\.vscode\extensions\redhat.java-1.50.0-win32-x64\lombok\lombok-1.18.39-4050.jar -XX:+HeapDumpOnOutOfMemoryError -XX:HeapDumpPath=c:\Users\Aniket.Patil\AppData\Roaming\Code\User\workspaceStorage\e8b652bc64e2858438f55a4a76d67bd4\redhat.java -Daether.dependencyCollector.impl=bf 
java_command: c:\Users\Aniket.Patil\.vscode\extensions\redhat.java-1.50.0-win32-x64\server\plugins\org.eclipse.equinox.launcher_1.7.100.v20251111-0406.jar -configuration c:\Users\Aniket.Patil\AppData\Roaming\Code\User\globalStorage\redhat.java\1.50.0\config_win -data c:\Users\Aniket.Patil\AppData\Roaming\Code\User\workspaceStorage\e8b652bc64e2858438f55a4a76d67bd4\redhat.java\jdt_ws --pipe=\\.\pipe\lsp-83a0e300de5ca2cfac8b9f8796263583-sock
java_class_path (initial): c:\Users\Aniket.Patil\.vscode\extensions\redhat.java-1.50.0-win32-x64\server\plugins\org.eclipse.equinox.launcher_1.7.100.v20251111-0406.jar
Launcher Type: SUN_STANDARD

[Global flags]
    uintx AdaptiveSizePolicyWeight                 = 90                                        {product} {command line}
     intx CICompilerCount                          = 4                                         {product} {ergonomic}
    uintx GCTimeRatio                              = 4                                         {product} {command line}
     bool HeapDumpOnOutOfMemoryError               = true                                   {manageable} {command line}
    ccstr HeapDumpPath                             = c:\Users\Aniket.Patil\AppData\Roaming\Code\User\workspaceStorage\e8b652bc64e2858438f55a4a76d67bd4\redhat.java         {manageable} {command line}
   size_t InitialHeapSize                          = 104857600                                 {product} {command line}
   size_t MaxHeapSize                              = 2147483648                                {product} {command line}
   size_t MaxNewSize                               = 715653120                                 {product} {ergonomic}
   size_t MinHeapDeltaBytes                        = 524288                                    {product} {ergonomic}
   size_t MinHeapSize                              = 104857600                                 {product} {command line}
   size_t NewSize                                  = 34603008                                  {product} {ergonomic}
    uintx NonNMethodCodeHeapSize                   = 5839372                                {pd product} {ergonomic}
    uintx NonProfiledCodeHeapSize                  = 122909434                              {pd product} {ergonomic}
   size_t OldSize                                  = 70254592                                  {product} {ergonomic}
    uintx ProfiledCodeHeapSize                     = 122909434                              {pd product} {ergonomic}
    uintx ReservedCodeCacheSize                    = 251658240                              {pd product} {ergonomic}
     bool SegmentedCodeCache                       = true                                      {product} {ergonomic}
   size_t SoftMaxHeapSize                          = 2147483648                             {manageable} {ergonomic}
     bool UseCompressedOops                        = true                           {product lp64_product} {ergonomic}
     bool UseLargePagesIndividualAllocation        = false                                  {pd product} {ergonomic}
     bool UseParallelGC                            = true                                      {product} {command line}

Logging:
Log output configuration:
 #0: stdout all=off uptime,level,tags foldmultilines=false
 #1: stderr all=off uptime,level,tags foldmultilines=false

Release file:
JAVA_VERSION="21.0.9" 
MODULES="java.base java.compiler java.datatransfer java.xml java.prefs java.desktop java.instrument java.logging java.management java.security.sasl java.naming java.rmi java.management.rmi java.net.http java.scripting java.security.jgss java.transaction.xa java.sql java.sql.rowset java.xml.crypto java.se java.smartcardio jdk.accessibility jdk.internal.jvmstat jdk.attach jdk.charsets jdk.internal.opt jdk.zipfs jdk.compiler jdk.crypto.ec jdk.crypto.cryptoki jdk.crypto.mscapi jdk.dynalink jdk.internal.ed jdk.editpad jdk.hotspot.agent jdk.httpserver jdk.internal.le jdk.internal.vm.ci jdk.internal.vm.compiler jdk.internal.vm.compiler.management jdk.jartool jdk.javadoc jdk.jcmd jdk.management jdk.management.agent jdk.jconsole jdk.jdeps jdk.jdwp.agent jdk.jdi jdk.jfr jdk.jshell jdk.jsobject jdk.jstatd jdk.localedata jdk.management.jfr jdk.naming.dns jdk.naming.rmi jdk.net jdk.nio.mapmode jdk.random jdk.sctp jdk.security.auth jdk.security.jgss jdk.unsupported jdk.unsupported.desktop jdk.xml.dom" 

Environment Variables:
JAVA_HOME=C:\Program Files\Java\jdk-21
PATH=C:\Windows\System32;C:\Program Files\Java\jdk-21\bin;C:\Windows\System32\Wbem;C:\Windows;C:\Program Files\dotnet\;C:\Program Files\Amazon\AWSCLI\bin\;C:\Users\Aniket.Patil\Downloads\apache-maven-3.9.11\apache-maven-3.9.11\bin;C:\Program Files\nodejs\;C:\Program Files\MySQL\MySQL Shell 8.0\bin\;C:\Users\Aniket.Patil\AppData\Local\Microsoft\WindowsApps;C:\Users\Aniket.Patil\AppData\Local\Programs\Microsoft VS Code\bin;C:\Users\Aniket.Patil\AppData\Local\Programs\Git\cmd;C:\Users\Aniket.Patil\Downloads\apache-maven-3.9.11\apache-maven-3.9.11\bin;C:\Users\Aniket.Patil\AppData\Roaming\npm
USERNAME=Aniket.Patil
OS=Windows_NT
PROCESSOR_IDENTIFIER=Intel64 Family 6 Model 140 Stepping 1, GenuineIntel
TMP=C:\Users\ANIKET~1.PAT\AppData\Local\Temp
TEMP=C:\Users\ANIKET~1.PAT\AppData\Local\Temp




Periodic native trim disabled

---------------  S Y S T E M  ---------------

OS:
 Windows 11 , 64 bit Build 26100 (10.0.26100.7019)
OS uptime: 9 days 7:50 hours
Hyper-V role detected

CPU: total 8 (initial active 8) (4 cores per cpu, 2 threads per core) family 6 model 140 stepping 1 microcode 0xbc, cx8, cmov, fxsr, ht, mmx, 3dnowpref, sse, sse2, sse3, ssse3, sse4.1, sse4.2, popcnt, lzcnt, tsc, tscinvbit, avx, avx2, aes, erms, clmul, bmi1, bmi2, adx, avx512f, avx512dq, avx512cd, avx512bw, avx512vl, sha, fma, vzeroupper, avx512_vpopcntdq, avx512_vpclmulqdq, avx512_vaes, avx512_vnni, clflush, clflushopt, clwb, avx512_vbmi2, avx512_vbmi, hv, rdtscp, rdpid, fsrm, gfni, avx512_bitalg, f16c, cet_ibt, cet_ss, avx512_ifma
Processor Information for processor 0
  Max Mhz: 1382, Current Mhz: 1382, Mhz Limit: 1382
Processor Information for processor 1
  Max Mhz: 1382, Current Mhz: 1184, Mhz Limit: 1382
Processor Information for processor 2
  Max Mhz: 1382, Current Mhz: 1382, Mhz Limit: 1382
Processor Information for processor 3
  Max Mhz: 1382, Current Mhz: 1382, Mhz Limit: 1382
Processor Information for processor 4
  Max Mhz: 1382, Current Mhz: 1382, Mhz Limit: 1382
Processor Information for processor 5
  Max Mhz: 1382, Current Mhz: 1382, Mhz Limit: 1382
Processor Information for processor 6
  Max Mhz: 1382, Current Mhz: 1382, Mhz Limit: 1382
Processor Information for processor 7
  Max Mhz: 1382, Current Mhz: 1382, Mhz Limit: 1382

Memory: 4k page, system-wide physical 16126M (803M free)
TotalPageFile size 28414M (AvailPageFile size 8M)
current process WorkingSet (physical memory assigned to process): 750M, peak: 750M
current process commit charge ("private bytes"): 767M, peak: 769M

vm_info: OpenJDK 64-Bit Server VM (21.0.9+10-LTS) for windows-amd64 JRE (21.0.9+10-LTS), built on 2025-10-21T00:00:00Z by "admin" with unknown MS VC++:1942

END.
