#
# There is insufficient memory for the Java Runtime Environment to continue.
# Native memory allocation (malloc) failed to allocate 1724992 bytes. Error detail: Chunk::new
# Possible reasons:
#   The system is out of physical RAM or swap space
#   This process is running with CompressedOops enabled, and the Java Heap may be blocking the growth of the native heap
# Possible solutions:
#   Reduce memory load on the system
#   Increase physical memory or swap space
#   Check if swap backing store is full
#   Decrease Java heap size (-Xmx/-Xms)
#   Decrease number of Java threads
#   Decrease Java thread stack sizes (-Xss)
#   Set larger code cache with -XX:ReservedCodeCacheSize=
#   JVM is running with Unscaled Compressed Oops mode in which the Java heap is
#     placed in the first 4GB address space. The Java Heap base address is the
#     maximum limit for the native heap growth. Please use -XX:HeapBaseMinAddress
#     to set the Java Heap base and to place the Java Heap above 4GB virtual address.
# This output file may be truncated or incomplete.
#
#  Out of Memory Error (arena.cpp:168), pid=27812, tid=28604
#
# JRE version: OpenJDK Runtime Environment Temurin-21.0.9+10 (21.0.9+10) (build 21.0.9+10-LTS)
# Java VM: OpenJDK 64-Bit Server VM Temurin-21.0.9+10 (21.0.9+10-LTS, mixed mode, sharing, tiered, compressed oops, compressed class ptrs, parallel gc, windows-amd64)
# No core dump will be written. Minidumps are not enabled by default on client versions of Windows
#

---------------  S U M M A R Y ------------

Command Line: --add-modules=ALL-SYSTEM --add-opens=java.base/java.util=ALL-UNNAMED --add-opens=java.base/java.lang=ALL-UNNAMED --add-opens=java.base/sun.nio.fs=ALL-UNNAMED -Declipse.application=org.eclipse.jdt.ls.core.id1 -Dosgi.bundles.defaultStartLevel=4 -Declipse.product=org.eclipse.jdt.ls.core.product -Djava.import.generatesMetadataFilesAtProjectRoot=false -DDetectVMInstallationsJob.disabled=true -Dfile.encoding=utf8 -XX:+UseParallelGC -XX:GCTimeRatio=4 -XX:AdaptiveSizePolicyWeight=90 -Dsun.zip.disableMemoryMapping=true -Xmx2G -Xms100m -Xlog:disable -javaagent:c:\Users\Aniket.Patil\.vscode\extensions\redhat.java-1.50.0-win32-x64\lombok\lombok-1.18.39-4050.jar -XX:+HeapDumpOnOutOfMemoryError -XX:HeapDumpPath=c:\Users\Aniket.Patil\AppData\Roaming\Code\User\workspaceStorage\e8b652bc64e2858438f55a4a76d67bd4\redhat.java -Daether.dependencyCollector.impl=bf c:\Users\Aniket.Patil\.vscode\extensions\redhat.java-1.50.0-win32-x64\server\plugins\org.eclipse.equinox.launcher_1.7.100.v20251111-0406.jar -configuration c:\Users\Aniket.Patil\AppData\Roaming\Code\User\globalStorage\redhat.java\1.50.0\config_win -data c:\Users\Aniket.Patil\AppData\Roaming\Code\User\workspaceStorage\e8b652bc64e2858438f55a4a76d67bd4\redhat.java\jdt_ws --pipe=\\.\pipe\lsp-853992498d5fa3a8a9fdbef679878d6c-sock

Host: 11th Gen Intel(R) Core(TM) i5-1135G7 @ 2.40GHz, 8 cores, 15G,  Windows 11 , 64 bit Build 26100 (10.0.26100.7019)
Time: Thu Nov 27 17:23:40 2025 India Standard Time elapsed time: 38.591836 seconds (0d 0h 0m 38s)

---------------  T H R E A D  ---------------

Current thread (0x000002381077cd40):  JavaThread "C2 CompilerThread1" daemon [_thread_in_native, id=28604, stack(0x000000a784d00000,0x000000a784e00000) (1024K)]


Current CompileTask:
C2:38592 14894       4       org.eclipse.jdt.internal.compiler.classfmt.ModuleInfo::readModuleAttribute (1166 bytes)

Stack: [0x000000a784d00000,0x000000a784e00000]
Native frames: (J=compiled Java code, j=interpreted, Vv=VM code, C=native code)
V  [jvm.dll+0x6d6e29]
V  [jvm.dll+0x8b4b76]
V  [jvm.dll+0x8b712e]
V  [jvm.dll+0x8b7813]
V  [jvm.dll+0x283d86]
V  [jvm.dll+0xc66ed]
V  [jvm.dll+0xc6c31]
V  [jvm.dll+0x3be53b]
V  [jvm.dll+0x1e3d59]
V  [jvm.dll+0x24c0f3]
V  [jvm.dll+0x24b580]
V  [jvm.dll+0x1cb13e]
V  [jvm.dll+0x25b29d]
V  [jvm.dll+0x25982a]
V  [jvm.dll+0x3f7ea6]
V  [jvm.dll+0x85e9ad]
V  [jvm.dll+0x6d565d]
C  [ucrtbase.dll+0x37b0]
C  [KERNEL32.DLL+0x2e8d7]
C  [ntdll.dll+0x8c53c]


---------------  P R O C E S S  ---------------

Threads class SMR info:
_java_thread_list=0x0000023818f059c0, length=72, elements={
0x00000237a5668c60, 0x00000237a78df4e0, 0x00000237a78e2540, 0x00000237a78e65f0,
0x00000237a78e9150, 0x00000237a78f07b0, 0x00000237a78f4880, 0x00000237a78feb80,
0x00000237a7901410, 0x00000237a78f4f10, 0x00000237a78f55a0, 0x00000237a78f5c30,
0x00000237a78f62c0, 0x00000237a78f6950, 0x00000237a78f6fe0, 0x00000237a78f7670,
0x00000237a78f7d00, 0x00000238061cbd80, 0x00000238061ca9d0, 0x00000238061cb060,
0x00000238061cb6f0, 0x00000238061cc410, 0x00000238061ccaa0, 0x00000238061cd130,
0x00000238061c9cb0, 0x00000238061cd7c0, 0x00000238061ca340, 0x00000238061ce4e0,
0x00000238061cf890, 0x00000238061cff20, 0x00000238061d05b0, 0x00000238061d0c40,
0x00000238061d12d0, 0x00000238061ceb70, 0x00000238061cde50, 0x00000238061cf200,
0x0000023807f631b0, 0x0000023807f63840, 0x0000023807f68070, 0x0000023807f68700,
0x0000023807f68d90, 0x0000023807f69ab0, 0x0000023807f6a140, 0x0000023807f66cc0,
0x0000023807f955e0, 0x0000023807f94f50, 0x0000023807f96300, 0x0000023807f95c70,
0x0000023807f92e80, 0x0000023807f93ba0, 0x0000023807f93510, 0x0000023807f94230,
0x0000023805ce7a00, 0x0000023805ce8720, 0x0000023805cea160, 0x0000023805ce9ad0,
0x0000023805ce6ce0, 0x0000023805cea7f0, 0x0000023805ce7370, 0x0000023805cebba0,
0x0000023805cec230, 0x0000023805cec8c0, 0x0000023805ceae80, 0x0000023805ced5e0,
0x0000023807f65280, 0x0000023807f65910, 0x0000023807f67350, 0x0000023807f69420,
0x0000023807f66630, 0x0000023807f679e0, 0x000002380ef5aaa0, 0x000002381077cd40
}

Java Threads: ( => current thread )
  0x00000237a5668c60 JavaThread "main"                              [_thread_blocked, id=13928, stack(0x000000a781300000,0x000000a781400000) (1024K)]
  0x00000237a78df4e0 JavaThread "Reference Handler"          daemon [_thread_blocked, id=22972, stack(0x000000a781700000,0x000000a781800000) (1024K)]
  0x00000237a78e2540 JavaThread "Finalizer"                  daemon [_thread_blocked, id=29616, stack(0x000000a781800000,0x000000a781900000) (1024K)]
  0x00000237a78e65f0 JavaThread "Signal Dispatcher"          daemon [_thread_blocked, id=9112, stack(0x000000a781900000,0x000000a781a00000) (1024K)]
  0x00000237a78e9150 JavaThread "Attach Listener"            daemon [_thread_blocked, id=14860, stack(0x000000a781a00000,0x000000a781b00000) (1024K)]
  0x00000237a78f07b0 JavaThread "Service Thread"             daemon [_thread_blocked, id=9600, stack(0x000000a781b00000,0x000000a781c00000) (1024K)]
  0x00000237a78f4880 JavaThread "Monitor Deflation Thread"   daemon [_thread_blocked, id=8220, stack(0x000000a781c00000,0x000000a781d00000) (1024K)]
  0x00000237a78feb80 JavaThread "C2 CompilerThread0"         daemon [_thread_in_native, id=12224, stack(0x000000a781d00000,0x000000a781e00000) (1024K)]
  0x00000237a7901410 JavaThread "C1 CompilerThread0"         daemon [_thread_in_vm, id=11464, stack(0x000000a781e00000,0x000000a781f00000) (1024K)]
  0x00000237a78f4f10 JavaThread "Common-Cleaner"             daemon [_thread_blocked, id=2672, stack(0x000000a782000000,0x000000a782100000) (1024K)]
  0x00000237a78f55a0 JavaThread "Notification Thread"        daemon [_thread_blocked, id=18684, stack(0x000000a782100000,0x000000a782200000) (1024K)]
  0x00000237a78f5c30 JavaThread "Active Thread: Equinox Container: 5898d842-2a2f-4424-a02b-5aac3f16c50c"        [_thread_blocked, id=21288, stack(0x000000a782900000,0x000000a782a00000) (1024K)]
  0x00000237a78f62c0 JavaThread "Refresh Thread: Equinox Container: 5898d842-2a2f-4424-a02b-5aac3f16c50c" daemon [_thread_blocked, id=22452, stack(0x000000a782a00000,0x000000a782b00000) (1024K)]
  0x00000237a78f6950 JavaThread "Framework Event Dispatcher: Equinox Container: 5898d842-2a2f-4424-a02b-5aac3f16c50c" daemon [_thread_blocked, id=19092, stack(0x000000a782c00000,0x000000a782d00000) (1024K)]
  0x00000237a78f6fe0 JavaThread "Start Level: Equinox Container: 5898d842-2a2f-4424-a02b-5aac3f16c50c" daemon [_thread_blocked, id=21596, stack(0x000000a782d00000,0x000000a782e00000) (1024K)]
  0x00000237a78f7670 JavaThread "Bundle File Closer"         daemon [_thread_blocked, id=23924, stack(0x000000a782e00000,0x000000a782f00000) (1024K)]
  0x00000237a78f7d00 JavaThread "SCR Component Actor"        daemon [_thread_blocked, id=28892, stack(0x000000a782f00000,0x000000a783000000) (1024K)]
  0x00000238061cbd80 JavaThread "Worker-JM"                         [_thread_blocked, id=28336, stack(0x000000a782200000,0x000000a782300000) (1024K)]
  0x00000238061ca9d0 JavaThread "JNA Cleaner"                daemon [_thread_blocked, id=23420, stack(0x000000a783000000,0x000000a783100000) (1024K)]
  0x00000238061cb060 JavaThread "Worker-0"                          [_thread_blocked, id=10200, stack(0x000000a783100000,0x000000a783200000) (1024K)]
  0x00000238061cb6f0 JavaThread "Worker-1"                          [_thread_blocked, id=16716, stack(0x000000a783200000,0x000000a783300000) (1024K)]
  0x00000238061cc410 JavaThread "Worker-2"                          [_thread_blocked, id=23496, stack(0x000000a783300000,0x000000a783400000) (1024K)]
  0x00000238061ccaa0 JavaThread "Java indexing"              daemon [_thread_blocked, id=27600, stack(0x000000a783400000,0x000000a783500000) (1024K)]
  0x00000238061cd130 JavaThread "Worker-3"                          [_thread_blocked, id=22164, stack(0x000000a783600000,0x000000a783700000) (1024K)]
  0x00000238061c9cb0 JavaThread "Thread-1"                   daemon [_thread_in_native, id=13844, stack(0x000000a783a00000,0x000000a783b00000) (1024K)]
  0x00000238061cd7c0 JavaThread "Thread-2"                   daemon [_thread_in_native, id=26372, stack(0x000000a783b00000,0x000000a783c00000) (1024K)]
  0x00000238061ca340 JavaThread "Thread-3"                   daemon [_thread_in_native, id=19744, stack(0x000000a783c00000,0x000000a783d00000) (1024K)]
  0x00000238061ce4e0 JavaThread "Thread-4"                   daemon [_thread_in_native, id=5560, stack(0x000000a783d00000,0x000000a783e00000) (1024K)]
  0x00000238061cf890 JavaThread "Thread-5"                   daemon [_thread_in_native, id=13824, stack(0x000000a783e00000,0x000000a783f00000) (1024K)]
  0x00000238061cff20 JavaThread "Thread-6"                   daemon [_thread_in_native, id=5064, stack(0x000000a783f00000,0x000000a784000000) (1024K)]
  0x00000238061d05b0 JavaThread "Thread-7"                   daemon [_thread_in_native, id=28140, stack(0x000000a784000000,0x000000a784100000) (1024K)]
  0x00000238061d0c40 JavaThread "Thread-8"                   daemon [_thread_in_native, id=14128, stack(0x000000a784100000,0x000000a784200000) (1024K)]
  0x00000238061d12d0 JavaThread "Thread-9"                   daemon [_thread_in_native, id=23352, stack(0x000000a784200000,0x000000a784300000) (1024K)]
  0x00000238061ceb70 JavaThread "Worker-4"                          [_thread_blocked, id=5428, stack(0x000000a784300000,0x000000a784400000) (1024K)]
  0x00000238061cde50 JavaThread "pool-2-thread-1"                   [_thread_blocked, id=13704, stack(0x000000a784400000,0x000000a784500000) (1024K)]
  0x00000238061cf200 JavaThread "WorkspaceEventsHandler"            [_thread_blocked, id=2244, stack(0x000000a784500000,0x000000a784600000) (1024K)]
  0x0000023807f631b0 JavaThread "pool-1-thread-1"                   [_thread_in_native, id=28900, stack(0x000000a784600000,0x000000a784700000) (1024K)]
  0x0000023807f63840 JavaThread "Worker-5"                          [_thread_blocked, id=9180, stack(0x000000a784700000,0x000000a784800000) (1024K)]
  0x0000023807f68070 JavaThread "LocalFile Deleter"          daemon [_thread_blocked, id=144, stack(0x000000a785000000,0x000000a785100000) (1024K)]
  0x0000023807f68700 JavaThread "LocalFile Deleter"          daemon [_thread_blocked, id=23248, stack(0x000000a785100000,0x000000a785200000) (1024K)]
  0x0000023807f68d90 JavaThread "LocalFile Deleter"          daemon [_thread_blocked, id=20620, stack(0x000000a785200000,0x000000a785300000) (1024K)]
  0x0000023807f69ab0 JavaThread "LocalFile Deleter"          daemon [_thread_blocked, id=12412, stack(0x000000a785300000,0x000000a785400000) (1024K)]
  0x0000023807f6a140 JavaThread "LocalFile Deleter"          daemon [_thread_blocked, id=29292, stack(0x000000a785400000,0x000000a785500000) (1024K)]
  0x0000023807f66cc0 JavaThread "LocalFile Deleter"          daemon [_thread_blocked, id=26184, stack(0x000000a785500000,0x000000a785600000) (1024K)]
  0x0000023807f955e0 JavaThread "LocalFile Deleter"          daemon [_thread_blocked, id=21852, stack(0x000000a785600000,0x000000a785700000) (1024K)]
  0x0000023807f94f50 JavaThread "LocalFile Deleter"          daemon [_thread_blocked, id=27940, stack(0x000000a785700000,0x000000a785800000) (1024K)]
  0x0000023807f96300 JavaThread "Compiler Source File Reader" daemon [_thread_blocked, id=9760, stack(0x000000a785800000,0x000000a785900000) (1024K)]
  0x0000023807f95c70 JavaThread "Compiler Source File Reader" daemon [_thread_blocked, id=24424, stack(0x000000a785900000,0x000000a785a00000) (1024K)]
  0x0000023807f92e80 JavaThread "Compiler Source File Reader" daemon [_thread_blocked, id=11320, stack(0x000000a785a00000,0x000000a785b00000) (1024K)]
  0x0000023807f93ba0 JavaThread "Compiler Source File Reader" daemon [_thread_blocked, id=13160, stack(0x000000a785b00000,0x000000a785c00000) (1024K)]
  0x0000023807f93510 JavaThread "Compiler Source File Reader" daemon [_thread_blocked, id=1472, stack(0x000000a785c00000,0x000000a785d00000) (1024K)]
  0x0000023807f94230 JavaThread "Compiler Source File Reader" daemon [_thread_blocked, id=12636, stack(0x000000a785d00000,0x000000a785e00000) (1024K)]
  0x0000023805ce7a00 JavaThread "Compiler Processing Task"   daemon [_thread_blocked, id=28868, stack(0x000000a785e00000,0x000000a785f00000) (1024K)]
  0x0000023805ce8720 JavaThread "Compiler Class File Writer" daemon [_thread_blocked, id=27396, stack(0x000000a785f00000,0x000000a786000000) (1024K)]
  0x0000023805cea160 JavaThread "Compiler Class File Writer" daemon [_thread_blocked, id=25496, stack(0x000000a786000000,0x000000a786100000) (1024K)]
  0x0000023805ce9ad0 JavaThread "Compiler Class File Writer" daemon [_thread_blocked, id=20920, stack(0x000000a786100000,0x000000a786200000) (1024K)]
  0x0000023805ce6ce0 JavaThread "Compiler Class File Writer" daemon [_thread_blocked, id=28652, stack(0x000000a786200000,0x000000a786300000) (1024K)]
  0x0000023805cea7f0 JavaThread "Compiler Class File Writer" daemon [_thread_blocked, id=20604, stack(0x000000a786300000,0x000000a786400000) (1024K)]
  0x0000023805ce7370 JavaThread "Compiler Class File Writer" daemon [_thread_blocked, id=5624, stack(0x000000a786400000,0x000000a786500000) (1024K)]
  0x0000023805cebba0 JavaThread "ForkJoinPool.commonPool-worker-1" daemon [_thread_blocked, id=12132, stack(0x000000a781f00000,0x000000a782000000) (1024K)]
  0x0000023805cec230 JavaThread "ForkJoinPool.commonPool-worker-2" daemon [_thread_blocked, id=26612, stack(0x000000a783500000,0x000000a783600000) (1024K)]
  0x0000023805cec8c0 JavaThread "ForkJoinPool.commonPool-worker-3" daemon [_thread_blocked, id=14764, stack(0x000000a784800000,0x000000a784900000) (1024K)]
  0x0000023805ceae80 JavaThread "ForkJoinPool.commonPool-worker-4" daemon [_thread_blocked, id=14580, stack(0x000000a784900000,0x000000a784a00000) (1024K)]
  0x0000023805ced5e0 JavaThread "ForkJoinPool.commonPool-worker-5" daemon [_thread_blocked, id=28252, stack(0x000000a784a00000,0x000000a784b00000) (1024K)]
  0x0000023807f65280 JavaThread "ForkJoinPool.commonPool-worker-6" daemon [_thread_blocked, id=20696, stack(0x000000a784b00000,0x000000a784c00000) (1024K)]
  0x0000023807f65910 JavaThread "ForkJoinPool.commonPool-worker-7" daemon [_thread_blocked, id=20344, stack(0x000000a784c00000,0x000000a784d00000) (1024K)]
  0x0000023807f67350 JavaThread "Cleaner-0"                  daemon [_thread_blocked, id=29404, stack(0x000000a784f00000,0x000000a785000000) (1024K)]
  0x0000023807f69420 JavaThread "Java Debug Server"          daemon [_thread_in_native, id=22644, stack(0x000000a786500000,0x000000a786600000) (1024K)]
  0x0000023807f66630 JavaThread "pool-5-thread-1"                   [_thread_blocked, id=18480, stack(0x000000a786600000,0x000000a786700000) (1024K)]
  0x0000023807f679e0 JavaThread "RxSchedulerPurge-1"         daemon [_thread_blocked, id=26404, stack(0x000000a786700000,0x000000a786800000) (1024K)]
  0x000002380ef5aaa0 JavaThread "RxCachedWorkerPoolEvictor-1" daemon [_thread_blocked, id=17648, stack(0x000000a786800000,0x000000a786900000) (1024K)]
=>0x000002381077cd40 JavaThread "C2 CompilerThread1"         daemon [_thread_in_native, id=28604, stack(0x000000a784d00000,0x000000a784e00000) (1024K)]
Total: 72

Other Threads:
  0x00000237a78c0bc0 VMThread "VM Thread"                           [id=27468, stack(0x000000a781600000,0x000000a781700000) (1024K)]
  0x00000237a79d8fb0 WatcherThread "VM Periodic Task Thread"        [id=28968, stack(0x000000a781500000,0x000000a781600000) (1024K)]
  0x00000237a7989580 WorkerThread "GC Thread#0"                     [id=28924, stack(0x000000a781400000,0x000000a781500000) (1024K)]
  0x0000023805a7cad0 WorkerThread "GC Thread#1"                     [id=28600, stack(0x000000a782300000,0x000000a782400000) (1024K)]
  0x0000023805c4e870 WorkerThread "GC Thread#2"                     [id=23148, stack(0x000000a782400000,0x000000a782500000) (1024K)]
  0x0000023805c4f020 WorkerThread "GC Thread#3"                     [id=27656, stack(0x000000a782500000,0x000000a782600000) (1024K)]
  0x0000023805c4f3c0 WorkerThread "GC Thread#4"                     [id=28756, stack(0x000000a782600000,0x000000a782700000) (1024K)]
  0x0000023805b70400 WorkerThread "GC Thread#5"                     [id=27224, stack(0x000000a782700000,0x000000a782800000) (1024K)]
  0x0000023805b70b40 WorkerThread "GC Thread#6"                     [id=6864, stack(0x000000a782800000,0x000000a782900000) (1024K)]
  0x0000023805b70ee0 WorkerThread "GC Thread#7"                     [id=26088, stack(0x000000a782b00000,0x000000a782c00000) (1024K)]
Total: 10

Threads with active compile tasks:
C2 CompilerThread0  38668 14905       4       com.google.common.cache.LocalCache::get (21 bytes)
C2 CompilerThread1  38668 14894       4       org.eclipse.jdt.internal.compiler.classfmt.ModuleInfo::readModuleAttribute (1166 bytes)
Total: 2

VM state: not at safepoint (normal execution)

VM Mutex/Monitor currently owned by a thread: None

Heap address: 0x0000000080000000, size: 2048 MB, Compressed Oops mode: 32-bit

CDS archive(s) mapped at: [0x00000237bf000000-0x00000237bfba0000-0x00000237bfba0000), size 12189696, SharedBaseAddress: 0x00000237bf000000, ArchiveRelocationMode: 1.
Compressed class space mapped at: 0x00000237c0000000-0x0000023800000000, reserved size: 1073741824
Narrow klass base: 0x00000237bf000000, Narrow klass shift: 0, Narrow klass range: 0x100000000

GC Precious Log:
 CardTable entry size: 512
 CPUs: 8 total, 8 available
 Memory: 16126M
 Large Page Support: Disabled
 NUMA Support: Disabled
 Compressed Oops: Enabled (32-bit)
 Alignments: Space 512K, Generation 512K, Heap 2M
 Heap Min Capacity: 100M
 Heap Initial Capacity: 100M
 Heap Max Capacity: 2G
 Pre-touch: Disabled
 Parallel Workers: 8

Heap:
 PSYoungGen      total 15872K, used 12585K [0x00000000d5580000, 0x00000000d6c00000, 0x0000000100000000)
  eden space 14848K, 77% used [0x00000000d5580000,0x00000000d60cb3c0,0x00000000d6400000)
  from space 1024K, 99% used [0x00000000d6400000,0x00000000d64ff340,0x00000000d6500000)
  to   space 4096K, 0% used [0x00000000d6800000,0x00000000d6800000,0x00000000d6c00000)
 ParOldGen       total 458240K, used 457780K [0x0000000080000000, 0x000000009bf80000, 0x00000000d5580000)
  object space 458240K, 99% used [0x0000000080000000,0x000000009bf0d060,0x000000009bf80000)
 Metaspace       used 74894K, committed 76608K, reserved 1179648K
  class space    used 7862K, committed 8576K, reserved 1048576K

Card table byte_map: [0x00000237a7310000,0x00000237a7720000] _byte_map_base: 0x00000237a6f10000

Marking Bits: (ParMarkBitMap*) 0x00007ffba1cf2460
 Begin Bits: [0x00000237b9e20000, 0x00000237bbe20000)
 End Bits:   [0x00000237bbe20000, 0x00000237bde20000)

Polling page: 0x00000237a5610000

Metaspace:

Usage:
  Non-class:     65.46 MB used.
      Class:      7.68 MB used.
       Both:     73.14 MB used.

Virtual space:
  Non-class space:      128.00 MB reserved,      66.44 MB ( 52%) committed,  2 nodes.
      Class space:        1.00 GB reserved,       8.38 MB ( <1%) committed,  1 nodes.
             Both:        1.12 GB reserved,      74.81 MB (  6%) committed. 

Chunk freelists:
   Non-Class:  13.03 MB
       Class:  7.62 MB
        Both:  20.66 MB

MaxMetaspaceSize: unlimited
CompressedClassSpaceSize: 1.00 GB
Initial GC threshold: 21.00 MB
Current GC threshold: 97.31 MB
CDS: on
 - commit_granule_bytes: 65536.
 - commit_granule_words: 8192.
 - virtual_space_node_default_size: 8388608.
 - enlarge_chunks_in_place: 1.
 - use_allocation_guard: 0.


Internal statistics:

num_allocs_failed_limit: 9.
num_arena_births: 1430.
num_arena_deaths: 14.
num_vsnodes_births: 3.
num_vsnodes_deaths: 0.
num_space_committed: 1198.
num_space_uncommitted: 0.
num_chunks_returned_to_freelist: 23.
num_chunks_taken_from_freelist: 5063.
num_chunk_merges: 13.
num_chunk_splits: 3089.
num_chunks_enlarged: 1702.
num_inconsistent_stats: 0.

CodeHeap 'non-profiled nmethods': size=120000Kb used=11718Kb max_used=11718Kb free=108281Kb
 bounds [0x00000237b2640000, 0x00000237b31c0000, 0x00000237b9b70000]
CodeHeap 'profiled nmethods': size=120000Kb used=33533Kb max_used=33533Kb free=86466Kb
 bounds [0x00000237aab70000, 0x00000237acc30000, 0x00000237b20a0000]
CodeHeap 'non-nmethods': size=5760Kb used=1490Kb max_used=1566Kb free=4270Kb
 bounds [0x00000237b20a0000, 0x00000237b2310000, 0x00000237b2640000]
CodeCache: size=245760Kb, used=46741Kb, max_used=46817Kb, free=199017Kb
 total_blobs=14887, nmethods=14085, adapters=706, full_count=0
Compilation: enabled, stopped_count=0, restarted_count=0

Compilation events (20 events):
Event: 37.489 Thread 0x00000237a78feb80 14902       4       org.eclipse.sisu.inject.RankedSequence$Itr::rank (8 bytes)
Event: 37.489 Thread 0x00000237a78feb80 nmethod 14902 0x00000237b31ae190 code [0x00000237b31ae320, 0x00000237b31ae3b8]
Event: 37.492 Thread 0x00000237a78feb80 14903   !   4       org.eclipse.sisu.inject.BeanCache::create (181 bytes)
Event: 37.522 Thread 0x00000237a78feb80 nmethod 14903 0x00000237b31ae490 code [0x00000237b31ae880, 0x00000237b31b0458]
Event: 37.522 Thread 0x00000237a7901410 14904   !   3       com.google.common.cache.LocalCache$Segment::get (210 bytes)
Event: 37.523 Thread 0x00000237a7901410 nmethod 14904 0x00000237acc16690 code [0x00000237acc16a80, 0x00000237acc18270]
Event: 37.612 Thread 0x00000237a78feb80 14905       4       com.google.common.cache.LocalCache::get (21 bytes)
Event: 37.720 Thread 0x00000237a7901410 14907       3       java.io.File::getCanonicalFile (38 bytes)
Event: 37.720 Thread 0x00000237a7901410 nmethod 14907 0x00000237acc19010 code [0x00000237acc19240, 0x00000237acc197c8]
Event: 37.760 Thread 0x00000237a7901410 14909   !   3       java.io.WinNTFileSystem::checkAccess (28 bytes)
Event: 37.760 Thread 0x00000237a7901410 nmethod 14909 0x00000237acc19a10 code [0x00000237acc19be0, 0x00000237acc19e08]
Event: 37.864 Thread 0x00000237a7901410 14910       3       sun.nio.fs.WindowsPath::hashCode (52 bytes)
Event: 37.865 Thread 0x00000237a7901410 nmethod 14910 0x00000237acc19f90 code [0x00000237acc1a1e0, 0x00000237acc1ab40]
Event: 37.865 Thread 0x00000237a7901410 14911       3       org.eclipse.jdt.internal.core.PackageFragmentRoot::internalPath (10 bytes)
Event: 37.866 Thread 0x00000237a7901410 nmethod 14911 0x00000237acc1af10 code [0x00000237acc1b120, 0x00000237acc1b9e8]
Event: 37.866 Thread 0x00000237a7901410 14912       3       org.eclipse.jdt.internal.core.Openable::resource (28 bytes)
Event: 37.867 Thread 0x00000237a7901410 nmethod 14912 0x00000237acc1bc10 code [0x00000237acc1be40, 0x00000237acc1c868]
Event: 37.867 Thread 0x00000237a7901410 14913       3       org.eclipse.jdt.internal.core.JrtPackageFragmentRoot::getPackageFragment (10 bytes)
Event: 37.868 Thread 0x00000237a7901410 nmethod 14913 0x00000237acc1cb10 code [0x00000237acc1cce0, 0x00000237acc1d040]
Event: 37.868 Thread 0x00000237a7901410 14915   !   3       org.eclipse.jdt.internal.core.NameLookup::findType (673 bytes)

GC Heap History (20 events):
Event: 30.673 GC heap before
{Heap before GC invocations=1081 (full 3):
 PSYoungGen      total 15872K, used 15869K [0x00000000d5580000, 0x00000000d6a80000, 0x0000000100000000)
  eden space 15360K, 100% used [0x00000000d5580000,0x00000000d6480000,0x00000000d6480000)
  from space 512K, 99% used [0x00000000d6480000,0x00000000d64ff408,0x00000000d6500000)
  to   space 3072K, 0% used [0x00000000d6780000,0x00000000d6780000,0x00000000d6a80000)
 ParOldGen       total 449536K, used 449183K [0x0000000080000000, 0x000000009b700000, 0x00000000d5580000)
  object space 449536K, 99% used [0x0000000080000000,0x000000009b6a7c20,0x000000009b700000)
 Metaspace       used 68268K, committed 70016K, reserved 1114112K
  class space    used 7123K, committed 7872K, reserved 1048576K
}
Event: 30.677 GC heap after
{Heap after GC invocations=1081 (full 3):
 PSYoungGen      total 17408K, used 1547K [0x00000000d5580000, 0x00000000d6980000, 0x0000000100000000)
  eden space 15360K, 0% used [0x00000000d5580000,0x00000000d5580000,0x00000000d6480000)
  from space 2048K, 75% used [0x00000000d6780000,0x00000000d6902d78,0x00000000d6980000)
  to   space 2048K, 0% used [0x00000000d6580000,0x00000000d6580000,0x00000000d6780000)
 ParOldGen       total 450048K, used 449736K [0x0000000080000000, 0x000000009b780000, 0x00000000d5580000)
  object space 450048K, 99% used [0x0000000080000000,0x000000009b7321a0,0x000000009b780000)
 Metaspace       used 68268K, committed 70016K, reserved 1114112K
  class space    used 7123K, committed 7872K, reserved 1048576K
}
Event: 30.768 GC heap before
{Heap before GC invocations=1082 (full 3):
 PSYoungGen      total 17408K, used 16907K [0x00000000d5580000, 0x00000000d6980000, 0x0000000100000000)
  eden space 15360K, 100% used [0x00000000d5580000,0x00000000d6480000,0x00000000d6480000)
  from space 2048K, 75% used [0x00000000d6780000,0x00000000d6902d78,0x00000000d6980000)
  to   space 2048K, 0% used [0x00000000d6580000,0x00000000d6580000,0x00000000d6780000)
 ParOldGen       total 450048K, used 449736K [0x0000000080000000, 0x000000009b780000, 0x00000000d5580000)
  object space 450048K, 99% used [0x0000000080000000,0x000000009b7321a0,0x000000009b780000)
 Metaspace       used 68301K, committed 70016K, reserved 1114112K
  class space    used 7123K, committed 7872K, reserved 1048576K
}
Event: 30.771 GC heap after
{Heap after GC invocations=1082 (full 3):
 PSYoungGen      total 16896K, used 1373K [0x00000000d5580000, 0x00000000d6800000, 0x0000000100000000)
  eden space 15360K, 0% used [0x00000000d5580000,0x00000000d5580000,0x00000000d6480000)
  from space 1536K, 89% used [0x00000000d6580000,0x00000000d66d74c0,0x00000000d6700000)
  to   space 1024K, 0% used [0x00000000d6700000,0x00000000d6700000,0x00000000d6800000)
 ParOldGen       total 451072K, used 450859K [0x0000000080000000, 0x000000009b880000, 0x00000000d5580000)
  object space 451072K, 99% used [0x0000000080000000,0x000000009b84af80,0x000000009b880000)
 Metaspace       used 68301K, committed 70016K, reserved 1114112K
  class space    used 7123K, committed 7872K, reserved 1048576K
}
Event: 30.845 GC heap before
{Heap before GC invocations=1083 (full 3):
 PSYoungGen      total 16896K, used 16733K [0x00000000d5580000, 0x00000000d6800000, 0x0000000100000000)
  eden space 15360K, 100% used [0x00000000d5580000,0x00000000d6480000,0x00000000d6480000)
  from space 1536K, 89% used [0x00000000d6580000,0x00000000d66d74c0,0x00000000d6700000)
  to   space 1024K, 0% used [0x00000000d6700000,0x00000000d6700000,0x00000000d6800000)
 ParOldGen       total 451072K, used 450859K [0x0000000080000000, 0x000000009b880000, 0x00000000d5580000)
  object space 451072K, 99% used [0x0000000080000000,0x000000009b84af80,0x000000009b880000)
 Metaspace       used 68751K, committed 70464K, reserved 1114112K
  class space    used 7156K, committed 7872K, reserved 1048576K
}
Event: 30.850 GC heap after
{Heap after GC invocations=1083 (full 3):
 PSYoungGen      total 16384K, used 532K [0x00000000d5580000, 0x00000000d6800000, 0x0000000100000000)
  eden space 15360K, 0% used [0x00000000d5580000,0x00000000d5580000,0x00000000d6480000)
  from space 1024K, 51% used [0x00000000d6700000,0x00000000d6785018,0x00000000d6800000)
  to   space 1024K, 0% used [0x00000000d6600000,0x00000000d6600000,0x00000000d6700000)
 ParOldGen       total 452096K, used 451619K [0x0000000080000000, 0x000000009b980000, 0x00000000d5580000)
  object space 452096K, 99% used [0x0000000080000000,0x000000009b908f80,0x000000009b980000)
 Metaspace       used 68751K, committed 70464K, reserved 1114112K
  class space    used 7156K, committed 7872K, reserved 1048576K
}
Event: 31.098 GC heap before
{Heap before GC invocations=1084 (full 3):
 PSYoungGen      total 16384K, used 15892K [0x00000000d5580000, 0x00000000d6800000, 0x0000000100000000)
  eden space 15360K, 100% used [0x00000000d5580000,0x00000000d6480000,0x00000000d6480000)
  from space 1024K, 51% used [0x00000000d6700000,0x00000000d6785018,0x00000000d6800000)
  to   space 1024K, 0% used [0x00000000d6600000,0x00000000d6600000,0x00000000d6700000)
 ParOldGen       total 452096K, used 451619K [0x0000000080000000, 0x000000009b980000, 0x00000000d5580000)
  object space 452096K, 99% used [0x0000000080000000,0x000000009b908f80,0x000000009b980000)
 Metaspace       used 70173K, committed 71872K, reserved 1114112K
  class space    used 7273K, committed 8000K, reserved 1048576K
}
Event: 31.103 GC heap after
{Heap after GC invocations=1084 (full 3):
 PSYoungGen      total 16384K, used 800K [0x00000000d5580000, 0x00000000d6780000, 0x0000000100000000)
  eden space 15360K, 0% used [0x00000000d5580000,0x00000000d5580000,0x00000000d6480000)
  from space 1024K, 78% used [0x00000000d6600000,0x00000000d66c8020,0x00000000d6700000)
  to   space 512K, 0% used [0x00000000d6700000,0x00000000d6700000,0x00000000d6780000)
 ParOldGen       total 452096K, used 451899K [0x0000000080000000, 0x000000009b980000, 0x00000000d5580000)
  object space 452096K, 99% used [0x0000000080000000,0x000000009b94ef80,0x000000009b980000)
 Metaspace       used 70173K, committed 71872K, reserved 1114112K
  class space    used 7273K, committed 8000K, reserved 1048576K
}
Event: 31.465 GC heap before
{Heap before GC invocations=1085 (full 3):
 PSYoungGen      total 16384K, used 16160K [0x00000000d5580000, 0x00000000d6780000, 0x0000000100000000)
  eden space 15360K, 100% used [0x00000000d5580000,0x00000000d6480000,0x00000000d6480000)
  from space 1024K, 78% used [0x00000000d6600000,0x00000000d66c8020,0x00000000d6700000)
  to   space 512K, 0% used [0x00000000d6700000,0x00000000d6700000,0x00000000d6780000)
 ParOldGen       total 452096K, used 451899K [0x0000000080000000, 0x000000009b980000, 0x00000000d5580000)
  object space 452096K, 99% used [0x0000000080000000,0x000000009b94ef80,0x000000009b980000)
 Metaspace       used 71267K, committed 72896K, reserved 1179648K
  class space    used 7379K, committed 8128K, reserved 1048576K
}
Event: 31.470 GC heap after
{Heap after GC invocations=1085 (full 3):
 PSYoungGen      total 15360K, used 512K [0x00000000d5580000, 0x00000000d6a80000, 0x0000000100000000)
  eden space 14848K, 0% used [0x00000000d5580000,0x00000000d5580000,0x00000000d6400000)
  from space 512K, 100% used [0x00000000d6700000,0x00000000d6780000,0x00000000d6780000)
  to   space 3072K, 0% used [0x00000000d6400000,0x00000000d6400000,0x00000000d6700000)
 ParOldGen       total 454144K, used 453939K [0x0000000080000000, 0x000000009bb80000, 0x00000000d5580000)
  object space 454144K, 99% used [0x0000000080000000,0x000000009bb4ceb8,0x000000009bb80000)
 Metaspace       used 71267K, committed 72896K, reserved 1179648K
  class space    used 7379K, committed 8128K, reserved 1048576K
}
Event: 31.703 GC heap before
{Heap before GC invocations=1086 (full 3):
 PSYoungGen      total 15360K, used 15360K [0x00000000d5580000, 0x00000000d6a80000, 0x0000000100000000)
  eden space 14848K, 100% used [0x00000000d5580000,0x00000000d6400000,0x00000000d6400000)
  from space 512K, 100% used [0x00000000d6700000,0x00000000d6780000,0x00000000d6780000)
  to   space 3072K, 0% used [0x00000000d6400000,0x00000000d6400000,0x00000000d6700000)
 ParOldGen       total 454144K, used 453939K [0x0000000080000000, 0x000000009bb80000, 0x00000000d5580000)
  object space 454144K, 99% used [0x0000000080000000,0x000000009bb4ceb8,0x000000009bb80000)
 Metaspace       used 71663K, committed 73344K, reserved 1179648K
  class space    used 7412K, committed 8128K, reserved 1048576K
}
Event: 31.705 GC heap after
{Heap after GC invocations=1086 (full 3):
 PSYoungGen      total 15872K, used 903K [0x00000000d5580000, 0x00000000d6780000, 0x0000000100000000)
  eden space 14848K, 0% used [0x00000000d5580000,0x00000000d5580000,0x00000000d6400000)
  from space 1024K, 88% used [0x00000000d6400000,0x00000000d64e1f68,0x00000000d6500000)
  to   space 1536K, 0% used [0x00000000d6600000,0x00000000d6600000,0x00000000d6780000)
 ParOldGen       total 454656K, used 454440K [0x0000000080000000, 0x000000009bc00000, 0x00000000d5580000)
  object space 454656K, 99% used [0x0000000080000000,0x000000009bbca228,0x000000009bc00000)
 Metaspace       used 71663K, committed 73344K, reserved 1179648K
  class space    used 7412K, committed 8128K, reserved 1048576K
}
Event: 31.762 GC heap before
{Heap before GC invocations=1087 (full 3):
 PSYoungGen      total 15872K, used 15721K [0x00000000d5580000, 0x00000000d6780000, 0x0000000100000000)
  eden space 14848K, 99% used [0x00000000d5580000,0x00000000d63f86c8,0x00000000d6400000)
  from space 1024K, 88% used [0x00000000d6400000,0x00000000d64e1f68,0x00000000d6500000)
  to   space 1536K, 0% used [0x00000000d6600000,0x00000000d6600000,0x00000000d6780000)
 ParOldGen       total 454656K, used 454440K [0x0000000080000000, 0x000000009bc00000, 0x00000000d5580000)
  object space 454656K, 99% used [0x0000000080000000,0x000000009bbca228,0x000000009bc00000)
 Metaspace       used 71745K, committed 73472K, reserved 1179648K
  class space    used 7427K, committed 8192K, reserved 1048576K
}
Event: 31.766 GC heap after
{Heap after GC invocations=1087 (full 3):
 PSYoungGen      total 15360K, used 256K [0x00000000d5580000, 0x00000000d6680000, 0x0000000100000000)
  eden space 14848K, 0% used [0x00000000d5580000,0x00000000d5580000,0x00000000d6400000)
  from space 512K, 50% used [0x00000000d6600000,0x00000000d6640000,0x00000000d6680000)
  to   space 1024K, 0% used [0x00000000d6480000,0x00000000d6480000,0x00000000d6580000)
 ParOldGen       total 455168K, used 455124K [0x0000000080000000, 0x000000009bc80000, 0x00000000d5580000)
  object space 455168K, 99% used [0x0000000080000000,0x000000009bc751b0,0x000000009bc80000)
 Metaspace       used 71745K, committed 73472K, reserved 1179648K
  class space    used 7427K, committed 8192K, reserved 1048576K
}
Event: 32.370 GC heap before
{Heap before GC invocations=1088 (full 3):
 PSYoungGen      total 15360K, used 15017K [0x00000000d5580000, 0x00000000d6680000, 0x0000000100000000)
  eden space 14848K, 99% used [0x00000000d5580000,0x00000000d63ea630,0x00000000d6400000)
  from space 512K, 50% used [0x00000000d6600000,0x00000000d6640000,0x00000000d6680000)
  to   space 1024K, 0% used [0x00000000d6480000,0x00000000d6480000,0x00000000d6580000)
 ParOldGen       total 455168K, used 455124K [0x0000000080000000, 0x000000009bc80000, 0x00000000d5580000)
  object space 455168K, 99% used [0x0000000080000000,0x000000009bc751b0,0x000000009bc80000)
 Metaspace       used 73020K, committed 74688K, reserved 1179648K
  class space    used 7580K, committed 8320K, reserved 1048576K
}
Event: 32.371 GC heap after
{Heap after GC invocations=1088 (full 3):
 PSYoungGen      total 15872K, used 720K [0x00000000d5580000, 0x00000000d6680000, 0x0000000100000000)
  eden space 14848K, 0% used [0x00000000d5580000,0x00000000d5580000,0x00000000d6400000)
  from space 1024K, 70% used [0x00000000d6480000,0x00000000d65341f0,0x00000000d6580000)
  to   space 1024K, 0% used [0x00000000d6580000,0x00000000d6580000,0x00000000d6680000)
 ParOldGen       total 455680K, used 455212K [0x0000000080000000, 0x000000009bd00000, 0x00000000d5580000)
  object space 455680K, 99% used [0x0000000080000000,0x000000009bc8b1b0,0x000000009bd00000)
 Metaspace       used 73020K, committed 74688K, reserved 1179648K
  class space    used 7580K, committed 8320K, reserved 1048576K
}
Event: 32.624 GC heap before
{Heap before GC invocations=1089 (full 3):
 PSYoungGen      total 15872K, used 15568K [0x00000000d5580000, 0x00000000d6680000, 0x0000000100000000)
  eden space 14848K, 100% used [0x00000000d5580000,0x00000000d6400000,0x00000000d6400000)
  from space 1024K, 70% used [0x00000000d6480000,0x00000000d65341f0,0x00000000d6580000)
  to   space 1024K, 0% used [0x00000000d6580000,0x00000000d6580000,0x00000000d6680000)
 ParOldGen       total 455680K, used 455212K [0x0000000080000000, 0x000000009bd00000, 0x00000000d5580000)
  object space 455680K, 99% used [0x0000000080000000,0x000000009bc8b1b0,0x000000009bd00000)
 Metaspace       used 74712K, committed 76416K, reserved 1179648K
  class space    used 7834K, committed 8576K, reserved 1048576K
}
Event: 32.626 GC heap after
{Heap after GC invocations=1089 (full 3):
 PSYoungGen      total 15360K, used 480K [0x00000000d5580000, 0x00000000d6600000, 0x0000000100000000)
  eden space 14848K, 0% used [0x00000000d5580000,0x00000000d5580000,0x00000000d6400000)
  from space 512K, 93% used [0x00000000d6580000,0x00000000d65f8020,0x00000000d6600000)
  to   space 1024K, 0% used [0x00000000d6400000,0x00000000d6400000,0x00000000d6500000)
 ParOldGen       total 455680K, used 455595K [0x0000000080000000, 0x000000009bd00000, 0x00000000d5580000)
  object space 455680K, 99% used [0x0000000080000000,0x000000009bcead90,0x000000009bd00000)
 Metaspace       used 74712K, committed 76416K, reserved 1179648K
  class space    used 7834K, committed 8576K, reserved 1048576K
}
Event: 37.151 GC heap before
{Heap before GC invocations=1090 (full 3):
 PSYoungGen      total 15360K, used 15328K [0x00000000d5580000, 0x00000000d6600000, 0x0000000100000000)
  eden space 14848K, 99% used [0x00000000d5580000,0x00000000d63ffff0,0x00000000d6400000)
  from space 512K, 93% used [0x00000000d6580000,0x00000000d65f8020,0x00000000d6600000)
  to   space 1024K, 0% used [0x00000000d6400000,0x00000000d6400000,0x00000000d6500000)
 ParOldGen       total 455680K, used 455595K [0x0000000080000000, 0x000000009bd00000, 0x00000000d5580000)
  object space 455680K, 99% used [0x0000000080000000,0x000000009bcead90,0x000000009bd00000)
 Metaspace       used 74778K, committed 76544K, reserved 1179648K
  class space    used 7847K, committed 8576K, reserved 1048576K
}
Event: 37.155 GC heap after
{Heap after GC invocations=1090 (full 3):
 PSYoungGen      total 15872K, used 1020K [0x00000000d5580000, 0x00000000d6c00000, 0x0000000100000000)
  eden space 14848K, 0% used [0x00000000d5580000,0x00000000d5580000,0x00000000d6400000)
  from space 1024K, 99% used [0x00000000d6400000,0x00000000d64ff340,0x00000000d6500000)
  to   space 4096K, 0% used [0x00000000d6800000,0x00000000d6800000,0x00000000d6c00000)
 ParOldGen       total 458240K, used 457780K [0x0000000080000000, 0x000000009bf80000, 0x00000000d5580000)
  object space 458240K, 99% used [0x0000000080000000,0x000000009bf0d060,0x000000009bf80000)
 Metaspace       used 74778K, committed 76544K, reserved 1179648K
  class space    used 7847K, committed 8576K, reserved 1048576K
}

Dll operation events (11 events):
Event: 0.020 Loaded shared library c:\Users\Aniket.Patil\.vscode\extensions\redhat.java-1.50.0-win32-x64\jre\21.0.9-win32-x86_64\bin\java.dll
Event: 0.093 Loaded shared library c:\Users\Aniket.Patil\.vscode\extensions\redhat.java-1.50.0-win32-x64\jre\21.0.9-win32-x86_64\bin\zip.dll
Event: 0.113 Loaded shared library C:\Users\Aniket.Patil\.vscode\extensions\redhat.java-1.50.0-win32-x64\jre\21.0.9-win32-x86_64\bin\instrument.dll
Event: 0.120 Loaded shared library C:\Users\Aniket.Patil\.vscode\extensions\redhat.java-1.50.0-win32-x64\jre\21.0.9-win32-x86_64\bin\net.dll
Event: 0.124 Loaded shared library C:\Users\Aniket.Patil\.vscode\extensions\redhat.java-1.50.0-win32-x64\jre\21.0.9-win32-x86_64\bin\nio.dll
Event: 0.128 Loaded shared library C:\Users\Aniket.Patil\.vscode\extensions\redhat.java-1.50.0-win32-x64\jre\21.0.9-win32-x86_64\bin\zip.dll
Event: 0.154 Loaded shared library C:\Users\Aniket.Patil\.vscode\extensions\redhat.java-1.50.0-win32-x64\jre\21.0.9-win32-x86_64\bin\jimage.dll
Event: 0.229 Loaded shared library c:\Users\Aniket.Patil\.vscode\extensions\redhat.java-1.50.0-win32-x64\jre\21.0.9-win32-x86_64\bin\verify.dll
Event: 1.233 Loaded shared library C:\Users\Aniket.Patil\AppData\Roaming\Code\User\globalStorage\redhat.java\1.50.0\config_win\org.eclipse.equinox.launcher\org.eclipse.equinox.launcher.win32.win32.x86_64_1.2.1400.v20250801-0854\eclipse_11916.dll
Event: 3.329 Loaded shared library C:\Users\Aniket.Patil\AppData\Local\Temp\jna-1616331286\jna17747164831893436353.dll
Event: 32.233 Loaded shared library C:\Users\Aniket.Patil\.vscode\extensions\redhat.java-1.50.0-win32-x64\jre\21.0.9-win32-x86_64\bin\extnet.dll

Deoptimization events (20 events):
Event: 36.420 Thread 0x0000023807f631b0 Uncommon trap: trap_request=0xffffffbe fr.pc=0x00000237b3195d3c relative=0x000000000000083c
Event: 36.420 Thread 0x0000023807f631b0 Uncommon trap: reason=profile_predicate action=maybe_recompile pc=0x00000237b3195d3c method=java.io.InputStream.read([BII)I @ 40 c2
Event: 36.420 Thread 0x0000023807f631b0 DEOPT PACKING pc=0x00000237b3195d3c sp=0x000000a7846febe0
Event: 36.420 Thread 0x0000023807f631b0 DEOPT UNPACKING pc=0x00000237b20f6da2 sp=0x000000a7846feb90 mode 2
Event: 36.845 Thread 0x0000023807f631b0 Uncommon trap: trap_request=0xffffffbe fr.pc=0x00000237b3195d3c relative=0x000000000000083c
Event: 36.845 Thread 0x0000023807f631b0 Uncommon trap: reason=profile_predicate action=maybe_recompile pc=0x00000237b3195d3c method=java.io.InputStream.read([BII)I @ 40 c2
Event: 36.845 Thread 0x0000023807f631b0 DEOPT PACKING pc=0x00000237b3195d3c sp=0x000000a7846febe0
Event: 36.845 Thread 0x0000023807f631b0 DEOPT UNPACKING pc=0x00000237b20f6da2 sp=0x000000a7846feb90 mode 2
Event: 36.845 Thread 0x0000023807f631b0 Uncommon trap: trap_request=0xffffffbe fr.pc=0x00000237b3186f6c relative=0x000000000000058c
Event: 36.845 Thread 0x0000023807f631b0 Uncommon trap: reason=profile_predicate action=maybe_recompile pc=0x00000237b3186f6c method=java.io.InputStream.read([BII)I @ 37 c2
Event: 36.845 Thread 0x0000023807f631b0 DEOPT PACKING pc=0x00000237b3186f6c sp=0x000000a7846febc0
Event: 36.845 Thread 0x0000023807f631b0 DEOPT UNPACKING pc=0x00000237b20f6da2 sp=0x000000a7846feba0 mode 2
Event: 36.845 Thread 0x0000023807f631b0 Uncommon trap: trap_request=0xffffffbe fr.pc=0x00000237b3186f6c relative=0x000000000000058c
Event: 36.845 Thread 0x0000023807f631b0 Uncommon trap: reason=profile_predicate action=maybe_recompile pc=0x00000237b3186f6c method=java.io.InputStream.read([BII)I @ 37 c2
Event: 36.845 Thread 0x0000023807f631b0 DEOPT PACKING pc=0x00000237b3186f6c sp=0x000000a7846febc0
Event: 36.845 Thread 0x0000023807f631b0 DEOPT UNPACKING pc=0x00000237b20f6da2 sp=0x000000a7846feba0 mode 2
Event: 36.852 Thread 0x0000023807f631b0 Uncommon trap: trap_request=0xffffff45 fr.pc=0x00000237b3095614 relative=0x00000000000001b4
Event: 36.852 Thread 0x0000023807f631b0 Uncommon trap: reason=unstable_if action=reinterpret pc=0x00000237b3095614 method=org.eclipse.jdt.internal.core.JavaElement.getAncestor(I)Lorg/eclipse/jdt/core/IJavaElement; @ 25 c2
Event: 36.852 Thread 0x0000023807f631b0 DEOPT PACKING pc=0x00000237b3095614 sp=0x000000a7846fe9e0
Event: 36.853 Thread 0x0000023807f631b0 DEOPT UNPACKING pc=0x00000237b20f6da2 sp=0x000000a7846fe8a8 mode 2

Classes loaded (20 events):
Event: 32.609 Loading class java/util/stream/SliceOps$1 done
Event: 32.618 Loading class java/util/stream/SliceOps$1$1
Event: 32.619 Loading class java/util/stream/SliceOps$1$1 done
Event: 32.624 Loading class java/util/Timer
Event: 32.624 Loading class java/util/Timer done
Event: 32.624 Loading class java/util/TaskQueue
Event: 32.624 Loading class java/util/TaskQueue done
Event: 32.624 Loading class java/util/TimerThread
Event: 32.626 Loading class java/util/TimerThread done
Event: 32.627 Loading class java/util/Timer$ThreadReaper
Event: 32.627 Loading class java/util/Timer$ThreadReaper done
Event: 32.629 Loading class java/util/concurrent/CompletableFuture$UniWhenComplete
Event: 32.629 Loading class java/util/concurrent/CompletableFuture$UniWhenComplete done
Event: 32.629 Loading class java/util/concurrent/CompletableFuture$UniCompose
Event: 32.629 Loading class java/util/concurrent/CompletableFuture$UniCompose done
Event: 32.629 Loading class java/util/concurrent/CompletableFuture$UniRelay
Event: 32.629 Loading class java/util/concurrent/CompletableFuture$UniRelay done
Event: 33.419 Loading class java/util/concurrent/ScheduledThreadPoolExecutor$DelayedWorkQueue$Itr
Event: 33.420 Loading class java/util/concurrent/ScheduledThreadPoolExecutor$DelayedWorkQueue$Itr done
Event: 37.869 Loading class java/util/HashMap$EntrySpliterator

Classes unloaded (7 events):
Event: 3.795 Thread 0x00000237a78c0bc0 Unloading class 0x00000237c01ad000 'java/lang/invoke/LambdaForm$MH+0x00000237c01ad000'
Event: 3.795 Thread 0x00000237a78c0bc0 Unloading class 0x00000237c01acc00 'java/lang/invoke/LambdaForm$MH+0x00000237c01acc00'
Event: 3.795 Thread 0x00000237a78c0bc0 Unloading class 0x00000237c01ac800 'java/lang/invoke/LambdaForm$MH+0x00000237c01ac800'
Event: 3.795 Thread 0x00000237a78c0bc0 Unloading class 0x00000237c01ac400 'java/lang/invoke/LambdaForm$MH+0x00000237c01ac400'
Event: 3.795 Thread 0x00000237a78c0bc0 Unloading class 0x00000237c01ac000 'java/lang/invoke/LambdaForm$BMH+0x00000237c01ac000'
Event: 3.795 Thread 0x00000237a78c0bc0 Unloading class 0x00000237c01abc00 'java/lang/invoke/LambdaForm$DMH+0x00000237c01abc00'
Event: 3.795 Thread 0x00000237a78c0bc0 Unloading class 0x00000237c01aa800 'java/lang/invoke/LambdaForm$DMH+0x00000237c01aa800'

Classes redefined (0 events):
No events

Internal exceptions (20 events):
Event: 36.859 Thread 0x0000023807f631b0 Exception <a 'sun/nio/fs/WindowsException'{0x00000000d56f0f38}> (0x00000000d56f0f38) 
thrown [s\src\hotspot\share\prims\jni.cpp, line 520]
Event: 36.859 Thread 0x0000023807f631b0 Exception <a 'sun/nio/fs/WindowsException'{0x00000000d56f1a58}> (0x00000000d56f1a58) 
thrown [s\src\hotspot\share\prims\jni.cpp, line 520]
Event: 36.859 Thread 0x0000023807f631b0 Exception <a 'sun/nio/fs/WindowsException'{0x00000000d56f2fd0}> (0x00000000d56f2fd0) 
thrown [s\src\hotspot\share\prims\jni.cpp, line 520]
Event: 36.859 Thread 0x0000023807f631b0 Exception <a 'sun/nio/fs/WindowsException'{0x00000000d56f38b0}> (0x00000000d56f38b0) 
thrown [s\src\hotspot\share\prims\jni.cpp, line 520]
Event: 36.860 Thread 0x0000023807f631b0 Exception <a 'sun/nio/fs/WindowsException'{0x00000000d56f5320}> (0x00000000d56f5320) 
thrown [s\src\hotspot\share\prims\jni.cpp, line 520]
Event: 36.860 Thread 0x0000023807f631b0 Exception <a 'sun/nio/fs/WindowsException'{0x00000000d56f60b8}> (0x00000000d56f60b8) 
thrown [s\src\hotspot\share\prims\jni.cpp, line 520]
Event: 36.866 Thread 0x0000023807f631b0 Exception <a 'sun/nio/fs/WindowsException'{0x00000000d571d168}> (0x00000000d571d168) 
thrown [s\src\hotspot\share\prims\jni.cpp, line 520]
Event: 36.866 Thread 0x0000023807f631b0 Exception <a 'sun/nio/fs/WindowsException'{0x00000000d571e158}> (0x00000000d571e158) 
thrown [s\src\hotspot\share\prims\jni.cpp, line 520]
Event: 36.866 Thread 0x0000023807f631b0 Exception <a 'sun/nio/fs/WindowsException'{0x00000000d571f978}> (0x00000000d571f978) 
thrown [s\src\hotspot\share\prims\jni.cpp, line 520]
Event: 36.867 Thread 0x0000023807f631b0 Exception <a 'sun/nio/fs/WindowsException'{0x00000000d5720498}> (0x00000000d5720498) 
thrown [s\src\hotspot\share\prims\jni.cpp, line 520]
Event: 36.867 Thread 0x0000023807f631b0 Exception <a 'sun/nio/fs/WindowsException'{0x00000000d5721a20}> (0x00000000d5721a20) 
thrown [s\src\hotspot\share\prims\jni.cpp, line 520]
Event: 36.867 Thread 0x0000023807f631b0 Exception <a 'sun/nio/fs/WindowsException'{0x00000000d5722300}> (0x00000000d5722300) 
thrown [s\src\hotspot\share\prims\jni.cpp, line 520]
Event: 36.867 Thread 0x0000023807f631b0 Exception <a 'sun/nio/fs/WindowsException'{0x00000000d5723d70}> (0x00000000d5723d70) 
thrown [s\src\hotspot\share\prims\jni.cpp, line 520]
Event: 36.867 Thread 0x0000023807f631b0 Exception <a 'sun/nio/fs/WindowsException'{0x00000000d5724b08}> (0x00000000d5724b08) 
thrown [s\src\hotspot\share\prims\jni.cpp, line 520]
Event: 36.868 Thread 0x0000023807f631b0 Exception <a 'sun/nio/fs/WindowsException'{0x00000000d5726058}> (0x00000000d5726058) 
thrown [s\src\hotspot\share\prims\jni.cpp, line 520]
Event: 36.868 Thread 0x0000023807f631b0 Exception <a 'sun/nio/fs/WindowsException'{0x00000000d5726e28}> (0x00000000d5726e28) 
thrown [s\src\hotspot\share\prims\jni.cpp, line 520]
Event: 36.868 Thread 0x0000023807f631b0 Exception <a 'sun/nio/fs/WindowsException'{0x00000000d5728688}> (0x00000000d5728688) 
thrown [s\src\hotspot\share\prims\jni.cpp, line 520]
Event: 36.868 Thread 0x0000023807f631b0 Exception <a 'sun/nio/fs/WindowsException'{0x00000000d57291e8}> (0x00000000d57291e8) 
thrown [s\src\hotspot\share\prims\jni.cpp, line 520]
Event: 36.868 Thread 0x0000023807f631b0 Exception <a 'sun/nio/fs/WindowsException'{0x00000000d572a750}> (0x00000000d572a750) 
thrown [s\src\hotspot\share\prims\jni.cpp, line 520]
Event: 36.868 Thread 0x0000023807f631b0 Exception <a 'sun/nio/fs/WindowsException'{0x00000000d572b270}> (0x00000000d572b270) 
thrown [s\src\hotspot\share\prims\jni.cpp, line 520]

ZGC Phase Switch (0 events):
No events

VM Operations (20 events):
Event: 32.496 Executing VM operation: HandshakeAllThreads (Deoptimize) done
Event: 32.503 Executing VM operation: HandshakeAllThreads (Deoptimize)
Event: 32.503 Executing VM operation: HandshakeAllThreads (Deoptimize) done
Event: 32.570 Executing VM operation: HandshakeAllThreads (Deoptimize)
Event: 32.570 Executing VM operation: HandshakeAllThreads (Deoptimize) done
Event: 32.611 Executing VM operation: HandshakeAllThreads (Deoptimize)
Event: 32.611 Executing VM operation: HandshakeAllThreads (Deoptimize) done
Event: 32.617 Executing VM operation: HandshakeAllThreads (Deoptimize)
Event: 32.618 Executing VM operation: HandshakeAllThreads (Deoptimize) done
Event: 32.623 Executing VM operation: HandshakeAllThreads (Deoptimize)
Event: 32.623 Executing VM operation: HandshakeAllThreads (Deoptimize) done
Event: 32.624 Executing VM operation: ParallelGCFailedAllocation (Allocation Failure)
Event: 32.626 Executing VM operation: ParallelGCFailedAllocation (Allocation Failure) done
Event: 33.633 Executing VM operation: Cleanup
Event: 33.633 Executing VM operation: Cleanup done
Event: 34.646 Executing VM operation: Cleanup
Event: 34.646 Executing VM operation: Cleanup done
Event: 37.151 Executing VM operation: ParallelGCFailedAllocation (Allocation Failure)
Event: 37.155 Executing VM operation: ParallelGCFailedAllocation (Allocation Failure) done
Event: 38.167 Executing VM operation: Cleanup

Memory protections (0 events):
No events

Nmethod flushes (20 events):
Event: 11.064 Thread 0x00000237a78c0bc0 flushing  nmethod 0x00000237ab45e210
Event: 11.064 Thread 0x00000237a78c0bc0 flushing  nmethod 0x00000237ab46c310
Event: 11.064 Thread 0x00000237a78c0bc0 flushing  nmethod 0x00000237ab46c910
Event: 11.064 Thread 0x00000237a78c0bc0 flushing  nmethod 0x00000237ab46e090
Event: 11.064 Thread 0x00000237a78c0bc0 flushing  nmethod 0x00000237ab46ea90
Event: 11.064 Thread 0x00000237a78c0bc0 flushing osr nmethod 0x00000237ab47ce10
Event: 11.064 Thread 0x00000237a78c0bc0 flushing  nmethod 0x00000237ab481690
Event: 11.064 Thread 0x00000237a78c0bc0 flushing  nmethod 0x00000237ab4a9d10
Event: 11.064 Thread 0x00000237a78c0bc0 flushing  nmethod 0x00000237ab4b8110
Event: 11.064 Thread 0x00000237a78c0bc0 flushing  nmethod 0x00000237ab4b9010
Event: 11.064 Thread 0x00000237a78c0bc0 flushing  nmethod 0x00000237ab4c9610
Event: 11.064 Thread 0x00000237a78c0bc0 flushing  nmethod 0x00000237ab4ccb10
Event: 11.064 Thread 0x00000237a78c0bc0 flushing  nmethod 0x00000237ab4cd210
Event: 11.064 Thread 0x00000237a78c0bc0 flushing  nmethod 0x00000237ab4cd990
Event: 11.064 Thread 0x00000237a78c0bc0 flushing  nmethod 0x00000237ab4cdf90
Event: 11.064 Thread 0x00000237a78c0bc0 flushing  nmethod 0x00000237ab4ce410
Event: 11.064 Thread 0x00000237a78c0bc0 flushing  nmethod 0x00000237ab4d2790
Event: 11.064 Thread 0x00000237a78c0bc0 flushing  nmethod 0x00000237ab4dc390
Event: 11.064 Thread 0x00000237a78c0bc0 flushing  nmethod 0x00000237ab4feb90
Event: 11.064 Thread 0x00000237a78c0bc0 flushing  nmethod 0x00000237ab55c210

Events (20 events):
Event: 25.834 Thread 0x0000023805cec230 Thread added: 0x0000023805ceae80
Event: 25.834 Thread 0x00000238061cc410 Thread added: 0x0000023805ced5e0
Event: 25.835 Thread 0x0000023805ceae80 Thread added: 0x0000023807f65280
Event: 25.835 Thread 0x0000023805ced5e0 Thread added: 0x0000023807f65910
Event: 25.844 Thread 0x00000237a7901410 Thread added: 0x00000238107796c0
Event: 25.917 Thread 0x00000237a7901410 Thread added: 0x000002381077bfa0
Event: 31.322 Thread 0x0000023807f65910 Thread added: 0x0000023807f67350
Event: 32.236 Thread 0x0000023805cec230 Thread added: 0x0000023807f69420
Event: 32.239 Thread 0x0000023807f69420 Thread added: 0x0000023807f66630
Event: 32.414 Thread 0x0000023807f66630 Thread added: 0x0000023807f679e0
Event: 32.420 Thread 0x0000023807f66630 Thread added: 0x000002380ef5aaa0
Event: 32.570 Thread 0x0000023807f66630 Thread added: 0x000002380ef5e5b0
Event: 32.627 Thread 0x000002380ef5e5b0 Thread added: 0x000002380ef5c4e0
Event: 33.083 Thread 0x000002381077bfa0 Thread exited: 0x000002381077bfa0
Event: 33.089 Thread 0x00000238107796c0 Thread exited: 0x00000238107796c0
Event: 34.402 Thread 0x0000023807f66630 Thread added: 0x000002380ef5d890
Event: 34.403 Thread 0x000002380ef5c4e0 Thread exited: 0x000002380ef5c4e0
Event: 34.407 Thread 0x000002380ef5d890 Thread exited: 0x000002380ef5d890
Event: 34.418 Thread 0x000002380ef5e5b0 Thread exited: 0x000002380ef5e5b0
Event: 36.848 Thread 0x00000237a7901410 Thread added: 0x000002381077cd40


Dynamic libraries:
0x00007ff6c27a0000 - 0x00007ff6c27ae000 	c:\Users\Aniket.Patil\.vscode\extensions\redhat.java-1.50.0-win32-x64\jre\21.0.9-win32-x86_64\bin\java.exe
0x00007ffc4ca80000 - 0x00007ffc4cce8000 	C:\windows\SYSTEM32\ntdll.dll
0x00007ffc4b4d0000 - 0x00007ffc4b599000 	C:\windows\System32\KERNEL32.DLL
0x00007ffc49c00000 - 0x00007ffc49ff8000 	C:\windows\System32\KERNELBASE.dll
0x00007ffc4a2f0000 - 0x00007ffc4a43b000 	C:\windows\System32\ucrtbase.dll
0x00007ffc2b3e0000 - 0x00007ffc2b3fe000 	c:\Users\Aniket.Patil\.vscode\extensions\redhat.java-1.50.0-win32-x64\jre\21.0.9-win32-x86_64\bin\VCRUNTIME140.dll
0x00007ffc1dfc0000 - 0x00007ffc1dfd8000 	c:\Users\Aniket.Patil\.vscode\extensions\redhat.java-1.50.0-win32-x64\jre\21.0.9-win32-x86_64\bin\jli.dll
0x00007ffc4afb0000 - 0x00007ffc4b177000 	C:\windows\System32\USER32.dll
0x00007ffc2f5f0000 - 0x00007ffc2f884000 	C:\windows\WinSxS\amd64_microsoft.windows.common-controls_6595b64144ccf1df_6.0.26100.7019_none_3e06ffa0e335b8a8\COMCTL32.dll
0x00007ffc4b280000 - 0x00007ffc4b329000 	C:\windows\System32\msvcrt.dll
0x00007ffc49bd0000 - 0x00007ffc49bf7000 	C:\windows\System32\win32u.dll
0x00007ffc4b6c0000 - 0x00007ffc4b6eb000 	C:\windows\System32\GDI32.dll
0x00007ffc4a5b0000 - 0x00007ffc4a6dc000 	C:\windows\System32\gdi32full.dll
0x00007ffc4a180000 - 0x00007ffc4a223000 	C:\windows\System32\msvcp_win.dll
0x00007ffc4ad50000 - 0x00007ffc4ad81000 	C:\windows\System32\IMM32.DLL
0x00007ffc368e0000 - 0x00007ffc368ec000 	c:\Users\Aniket.Patil\.vscode\extensions\redhat.java-1.50.0-win32-x64\jre\21.0.9-win32-x86_64\bin\vcruntime140_1.dll
0x00007ffbf86b0000 - 0x00007ffbf873d000 	c:\Users\Aniket.Patil\.vscode\extensions\redhat.java-1.50.0-win32-x64\jre\21.0.9-win32-x86_64\bin\msvcp140.dll
0x00007ffba1030000 - 0x00007ffba1dd0000 	c:\Users\Aniket.Patil\.vscode\extensions\redhat.java-1.50.0-win32-x64\jre\21.0.9-win32-x86_64\bin\server\jvm.dll
0x00007ffc4b330000 - 0x00007ffc4b3e4000 	C:\windows\System32\ADVAPI32.dll
0x00007ffc4a8b0000 - 0x00007ffc4a956000 	C:\windows\System32\sechost.dll
0x00007ffc4b8a0000 - 0x00007ffc4b9b8000 	C:\windows\System32\RPCRT4.dll
0x00007ffc4b700000 - 0x00007ffc4b774000 	C:\windows\System32\WS2_32.dll
0x00007ffc49a30000 - 0x00007ffc49a8e000 	C:\windows\SYSTEM32\POWRPROF.dll
0x00007ffc3f980000 - 0x00007ffc3f9b5000 	C:\windows\SYSTEM32\WINMM.dll
0x00007ffc38890000 - 0x00007ffc3889b000 	C:\windows\SYSTEM32\VERSION.dll
0x00007ffc49a10000 - 0x00007ffc49a24000 	C:\windows\SYSTEM32\UMPDC.dll
0x00007ffc48820000 - 0x00007ffc4883b000 	C:\windows\SYSTEM32\kernel.appcore.dll
0x00007ffc2b020000 - 0x00007ffc2b02a000 	c:\Users\Aniket.Patil\.vscode\extensions\redhat.java-1.50.0-win32-x64\jre\21.0.9-win32-x86_64\bin\jimage.dll
0x00007ffc46ec0000 - 0x00007ffc47102000 	C:\windows\SYSTEM32\DBGHELP.DLL
0x00007ffc4bac0000 - 0x00007ffc4be4b000 	C:\windows\System32\combase.dll
0x00007ffc4b3f0000 - 0x00007ffc4b4c7000 	C:\windows\System32\OLEAUT32.dll
0x00007ffc2cf70000 - 0x00007ffc2cfac000 	C:\windows\SYSTEM32\dbgcore.DLL
0x00007ffc4a6e0000 - 0x00007ffc4a785000 	C:\windows\System32\bcryptPrimitives.dll
0x00007ffc2b010000 - 0x00007ffc2b01f000 	c:\Users\Aniket.Patil\.vscode\extensions\redhat.java-1.50.0-win32-x64\jre\21.0.9-win32-x86_64\bin\instrument.dll
0x00007ffc1e050000 - 0x00007ffc1e070000 	c:\Users\Aniket.Patil\.vscode\extensions\redhat.java-1.50.0-win32-x64\jre\21.0.9-win32-x86_64\bin\java.dll
0x00007ffc4be50000 - 0x00007ffc4c59f000 	C:\windows\System32\SHELL32.dll
0x00007ffc4a440000 - 0x00007ffc4a5ab000 	C:\windows\System32\wintypes.dll
0x00007ffc47480000 - 0x00007ffc47cdd000 	C:\windows\SYSTEM32\windows.storage.dll
0x00007ffc4b9c0000 - 0x00007ffc4bab2000 	C:\windows\System32\SHCORE.dll
0x00007ffc4b180000 - 0x00007ffc4b1e7000 	C:\windows\System32\shlwapi.dll
0x00007ffc49af0000 - 0x00007ffc49b19000 	C:\windows\SYSTEM32\profapi.dll
0x00007ffc1e030000 - 0x00007ffc1e048000 	c:\Users\Aniket.Patil\.vscode\extensions\redhat.java-1.50.0-win32-x64\jre\21.0.9-win32-x86_64\bin\zip.dll
0x00007ffc1d560000 - 0x00007ffc1d570000 	C:\Users\Aniket.Patil\.vscode\extensions\redhat.java-1.50.0-win32-x64\jre\21.0.9-win32-x86_64\bin\net.dll
0x00007ffc48840000 - 0x00007ffc48968000 	C:\windows\SYSTEM32\WINHTTP.dll
0x00007ffc48ea0000 - 0x00007ffc48f0b000 	C:\windows\system32\mswsock.dll
0x00007ffc1ccb0000 - 0x00007ffc1ccc6000 	C:\Users\Aniket.Patil\.vscode\extensions\redhat.java-1.50.0-win32-x64\jre\21.0.9-win32-x86_64\bin\nio.dll
0x00007ffc1d4c0000 - 0x00007ffc1d4d0000 	c:\Users\Aniket.Patil\.vscode\extensions\redhat.java-1.50.0-win32-x64\jre\21.0.9-win32-x86_64\bin\verify.dll
0x00007ffc01590000 - 0x00007ffc015d4000 	C:\Users\Aniket.Patil\AppData\Roaming\Code\User\globalStorage\redhat.java\1.50.0\config_win\org.eclipse.equinox.launcher\org.eclipse.equinox.launcher.win32.win32.x86_64_1.2.1400.v20250801-0854\eclipse_11916.dll
0x00007ffc4ae10000 - 0x00007ffc4afa7000 	C:\windows\System32\ole32.dll
0x00007ffc49290000 - 0x00007ffc492ab000 	C:\windows\SYSTEM32\CRYPTSP.dll
0x00007ffc48780000 - 0x00007ffc487ba000 	C:\windows\system32\rsaenh.dll
0x00007ffc48f50000 - 0x00007ffc48f7b000 	C:\windows\SYSTEM32\USERENV.dll
0x00007ffc49ac0000 - 0x00007ffc49aea000 	C:\windows\SYSTEM32\bcrypt.dll
0x00007ffc490f0000 - 0x00007ffc490fc000 	C:\windows\SYSTEM32\CRYPTBASE.dll
0x00007ffc47fb0000 - 0x00007ffc47fe4000 	C:\windows\SYSTEM32\IPHLPAPI.DLL
0x00007ffc4b5f0000 - 0x00007ffc4b5fa000 	C:\windows\System32\NSI.dll
0x00007ffc0dac0000 - 0x00007ffc0db09000 	C:\Users\Aniket.Patil\AppData\Local\Temp\jna-1616331286\jna17747164831893436353.dll
0x00007ffc4b6f0000 - 0x00007ffc4b6f8000 	C:\windows\System32\PSAPI.DLL
0x00007ffc43d90000 - 0x00007ffc43dae000 	C:\windows\SYSTEM32\dhcpcsvc6.DLL
0x00007ffc43d60000 - 0x00007ffc43d83000 	C:\windows\SYSTEM32\dhcpcsvc.DLL
0x00007ffc1cae0000 - 0x00007ffc1cae9000 	C:\Users\Aniket.Patil\.vscode\extensions\redhat.java-1.50.0-win32-x64\jre\21.0.9-win32-x86_64\bin\extnet.dll

JVMTI agents:
c:\Users\Aniket.Patil\.vscode\extensions\redhat.java-1.50.0-win32-x64\lombok\lombok-1.18.39-4050.jar path:c:\Users\Aniket.Patil\.vscode\extensions\redhat.java-1.50.0-win32-x64\jre\21.0.9-win32-x86_64\bin\instrument.dll, loaded, initialized, instrumentlib options:none

dbghelp: loaded successfully - version: 4.0.5 - missing functions: none
symbol engine: initialized successfully - sym options: 0x614 - pdb path: .;c:\Users\Aniket.Patil\.vscode\extensions\redhat.java-1.50.0-win32-x64\jre\21.0.9-win32-x86_64\bin;C:\windows\SYSTEM32;C:\windows\WinSxS\amd64_microsoft.windows.common-controls_6595b64144ccf1df_6.0.26100.7019_none_3e06ffa0e335b8a8;c:\Users\Aniket.Patil\.vscode\extensions\redhat.java-1.50.0-win32-x64\jre\21.0.9-win32-x86_64\bin\server;C:\Users\Aniket.Patil\AppData\Roaming\Code\User\globalStorage\redhat.java\1.50.0\config_win\org.eclipse.equinox.launcher\org.eclipse.equinox.launcher.win32.win32.x86_64_1.2.1400.v20250801-0854;C:\Users\Aniket.Patil\AppData\Local\Temp\jna-1616331286

VM Arguments:
jvm_args: --add-modules=ALL-SYSTEM --add-opens=java.base/java.util=ALL-UNNAMED --add-opens=java.base/java.lang=ALL-UNNAMED --add-opens=java.base/sun.nio.fs=ALL-UNNAMED -Declipse.application=org.eclipse.jdt.ls.core.id1 -Dosgi.bundles.defaultStartLevel=4 -Declipse.product=org.eclipse.jdt.ls.core.product -Djava.import.generatesMetadataFilesAtProjectRoot=false -DDetectVMInstallationsJob.disabled=true -Dfile.encoding=utf8 -XX:+UseParallelGC -XX:GCTimeRatio=4 -XX:AdaptiveSizePolicyWeight=90 -Dsun.zip.disableMemoryMapping=true -Xmx2G -Xms100m -Xlog:disable -javaagent:c:\Users\Aniket.Patil\.vscode\extensions\redhat.java-1.50.0-win32-x64\lombok\lombok-1.18.39-4050.jar -XX:+HeapDumpOnOutOfMemoryError -XX:HeapDumpPath=c:\Users\Aniket.Patil\AppData\Roaming\Code\User\workspaceStorage\e8b652bc64e2858438f55a4a76d67bd4\redhat.java -Daether.dependencyCollector.impl=bf 
java_command: c:\Users\Aniket.Patil\.vscode\extensions\redhat.java-1.50.0-win32-x64\server\plugins\org.eclipse.equinox.launcher_1.7.100.v20251111-0406.jar -configuration c:\Users\Aniket.Patil\AppData\Roaming\Code\User\globalStorage\redhat.java\1.50.0\config_win -data c:\Users\Aniket.Patil\AppData\Roaming\Code\User\workspaceStorage\e8b652bc64e2858438f55a4a76d67bd4\redhat.java\jdt_ws --pipe=\\.\pipe\lsp-853992498d5fa3a8a9fdbef679878d6c-sock
java_class_path (initial): c:\Users\Aniket.Patil\.vscode\extensions\redhat.java-1.50.0-win32-x64\server\plugins\org.eclipse.equinox.launcher_1.7.100.v20251111-0406.jar
Launcher Type: SUN_STANDARD

[Global flags]
    uintx AdaptiveSizePolicyWeight                 = 90                                        {product} {command line}
     intx CICompilerCount                          = 4                                         {product} {ergonomic}
    uintx GCTimeRatio                              = 4                                         {product} {command line}
     bool HeapDumpOnOutOfMemoryError               = true                                   {manageable} {command line}
    ccstr HeapDumpPath                             = c:\Users\Aniket.Patil\AppData\Roaming\Code\User\workspaceStorage\e8b652bc64e2858438f55a4a76d67bd4\redhat.java         {manageable} {command line}
   size_t InitialHeapSize                          = 104857600                                 {product} {command line}
   size_t MaxHeapSize                              = 2147483648                                {product} {command line}
   size_t MaxNewSize                               = 715653120                                 {product} {ergonomic}
   size_t MinHeapDeltaBytes                        = 524288                                    {product} {ergonomic}
   size_t MinHeapSize                              = 104857600                                 {product} {command line}
   size_t NewSize                                  = 34603008                                  {product} {ergonomic}
    uintx NonNMethodCodeHeapSize                   = 5839372                                {pd product} {ergonomic}
    uintx NonProfiledCodeHeapSize                  = 122909434                              {pd product} {ergonomic}
   size_t OldSize                                  = 70254592                                  {product} {ergonomic}
    uintx ProfiledCodeHeapSize                     = 122909434                              {pd product} {ergonomic}
    uintx ReservedCodeCacheSize                    = 251658240                              {pd product} {ergonomic}
     bool SegmentedCodeCache                       = true                                      {product} {ergonomic}
   size_t SoftMaxHeapSize                          = 2147483648                             {manageable} {ergonomic}
     bool UseCompressedOops                        = true                           {product lp64_product} {ergonomic}
     bool UseLargePagesIndividualAllocation        = false                                  {pd product} {ergonomic}
     bool UseParallelGC                            = true                                      {product} {command line}

Logging:
Log output configuration:
 #0: stdout all=off uptime,level,tags foldmultilines=false
 #1: stderr all=off uptime,level,tags foldmultilines=false

Release file:
JAVA_VERSION="21.0.9" 
MODULES="java.base java.compiler java.datatransfer java.xml java.prefs java.desktop java.instrument java.logging java.management java.security.sasl java.naming java.rmi java.management.rmi java.net.http java.scripting java.security.jgss java.transaction.xa java.sql java.sql.rowset java.xml.crypto java.se java.smartcardio jdk.accessibility jdk.internal.jvmstat jdk.attach jdk.charsets jdk.internal.opt jdk.zipfs jdk.compiler jdk.crypto.ec jdk.crypto.cryptoki jdk.crypto.mscapi jdk.dynalink jdk.internal.ed jdk.editpad jdk.hotspot.agent jdk.httpserver jdk.internal.le jdk.internal.vm.ci jdk.internal.vm.compiler jdk.internal.vm.compiler.management jdk.jartool jdk.javadoc jdk.jcmd jdk.management jdk.management.agent jdk.jconsole jdk.jdeps jdk.jdwp.agent jdk.jdi jdk.jfr jdk.jshell jdk.jsobject jdk.jstatd jdk.localedata jdk.management.jfr jdk.naming.dns jdk.naming.rmi jdk.net jdk.nio.mapmode jdk.random jdk.sctp jdk.security.auth jdk.security.jgss jdk.unsupported jdk.unsupported.desktop jdk.xml.dom" 

Environment Variables:
JAVA_HOME=C:\Program Files\Java\jdk-21
PATH=C:\Windows\System32;C:\Program Files\Java\jdk-21\bin;C:\Windows\System32\Wbem;C:\Windows;C:\Program Files\dotnet\;C:\Program Files\Amazon\AWSCLI\bin\;C:\Users\Aniket.Patil\Downloads\apache-maven-3.9.11\apache-maven-3.9.11\bin;C:\Program Files\nodejs\;C:\Program Files\MySQL\MySQL Shell 8.0\bin\;C:\Users\Aniket.Patil\AppData\Local\Microsoft\WindowsApps;C:\Users\Aniket.Patil\AppData\Local\Programs\Microsoft VS Code\bin;C:\Users\Aniket.Patil\AppData\Local\Programs\Git\cmd;C:\Users\Aniket.Patil\Downloads\apache-maven-3.9.11\apache-maven-3.9.11\bin;C:\Users\Aniket.Patil\AppData\Roaming\npm
USERNAME=Aniket.Patil
OS=Windows_NT
PROCESSOR_IDENTIFIER=Intel64 Family 6 Model 140 Stepping 1, GenuineIntel
TMP=C:\Users\ANIKET~1.PAT\AppData\Local\Temp
TEMP=C:\Users\ANIKET~1.PAT\AppData\Local\Temp




Periodic native trim disabled

---------------  S Y S T E M  ---------------

OS:
 Windows 11 , 64 bit Build 26100 (10.0.26100.7019)
OS uptime: 9 days 7:51 hours
Hyper-V role detected

CPU: total 8 (initial active 8) (4 cores per cpu, 2 threads per core) family 6 model 140 stepping 1 microcode 0xbc, cx8, cmov, fxsr, ht, mmx, 3dnowpref, sse, sse2, sse3, ssse3, sse4.1, sse4.2, popcnt, lzcnt, tsc, tscinvbit, avx, avx2, aes, erms, clmul, bmi1, bmi2, adx, avx512f, avx512dq, avx512cd, avx512bw, avx512vl, sha, fma, vzeroupper, avx512_vpopcntdq, avx512_vpclmulqdq, avx512_vaes, avx512_vnni, clflush, clflushopt, clwb, avx512_vbmi2, avx512_vbmi, hv, rdtscp, rdpid, fsrm, gfni, avx512_bitalg, f16c, cet_ibt, cet_ss, avx512_ifma
Processor Information for the first 8 processors :
  Max Mhz: 1382, Current Mhz: 1382, Mhz Limit: 1382

Memory: 4k page, system-wide physical 16126M (701M free)
TotalPageFile size 28414M (AvailPageFile size 21M)
current process WorkingSet (physical memory assigned to process): 726M, peak: 755M
current process commit charge ("private bytes"): 807M, peak: 827M

vm_info: OpenJDK 64-Bit Server VM (21.0.9+10-LTS) for windows-amd64 JRE (21.0.9+10-LTS), built on 2025-10-21T00:00:00Z by "admin" with unknown MS VC++:1942

END.
